Archive member included because of file (symbol)

C:\Users\Administrator\AppData\Local\Temp\VMBuilds\STM32_LORA_GS100_V1.0.2_alpha\stm32_genericSTM32F103C\Release/core.a(exc.S.o)
                              (__exc_hardfault)
C:\Users\Administrator\AppData\Local\Temp\VMBuilds\STM32_LORA_GS100_V1.0.2_alpha\stm32_genericSTM32F103C\Release/core.a(isrs.S.o)
                              (__stm32reservedexception7)
C:\Users\Administrator\AppData\Local\Temp\VMBuilds\STM32_LORA_GS100_V1.0.2_alpha\stm32_genericSTM32F103C\Release/core.a(vector_table.S.o)
                              (__stm32_vector_table)
C:\Users\Administrator\AppData\Local\Temp\VMBuilds\STM32_LORA_GS100_V1.0.2_alpha\stm32_genericSTM32F103C\Release/core.a(adc.c.o)
                              C:\Users\Administrator\AppData\Local\Temp\VMBCore\arduino16x\2752fd7be5c089007b9fd13dbb2a4e79\variant\boards.cpp.o (adc_set_sample_rate)
C:\Users\Administrator\AppData\Local\Temp\VMBuilds\STM32_LORA_GS100_V1.0.2_alpha\stm32_genericSTM32F103C\Release/core.a(adc_f1.c.o)
                              C:\Users\Administrator\AppData\Local\Temp\VMBCore\arduino16x\2752fd7be5c089007b9fd13dbb2a4e79\variant\boards.cpp.o (adc_set_prescaler)
C:\Users\Administrator\AppData\Local\Temp\VMBuilds\STM32_LORA_GS100_V1.0.2_alpha\stm32_genericSTM32F103C\Release/core.a(bkp_f1.c.o)
                              STM32_LORA_GS100_V1.0.2_alpha.cpp.o (bkp_init)
C:\Users\Administrator\AppData\Local\Temp\VMBuilds\STM32_LORA_GS100_V1.0.2_alpha\stm32_genericSTM32F103C\Release/core.a(flash.c.o)
                              C:\Users\Administrator\AppData\Local\Temp\VMBCore\arduino16x\2752fd7be5c089007b9fd13dbb2a4e79\variant\boards.cpp.o (flash_set_latency)
C:\Users\Administrator\AppData\Local\Temp\VMBuilds\STM32_LORA_GS100_V1.0.2_alpha\stm32_genericSTM32F103C\Release/core.a(gpio_f1.c.o)
                              C:\Users\Administrator\AppData\Local\Temp\VMBCore\arduino16x\2752fd7be5c089007b9fd13dbb2a4e79\variant\boards_setup.cpp.o (gpio_init_all)
C:\Users\Administrator\AppData\Local\Temp\VMBuilds\STM32_LORA_GS100_V1.0.2_alpha\stm32_genericSTM32F103C\Release/core.a(nvic.c.o)
                              C:\Users\Administrator\AppData\Local\Temp\VMBCore\arduino16x\2752fd7be5c089007b9fd13dbb2a4e79\variant\boards.cpp.o (nvic_init)
C:\Users\Administrator\AppData\Local\Temp\VMBuilds\STM32_LORA_GS100_V1.0.2_alpha\stm32_genericSTM32F103C\Release/core.a(rcc.c.o)
                              C:\Users\Administrator\AppData\Local\Temp\VMBCore\arduino16x\2752fd7be5c089007b9fd13dbb2a4e79\variant\boards.cpp.o (rcc_switch_sysclk)
C:\Users\Administrator\AppData\Local\Temp\VMBuilds\STM32_LORA_GS100_V1.0.2_alpha\stm32_genericSTM32F103C\Release/core.a(rcc_f1.c.o)
                              C:\Users\Administrator\AppData\Local\Temp\VMBCore\arduino16x\2752fd7be5c089007b9fd13dbb2a4e79\variant\boards.cpp.o (rcc_configure_pll)
C:\Users\Administrator\AppData\Local\Temp\VMBuilds\STM32_LORA_GS100_V1.0.2_alpha\stm32_genericSTM32F103C\Release/core.a(systick.c.o)
                              C:\Users\Administrator\AppData\Local\Temp\VMBCore\arduino16x\2752fd7be5c089007b9fd13dbb2a4e79\variant\boards.cpp.o (systick_init)
C:\Users\Administrator\AppData\Local\Temp\VMBuilds\STM32_LORA_GS100_V1.0.2_alpha\stm32_genericSTM32F103C\Release/core.a(timer.c.o)
                              C:\Users\Administrator\AppData\Local\Temp\VMBCore\arduino16x\2752fd7be5c089007b9fd13dbb2a4e79\variant\boards.cpp.o (timer_foreach)
C:\Users\Administrator\AppData\Local\Temp\VMBuilds\STM32_LORA_GS100_V1.0.2_alpha\stm32_genericSTM32F103C\Release/core.a(usart_f1.c.o)
                              C:\Users\Administrator\AppData\Local\Temp\VMBCore\arduino16x\2752fd7be5c089007b9fd13dbb2a4e79\variant\board.cpp.o (USART3)
C:\Users\Administrator\AppData\Local\Temp\VMBuilds\STM32_LORA_GS100_V1.0.2_alpha\stm32_genericSTM32F103C\Release/core.a(usart_private.c.o)
                              C:\Users\Administrator\AppData\Local\Temp\VMBuilds\STM32_LORA_GS100_V1.0.2_alpha\stm32_genericSTM32F103C\Release/core.a(usart_f1.c.o) (_usart_clock_freq)
C:\Users\Administrator\AppData\Local\Temp\VMBuilds\STM32_LORA_GS100_V1.0.2_alpha\stm32_genericSTM32F103C\Release/core.a(util.c.o)
                              C:\Users\Administrator\AppData\Local\Temp\VMBuilds\STM32_LORA_GS100_V1.0.2_alpha\stm32_genericSTM32F103C\Release/core.a(exc.S.o) (__error)
C:\Users\Administrator\AppData\Local\Temp\VMBuilds\STM32_LORA_GS100_V1.0.2_alpha\stm32_genericSTM32F103C\Release/core.a(HardwareSerial.cpp.o)
                              Command_Analysis.cpp.o (HardwareSerial::read())
C:\Users\Administrator\AppData\Local\Temp\VMBuilds\STM32_LORA_GS100_V1.0.2_alpha\stm32_genericSTM32F103C\Release/core.a(HardwareTimer.cpp.o)
                              fun_periph.cpp.o (HardwareTimer::pause())
C:\Users\Administrator\AppData\Local\Temp\VMBuilds\STM32_LORA_GS100_V1.0.2_alpha\stm32_genericSTM32F103C\Release/core.a(main.cpp.o)
                              (main)
[...]
Memory Configuration

Name             Origin             Length             Attributes
ram              0x20000000         0x00005000         xrw
rom              0x08000000         0x00010000         xr
*default*        0x00000000         0xffffffff

Linker script and memory map

LOAD c:/users/administrator/appdata/local/arduino15/packages/arduino/tools/arm-none-eabi-gcc/4.8.3-2014q1/bin/../lib/gcc/arm-none-eabi/4.8.3/armv7-m/crti.o
LOAD c:/users/administrator/appdata/local/arduino15/packages/arduino/tools/arm-none-eabi-gcc/4.8.3-2014q1/bin/../lib/gcc/arm-none-eabi/4.8.3/armv7-m/crtbegin.o
LOAD c:/users/administrator/appdata/local/arduino15/packages/arduino/tools/arm-none-eabi-gcc/4.8.3-2014q1/bin/../lib/gcc/arm-none-eabi/4.8.3/../../../../arm-none-eabi/lib/armv7-m/crt0.o
LOAD c:/users/administrator/appdata/local/arduino15/packages/arduino/tools/arm-none-eabi-gcc/4.8.3-2014q1/bin/../lib/gcc/arm-none-eabi/4.8.3/armv7-m\libgcc.a
START GROUP
LOAD STM32_LORA_GS100_V1.0.2_alpha.cpp.o
LOAD pwr.c.o
LOAD RTClock.cpp.o
LOAD rtc_util.c.o
LOAD User_Clock.c.o
LOAD AT24CXX.cpp.o
LOAD BCD_CON.cpp.o
LOAD Command_Analysis.cpp.o
LOAD fun_periph.cpp.o
LOAD LoRa.cpp.o
LOAD Memory.cpp.o
LOAD private_i2c.cpp.o
LOAD Private_RTC.cpp.o
LOAD private_sensor.cpp.o
LOAD public.cpp.o
LOAD receipt.cpp.o
LOAD SHT1x.cpp.o
LOAD SoftwareI2C.cpp.o
LOAD User_CRC8.cpp.o
LOAD MAX44009\i2c.cpp.o
LOAD C:\Users\Administrator\AppData\Local\Temp\VMBCore\arduino16x\2752fd7be5c089007b9fd13dbb2a4e79\variant\board.cpp.o
LOAD C:\Users\Administrator\AppData\Local\Temp\VMBCore\arduino16x\2752fd7be5c089007b9fd13dbb2a4e79\variant\boards.cpp.o
LOAD C:\Users\Administrator\AppData\Local\Temp\VMBCore\arduino16x\2752fd7be5c089007b9fd13dbb2a4e79\variant\boards_setup.cpp.o
LOAD C:\Users\Administrator\AppData\Local\Temp\VMBCore\arduino16x\2752fd7be5c089007b9fd13dbb2a4e79\variant\start.S.o
LOAD C:\Users\Administrator\AppData\Local\Temp\VMBCore\arduino16x\2752fd7be5c089007b9fd13dbb2a4e79\variant\start_c.c.o
LOAD C:\Users\Administrator\AppData\Local\Temp\VMBCore\arduino16x\2752fd7be5c089007b9fd13dbb2a4e79\variant\syscalls.c.o
LOAD C:\Users\Administrator\AppData\Local\Temp\VMBuilds\STM32_LORA_GS100_V1.0.2_alpha\stm32_genericSTM32F103C\Release/core.a
END GROUP
LOAD c:/users/administrator/appdata/local/arduino15/packages/arduino/tools/arm-none-eabi-gcc/4.8.3-2014q1/bin/../lib/gcc/arm-none-eabi/4.8.3/../../../../arm-none-eabi/lib/armv7-m\libstdc++.a
LOAD c:/users/administrator/appdata/local/arduino15/packages/arduino/tools/arm-none-eabi-gcc/4.8.3-2014q1/bin/../lib/gcc/arm-none-eabi/4.8.3/../../../../arm-none-eabi/lib/armv7-m\libm.a
START GROUP
LOAD c:/users/administrator/appdata/local/arduino15/packages/arduino/tools/arm-none-eabi-gcc/4.8.3-2014q1/bin/../lib/gcc/arm-none-eabi/4.8.3/armv7-m\libgcc.a
LOAD c:/users/administrator/appdata/local/arduino15/packages/arduino/tools/arm-none-eabi-gcc/4.8.3-2014q1/bin/../lib/gcc/arm-none-eabi/4.8.3/../../../../arm-none-eabi/lib/armv7-m\libc.a
END GROUP
LOAD c:/users/administrator/appdata/local/arduino15/packages/arduino/tools/arm-none-eabi-gcc/4.8.3-2014q1/bin/../lib/gcc/arm-none-eabi/4.8.3/armv7-m/crtend.o
LOAD c:/users/administrator/appdata/local/arduino15/packages/arduino/tools/arm-none-eabi-gcc/4.8.3-2014q1/bin/../lib/gcc/arm-none-eabi/4.8.3/armv7-m/crtn.o
START GROUP
LOAD c:/users/administrator/appdata/local/arduino15/packages/arduino/tools/arm-none-eabi-gcc/4.8.3-2014q1/bin/../lib/gcc/arm-none-eabi/4.8.3/armv7-m\libgcc.a
LOAD c:/users/administrator/appdata/local/arduino15/packages/arduino/tools/arm-none-eabi-gcc/4.8.3-2014q1/bin/../lib/gcc/arm-none-eabi/4.8.3/../../../../arm-none-eabi/lib/armv7-m\libc.a
LOAD c:/users/administrator/appdata/local/arduino15/packages/arduino/tools/arm-none-eabi-gcc/4.8.3-2014q1/bin/../lib/gcc/arm-none-eabi/4.8.3/../../../../arm-none-eabi/lib/armv7-m\libm.a
END GROUP
START GROUP
LOAD c:/users/administrator/appdata/local/arduino15/packages/arduino/tools/arm-none-eabi-gcc/4.8.3-2014q1/bin/../lib/gcc/arm-none-eabi/4.8.3/../../../../arm-none-eabi/lib/armv7-m\libnosys.a
END GROUP
                0x20005000                PROVIDE (__msp_init, (ORIGIN (ram) + 0x5000))
                0x08003e64                PROVIDE (__exc_reset, __start__)

.text           0x08000000     0xbcc0
                0x08000000                __text_start__ = .
 *(.stm32.interrupt_vector)
 .stm32.interrupt_vector
                0x08000000       0xec C:\Users\Administrator\AppData\Local\Temp\VMBuilds\STM32_LORA_GS100_V1.0.2_alpha\stm32_genericSTM32F103C\Release/core.a(vector_table.S.o)
                0x08000000                __stm32_vector_table
 *(.text .text.* .gnu.linkonce.t.*)
 .text          0x080000ec       0x54 c:/users/administrator/appdata/local/arduino15/packages/arduino/tools/arm-none-eabi-gcc/4.8.3-2014q1/bin/../lib/gcc/arm-none-eabi/4.8.3/armv7-m/crtbegin.o
 .text._Z22Request_Access_Networkv
                0x08000140       0xf8 STM32_LORA_GS100_V1.0.2_alpha.cpp.o
                0x08000140                Request_Access_Network()
 .text._Z31Data_Communication_with_Gatewayv
                0x08000238       0x54 STM32_LORA_GS100_V1.0.2_alpha.cpp.o
                0x08000238                Data_Communication_with_Gateway()
 .text._Z5Sleepv
                0x0800028c       0xd0 STM32_LORA_GS100_V1.0.2_alpha.cpp.o
                0x0800028c                Sleep()
 .text._Z4loopv
                0x0800035c       0x24 STM32_LORA_GS100_V1.0.2_alpha.cpp.o
                0x0800035c                loop()
 .text._Z24Key_Reset_LoRa_Parameterv
                0x08000380       0x58 STM32_LORA_GS100_V1.0.2_alpha.cpp.o
                0x08000380                Key_Reset_LoRa_Parameter()
 .text._Z5setupv
                0x080003d8      0x1a4 STM32_LORA_GS100_V1.0.2_alpha.cpp.o
                0x080003d8                setup()
 .text.PWR_EnterSTANDBYMode
                0x0800057c       0x28 pwr.c.o
                0x0800057c                PWR_EnterSTANDBYMode
 .text.PWR_GetFlagStatus
                0x080005a4       0x14 pwr.c.o
                0x080005a4                PWR_GetFlagStatus
 .text.PWR_ClearFlag
                0x080005b8       0x10 pwr.c.o
                0x080005b8                PWR_ClearFlag
 .text._ZN7RTClockC2E11rtc_clk_srct
                0x080005c8       0x46 RTClock.cpp.o
                0x080005c8                RTClock::RTClock(rtc_clk_src, unsigned short)
                0x080005c8                RTClock::RTClock(rtc_clk_src, unsigned short)
 .text._ZN7RTClockC2E11rtc_clk_src
                0x0800060e       0x12 RTClock.cpp.o
                0x0800060e                RTClock::RTClock(rtc_clk_src)
                0x0800060e                RTClock::RTClock(rtc_clk_src)
 .text._ZN7RTClock7setTimeEl
                0x08000620        0x6 RTClock.cpp.o
                0x08000620                RTClock::setTime(long)
 .text._ZN7RTClock7getTimeEv
                0x08000626        0x4 RTClock.cpp.o
                0x08000626                RTClock::getTime()
 .text._ZN7RTClock11createAlarmEPFvvEl
                0x0800062a       0x16 RTClock.cpp.o
                0x0800062a                RTClock::createAlarm(void (*)(), long)
 .text.rtc_wait_finished
                0x08000640       0x1c rtc_util.c.o
 .text.rtc_wait_sync
                0x0800065c       0x1c rtc_util.c.o
 .text.rtc_clear_sync
                0x08000678       0x20 rtc_util.c.o
 .text.rtc_enter_config_mode
                0x08000698       0x20 rtc_util.c.o
 .text.rtc_exit_config_mode
                0x080006b8       0x20 rtc_util.c.o
 .text.rtc_init
                0x080006d8       0xac rtc_util.c.o
                0x080006d8                rtc_init
 .text.rtc_attach_interrupt
                0x08000784       0x60 rtc_util.c.o
                0x08000784                rtc_attach_interrupt
 .text.rtc_detach_interrupt
                0x080007e4       0x40 rtc_util.c.o
                0x080007e4                rtc_detach_interrupt
 .text.__irq_rtc
                0x08000824       0x48 rtc_util.c.o
                0x08000824                __irq_rtc
 .text.__irq_rtcalarm
                0x0800086c       0x1c rtc_util.c.o
                0x0800086c                __irq_rtcalarm
 .text.rtc_get_count
                0x08000888       0x24 rtc_util.c.o
                0x08000888                rtc_get_count
 .text.rtc_set_count
                0x080008ac       0x34 rtc_util.c.o
                0x080008ac                rtc_set_count
 .text.rtc_set_prescaler_load
                0x080008e0       0x34 rtc_util.c.o
                0x080008e0                rtc_set_prescaler_load
 .text.rtc_set_alarm
                0x08000914       0x34 rtc_util.c.o
                0x08000914                rtc_set_alarm
 .text.monthLength
                0x08000948       0x20 User_Clock.c.o
 .text.osal_ConvertUTCTime
                0x08000968      0x118 User_Clock.c.o
                0x08000968                osal_ConvertUTCTime
 .text.osal_ConvertUTCSecs
                0x08000a80       0xbc User_Clock.c.o
                0x08000a80                osal_ConvertUTCSecs
 .text._ZN7AT24Cxx8I2C_InitEv
                0x08000b3c        0x4 AT24CXX.cpp.o
                0x08000b3c                AT24Cxx::I2C_Init()
 .text._ZN7AT24Cxx19AT24CXX_ReadOneByteEj
                0x08000b40       0x5c AT24CXX.cpp.o
                0x08000b40                AT24Cxx::AT24CXX_ReadOneByte(unsigned int)
 .text._ZN7AT24Cxx20AT24CXX_WriteOneByteEjh
                0x08000b9c       0x4e AT24CXX.cpp.o
                0x08000b9c                AT24Cxx::AT24CXX_WriteOneByte(unsigned int, unsigned char)
 *fill*         0x08000bea        0x2 
 .text._Z7ASC2BCDPhPcj
                0x08000bec       0x70 BCD_CON.cpp.o
                0x08000bec                ASC2BCD(unsigned char*, char*, unsigned int)
 .text._Z7PackBCDPcfii
                0x08000c5c      0x160 BCD_CON.cpp.o
                0x08000c5c                PackBCD(char*, float, int, int)
 .text._ZN16Command_Analysis16FrameID_AnalysisEv
                0x08000dbc       0x50 Command_Analysis.cpp.o
                0x08000dbc                Command_Analysis::FrameID_Analysis()
 .text._ZN16Command_Analysis11Verify_CRC8Ehh
                0x08000e0c       0x28 Command_Analysis.cpp.o
                0x08000e0c                Command_Analysis::Verify_CRC8(unsigned char, unsigned char)
 .text._ZN16Command_Analysis21Verify_Device_Type_IDEv
                0x08000e34       0x18 Command_Analysis.cpp.o
                0x08000e34                Command_Analysis::Verify_Device_Type_ID()
 .text._ZN16Command_Analysis20Verify_Mass_CommandsEv
                0x08000e4c       0x1c Command_Analysis.cpp.o
                0x08000e4c                Command_Analysis::Verify_Mass_Commands()
 .text._ZN16Command_Analysis18Verify_Area_NumberEv
                0x08000e68       0x2c Command_Analysis.cpp.o
                0x08000e68                Command_Analysis::Verify_Area_Number()
 .text._ZN16Command_Analysis17Verify_Work_GroupEv
                0x08000e94       0x40 Command_Analysis.cpp.o
                0x08000e94                Command_Analysis::Verify_Work_Group()
 .text._ZN16Command_Analysis21Verify_Frame_ValidityEhhbb
                0x08000ed4       0x70 Command_Analysis.cpp.o
                0x08000ed4                Command_Analysis::Verify_Frame_Validity(unsigned char, unsigned char, bool, bool)
 .text._ZN16Command_Analysis23Query_Current_Work_ParaEv
                0x08000f44       0x84 Command_Analysis.cpp.o
                0x08000f44                Command_Analysis::Query_Current_Work_Para()
 .text._ZN16Command_Analysis16Set_Group_NumberEv
                0x08000fc8       0x88 Command_Analysis.cpp.o
                0x08000fc8                Command_Analysis::Set_Group_Number()
 .text._ZN16Command_Analysis19Set_SN_Area_ChannelEv
                0x08001050       0xb4 Command_Analysis.cpp.o
                0x08001050                Command_Analysis::Set_SN_Area_Channel()
 .text._ZN16Command_Analysis20Detailed_Work_StatusEv
                0x08001104       0x48 Command_Analysis.cpp.o
                0x08001104                Command_Analysis::Detailed_Work_Status()
 .text._ZN16Command_Analysis21Receive_Data_AnalysisEv
                0x0800114c       0x3e Command_Analysis.cpp.o
                0x0800114c                Command_Analysis::Receive_Data_Analysis()
 *fill*         0x0800118a        0x2 
 .text._ZN16Command_Analysis16Receive_LoRa_CmdEv
                0x0800118c      0x124 Command_Analysis.cpp.o
                0x0800118c                Command_Analysis::Receive_LoRa_Cmd()
 .text._Z13LED_Interruptv
                0x080012b0       0x60 fun_periph.cpp.o
                0x080012b0                LED_Interrupt()
 .text._ZN16Some_Peripherals22Peripheral_GPIO_ConfigEv
                0x08001310       0x4c fun_periph.cpp.o
                0x08001310                Some_Peripherals::Peripheral_GPIO_Config()
 .text._ZN16Some_Peripherals11LED_DisplayE3LEDh
                0x0800135c       0x54 fun_periph.cpp.o
                0x0800135c                Some_Peripherals::LED_Display(LED, unsigned char)
 .text._ZN16Some_Peripherals8Stop_LEDEv
                0x080013b0       0x20 fun_periph.cpp.o
                0x080013b0                Some_Peripherals::Stop_LED()
 .text._ZN16Some_Peripherals9Start_LEDEv
                0x080013d0        0xc fun_periph.cpp.o
                0x080013d0                Some_Peripherals::Start_LED()
 *fill*         0x080013dc        0x4 
 .text._ZN16Some_Peripherals11Get_VoltageEv
                0x080013e0       0x78 fun_periph.cpp.o
                0x080013e0                Some_Peripherals::Get_Voltage()
 .text._ZN4LoRa16LoRa_GPIO_ConfigEv
                0x08001458       0x44 LoRa.cpp.o
                0x08001458                LoRa::LoRa_GPIO_Config()
 .text._ZN4LoRa8BaudRateEj
                0x0800149c        0xc LoRa.cpp.o
                0x0800149c                LoRa::BaudRate(unsigned int)
 .text._ZN4LoRa4ModeE9LoRa_Mode
                0x080014a8       0x1c LoRa.cpp.o
                0x080014a8                LoRa::Mode(LoRa_Mode)
 .text._ZN4LoRa7IsResetEb
                0x080014c4       0x20 LoRa.cpp.o
                0x080014c4                LoRa::IsReset(bool)
 .text._ZN4LoRa13LoRa_ShutdownEv
                0x080014e4       0x40 LoRa.cpp.o
                0x080014e4                LoRa::LoRa_Shutdown()
 .text._ZN4LoRa12LoRa_RestartEv
                0x08001524       0x30 LoRa.cpp.o
                0x08001524                LoRa::LoRa_Restart()
 .text._ZN4LoRa20Detect_Error_ReceiptEPhS0_
                0x08001554       0x38 LoRa.cpp.o
                0x08001554                LoRa::Detect_Error_Receipt(unsigned char*, unsigned char*)
 .text._ZN4LoRa17Detect_OK_ReceiptEPhS0_
                0x0800158c       0x1a LoRa.cpp.o
                0x0800158c                LoRa::Detect_OK_Receipt(unsigned char*, unsigned char*)
 .text._ZN4LoRa7Get_CSQEPhhS0_
                0x080015a6       0x2a LoRa.cpp.o
                0x080015a6                LoRa::Get_CSQ(unsigned char*, unsigned char, unsigned char*)
 .text._ZN4LoRa13String_to_HexEPhh
                0x080015d0       0x44 LoRa.cpp.o
                0x080015d0                LoRa::String_to_Hex(unsigned char*, unsigned char)
 .text._ZN4LoRa9Get_BytesEPhhS0_
                0x08001614       0x70 LoRa.cpp.o
                0x08001614                LoRa::Get_Bytes(unsigned char*, unsigned char, unsigned char*)
 .text._ZN4LoRa13Parse_CommandEPhhS0_PS0_
                0x08001684       0x6a LoRa.cpp.o
                0x08001684                LoRa::Parse_Command(unsigned char*, unsigned char, unsigned char*, unsigned char**)
 *fill*         0x080016ee        0x2 
 .text._ZN4LoRa12AT_Query_CmdEPcPhS1_
                0x080016f0       0xdc LoRa.cpp.o
                0x080016f0                LoRa::AT_Query_Cmd(char*, unsigned char*, unsigned char*)
 .text._ZN4LoRa13AT_Config_CmdEPcS0_Ph
                0x080017cc      0x124 LoRa.cpp.o
                0x080017cc                LoRa::AT_Config_Cmd(char*, char*, unsigned char*)
 .text._ZN4LoRa7LoRa_ATEPhbPcS1_
                0x080018f0       0xa8 LoRa.cpp.o
                0x080018f0                LoRa::LoRa_AT(unsigned char*, bool, char*, char*)
 .text._ZN4LoRa10Rewrite_IDEv
                0x08001998       0x80 LoRa.cpp.o
                0x08001998                LoRa::Rewrite_ID()
 .text._ZN4LoRa14Parameter_InitEv
                0x08001a18      0x1b0 LoRa.cpp.o
                0x08001a18                LoRa::Parameter_Init()
 .text._ZN17EEPROM_Operations18EEPROM_GPIO_ConfigEv
                0x08001bc8       0x1e Memory.cpp.o
                0x08001bc8                EEPROM_Operations::EEPROM_GPIO_Config()
 .text._ZN17EEPROM_Operations20EEPROM_Write_DisableEv
                0x08001be6       0x14 Memory.cpp.o
                0x08001be6                EEPROM_Operations::EEPROM_Write_Disable()
 .text._ZN17EEPROM_Operations19EEPROM_Write_EnableEv
                0x08001bfa       0x14 Memory.cpp.o
                0x08001bfa                EEPROM_Operations::EEPROM_Write_Enable()
 .text._ZN13SN_Operations12Save_SN_CodeEPh
                0x08001c0e       0x76 Memory.cpp.o
                0x08001c0e                SN_Operations::Save_SN_Code(unsigned char*)
 .text._ZN13SN_Operations16Save_BKP_SN_CodeEPh
                0x08001c84       0x76 Memory.cpp.o
                0x08001c84                SN_Operations::Save_BKP_SN_Code(unsigned char*)
 .text._ZN13SN_Operations12Read_SN_CodeEPh
                0x08001cfa       0x58 Memory.cpp.o
                0x08001cfa                SN_Operations::Read_SN_Code(unsigned char*)
 .text._ZN13SN_Operations16Read_BKP_SN_CodeEPh
                0x08001d52       0x58 Memory.cpp.o
                0x08001d52                SN_Operations::Read_BKP_SN_Code(unsigned char*)
 .text._ZN13SN_Operations16Read_Random_SeedEPh
                0x08001daa       0x2a Memory.cpp.o
                0x08001daa                SN_Operations::Read_Random_Seed(unsigned char*)
 .text._ZN13SN_Operations18Clear_SN_Save_FlagEv
                0x08001dd4       0x2a Memory.cpp.o
                0x08001dd4                SN_Operations::Clear_SN_Save_Flag()
 .text._ZN13SN_Operations22Clear_BKP_SN_Save_FlagEv
                0x08001dfe       0x2a Memory.cpp.o
                0x08001dfe                SN_Operations::Clear_BKP_SN_Save_Flag()
 .text._ZN13SN_Operations26Set_SN_Access_Network_FlagEv
                0x08001e28       0x2a Memory.cpp.o
                0x08001e28                SN_Operations::Set_SN_Access_Network_Flag()
 .text._ZN13SN_Operations28Clear_SN_Access_Network_FlagEv
                0x08001e52       0x48 Memory.cpp.o
                0x08001e52                SN_Operations::Clear_SN_Access_Network_Flag()
 .text._ZN13SN_Operations29Verify_SN_Access_Network_FlagEv
                0x08001e9a       0x12 Memory.cpp.o
                0x08001e9a                SN_Operations::Verify_SN_Access_Network_Flag()
 .text._ZN13SN_Operations10Self_CheckEPh
                0x08001eac       0x88 Memory.cpp.o
                0x08001eac                SN_Operations::Self_Check(unsigned char*)
 .text._ZN11LoRa_Config21Save_LoRa_Config_FlagEv
                0x08001f34       0x1c Memory.cpp.o
                0x08001f34                LoRa_Config::Save_LoRa_Config_Flag()
 .text._ZN11LoRa_Config23Verify_LoRa_Config_FlagEv
                0x08001f50       0x12 Memory.cpp.o
                0x08001f50                LoRa_Config::Verify_LoRa_Config_Flag()
 .text._ZN11LoRa_Config22Clear_LoRa_Config_FlagEv
                0x08001f62       0x1c Memory.cpp.o
                0x08001f62                LoRa_Config::Clear_LoRa_Config_Flag()
 .text._ZN19Control_Information17Save_Group_NumberEPh
                0x08001f7e       0x76 Memory.cpp.o
                0x08001f7e                Control_Information::Save_Group_Number(unsigned char*)
 .text._ZN19Control_Information17Read_Group_NumberEPh
                0x08001ff4       0x1e Memory.cpp.o
                0x08001ff4                Control_Information::Read_Group_Number(unsigned char*)
 .text._ZN19Control_Information18Clear_Group_NumberEv
                0x08002012       0x42 Memory.cpp.o
                0x08002012                Control_Information::Clear_Group_Number()
 .text._ZN19Control_Information16Save_Area_NumberEh
                0x08002054       0x5a Memory.cpp.o
                0x08002054                Control_Information::Save_Area_Number(unsigned char)
 .text._ZN19Control_Information16Read_Area_NumberEv
                0x080020ae        0x6 Memory.cpp.o
                0x080020ae                Control_Information::Read_Area_Number()
 .text._ZN19Control_Information17Clear_Area_NumberEv
                0x080020b4       0x1a Memory.cpp.o
                0x080020b4                Control_Information::Clear_Area_Number()
 *fill*         0x080020ce        0x2 
 .text._ZN26Work_Parameter_Information17Save_Collect_TimeEj
                0x080020d0       0x70 Memory.cpp.o
                0x080020d0                Work_Parameter_Information::Save_Collect_Time(unsigned int)
 .text._ZN26Work_Parameter_Information17Read_Collect_TimeEv
                0x08002140       0x1a Memory.cpp.o
                0x08002140                Work_Parameter_Information::Read_Collect_Time()
 .text._ZN26Work_Parameter_Information24Verify_Collect_Time_FlagEv
                0x0800215a       0x12 Memory.cpp.o
                0x0800215a                Work_Parameter_Information::Verify_Collect_Time_Flag()
 .text._ZN3I2C4InitEv
                0x0800216c       0x26 private_i2c.cpp.o
                0x0800216c                I2C::Init()
 .text._ZN3I2C7SDA_OutEv
                0x08002192        0x8 private_i2c.cpp.o
                0x08002192                I2C::SDA_Out()
 .text._ZN3I2C6SDA_InEv
                0x0800219a        0x8 private_i2c.cpp.o
                0x0800219a                I2C::SDA_In()
 .text._ZN3I2C5StartEv
                0x080021a2       0x36 private_i2c.cpp.o
                0x080021a2                I2C::Start()
 .text._ZN3I2C4StopEv
                0x080021d8       0x36 private_i2c.cpp.o
                0x080021d8                I2C::Stop()
 .text._ZN3I2C3AckEv
                0x0800220e       0x3a private_i2c.cpp.o
                0x0800220e                I2C::Ack()
 .text._ZN3I2C4NAckEv
                0x08002248       0x3a private_i2c.cpp.o
                0x08002248                I2C::NAck()
 .text._ZN3I2C8Wait_AckEv
                0x08002282       0x4e private_i2c.cpp.o
                0x08002282                I2C::Wait_Ack()
 .text._ZN3I2C9Send_ByteEh
                0x080022d0       0x4e private_i2c.cpp.o
                0x080022d0                I2C::Send_Byte(unsigned char)
 .text._ZN3I2C9Read_ByteEh
                0x0800231e       0x54 private_i2c.cpp.o
                0x0800231e                I2C::Read_Byte(unsigned char)
 .text._Z13RTC_Interruptv
                0x08002372       0x10 Private_RTC.cpp.o
                0x08002372                RTC_Interrupt()
 *fill*         0x08002382        0x2 
 .text._ZN4date10Update_RTCEPh
                0x08002384      0x1ac Private_RTC.cpp.o
                0x08002384                date::Update_RTC(unsigned char*)
 .text._ZN4date7Get_RTCEPh
                0x08002530       0x80 Private_RTC.cpp.o
                0x08002530                date::Get_RTC(unsigned char*)
 .text._ZN4date9Set_AlarmEv
                0x080025b0      0x174 Private_RTC.cpp.o
                0x080025b0                date::Set_Alarm()
 .text._ZN4date17Set_onehour_AlarmEv
                0x08002724       0x6c Private_RTC.cpp.o
                0x08002724                date::Set_onehour_Alarm()
 .text.startup._GLOBAL__sub_I_Date
                0x08002790        0xc Private_RTC.cpp.o
 .text._ZN8MAX440095resetEv
                0x0800279c        0x2 private_sensor.cpp.o
                0x0800279c                MAX44009::reset()
 .text._ZN8MAX4400916checkMeasurementEv
                0x0800279e        0x4 private_sensor.cpp.o
                0x0800279e                MAX44009::checkMeasurement()
 .text._ZN8MAX4400916awaitMeasurementEv
                0x080027a2        0x4 private_sensor.cpp.o
                0x080027a2                MAX44009::awaitMeasurement()
 *fill*         0x080027a6        0x2 
 .text._Z7N_CRC16Phj
                0x080027a8       0x2c private_sensor.cpp.o
                0x080027a8                N_CRC16(unsigned char*, unsigned int)
 .text._ZN8WirePlusC2Ev
                0x080027d4       0x34 private_sensor.cpp.o
                0x080027d4                WirePlus::WirePlus()
                0x080027d4                WirePlus::WirePlus()
 .text._ZN8WirePlus5probeEh
                0x08002808       0x20 private_sensor.cpp.o
                0x08002808                WirePlus::probe(unsigned char)
 .text._ZN8MAX4400910initializeEv
                0x08002828       0x20 private_sensor.cpp.o
                0x08002828                MAX44009::initialize()
 .text._ZN8WirePlus9writeByteEhhh
                0x08002848       0x2c private_sensor.cpp.o
                0x08002848                WirePlus::writeByte(unsigned char, unsigned char, unsigned char)
 .text._ZN8WirePlus4readEhhPhh
                0x08002874       0x54 private_sensor.cpp.o
                0x08002874                WirePlus::read(unsigned char, unsigned char, unsigned char*, unsigned char)
 .text._ZN8WirePlus11setRegisterEhhhh
                0x080028c8       0x3a private_sensor.cpp.o
                0x080028c8                WirePlus::setRegister(unsigned char, unsigned char, unsigned char, unsigned char)
 *fill*         0x08002902        0x2 
 .text._ZN8MAX4400910setEnabledEh
                0x08002904       0x3c private_sensor.cpp.o
                0x08002904                MAX44009::setEnabled(unsigned char)
 .text._ZN6Sensor14CJMCU6750_InitEv
                0x08002940       0x58 private_sensor.cpp.o
                0x08002940                Sensor::CJMCU6750_Init()
 .text._ZN6Sensor15Read_Lux_and_UVEPmPj
                0x08002998       0xe8 private_sensor.cpp.o
                0x08002998                Sensor::Read_Lux_and_UV(unsigned long*, unsigned int*)
 .text.startup._GLOBAL__sub_I_auchCRCHi
                0x08002a80       0x1c private_sensor.cpp.o
 .text._ZN6Sensor24Read_Solid_Humi_and_TempEPfPjPhh
                0x08002a9c      0x10c private_sensor.cpp.o
                0x08002a9c                Sensor::Read_Solid_Humi_and_Temp(float*, unsigned int*, unsigned char*, unsigned char)
 .text._ZN6Sensor13Read_Soild_PHEPjh
                0x08002ba8       0xa8 private_sensor.cpp.o
                0x08002ba8                Sensor::Read_Soild_PH(unsigned int*, unsigned char)
 .text._ZN6Sensor18Read_Salt_and_CondEPjS0_h
                0x08002c50       0xb8 private_sensor.cpp.o
                0x08002c50                Sensor::Read_Salt_and_Cond(unsigned int*, unsigned int*, unsigned char)
 .text._ZN6Sensor19Get_All_Sensor_DataEv
                0x08002d08      0x17c private_sensor.cpp.o
                0x08002d08                Sensor::Get_All_Sensor_Data()
 .text._ZN8TypeConv10Hex_To_DecEh
                0x08002e84       0x12 public.cpp.o
                0x08002e84                TypeConv::Hex_To_Dec(unsigned char)
 .text._ZN8TypeConv10Hex_To_DecEPh
                0x08002e96       0x14 public.cpp.o
                0x08002e96                TypeConv::Hex_To_Dec(unsigned char*)
 .text._ZN8TypeConv10Dec_To_HexEh
                0x08002eaa       0x12 public.cpp.o
                0x08002eaa                TypeConv::Dec_To_Hex(unsigned char)
 .text._ZN7Receipt25Receipt_Random_Wait_ValueEPm
                0x08002ebc       0x44 receipt.cpp.o
                0x08002ebc                Receipt::Receipt_Random_Wait_Value(unsigned long*)
 .text._ZN7Receipt11Print_DebugEPhh
                0x08002f00       0x34 receipt.cpp.o
                0x08002f00                Receipt::Print_Debug(unsigned char*, unsigned char)
 .text._ZN7Receipt24Report_General_ParameterEv
                0x08002f34      0x154 receipt.cpp.o
                0x08002f34                Receipt::Report_General_Parameter()
 .text._ZN7Receipt29Request_Device_SN_and_ChannelEv
                0x08003088       0xd8 receipt.cpp.o
                0x08003088                Receipt::Request_Device_SN_and_Channel()
 .text._ZN7Receipt25Working_Parameter_ReceiptEv
                0x08003160      0x124 receipt.cpp.o
                0x08003160                Receipt::Working_Parameter_Receipt()
 .text._ZN7Receipt15General_ReceiptEhh
                0x08003284      0x10c receipt.cpp.o
                0x08003284                Receipt::General_Receipt(unsigned char, unsigned char)
 .text._ZN7Receipt16Send_Sensor_DataEv
                0x08003390      0x394 receipt.cpp.o
                0x08003390                Receipt::Send_Sensor_Data()
 .text._ZN5SHT1x7shiftInEiii
                0x08003724       0x40 SHT1x.cpp.o
                0x08003724                SHT1x::shiftIn(int, int, int)
 .text._ZN5SHT1x14sendCommandSHTEiii
                0x08003764       0x86 SHT1x.cpp.o
                0x08003764                SHT1x::sendCommandSHT(int, int, int)
 .text._ZN5SHT1x16waitForResultSHTEi
                0x080037ea       0x22 SHT1x.cpp.o
                0x080037ea                SHT1x::waitForResultSHT(int)
 .text._ZN5SHT1x12getData16SHTEii
                0x0800380c       0x72 SHT1x.cpp.o
                0x0800380c                SHT1x::getData16SHT(int, int)
 .text._ZN5SHT1x10skipCrcSHTEii
                0x0800387e       0x34 SHT1x.cpp.o
                0x0800387e                SHT1x::skipCrcSHT(int, int)
 .text._ZN5SHT1x18readTemperatureRawEv
                0x080038b2       0x34 SHT1x.cpp.o
                0x080038b2                SHT1x::readTemperatureRaw()
 *fill*         0x080038e6        0x2 
 .text._ZN5SHT1x16readTemperatureCEv
                0x080038e8       0x24 SHT1x.cpp.o
                0x080038e8                SHT1x::readTemperatureC()
 .text._ZN5SHT1x12readHumidityEv
                0x0800390c       0xc0 SHT1x.cpp.o
                0x0800390c                SHT1x::readHumidity()
 .text.startup._GLOBAL__sub_I_sht10
                0x080039cc       0x10 SHT1x.cpp.o
 .text._ZL6microsv
                0x080039dc       0x34 SoftwareI2C.cpp.o
 .text._ZN11SoftwareI2C5beginEii
                0x08003a10       0x30 SoftwareI2C.cpp.o
                0x08003a10                SoftwareI2C::begin(int, int)
 .text._ZN11SoftwareI2C6sdaSetEh
                0x08003a40       0x20 SoftwareI2C.cpp.o
                0x08003a40                SoftwareI2C::sdaSet(unsigned char)
 .text._ZN11SoftwareI2C9sendStartEv
                0x08003a60       0x22 SoftwareI2C.cpp.o
                0x08003a60                SoftwareI2C::sendStart()
 .text._ZN11SoftwareI2C8sendStopEv
                0x08003a82       0x40 SoftwareI2C.cpp.o
                0x08003a82                SoftwareI2C::sendStop()
 .text._ZN11SoftwareI2C11sendByteAckEh
                0x08003ac2       0x74 SoftwareI2C.cpp.o
                0x08003ac2                SoftwareI2C::sendByteAck(unsigned char)
 .text._ZN11SoftwareI2C17beginTransmissionEh
                0x08003b36       0x18 SoftwareI2C.cpp.o
                0x08003b36                SoftwareI2C::beginTransmission(unsigned char)
 .text._ZN11SoftwareI2C15endTransmissionEv
                0x08003b4e        0xa SoftwareI2C.cpp.o
                0x08003b4e                SoftwareI2C::endTransmission()
 .text._ZN11SoftwareI2C5writeEh
                0x08003b58        0x8 SoftwareI2C.cpp.o
                0x08003b58                SoftwareI2C::write(unsigned char)
 .text._ZN11SoftwareI2C11requestFromEhh
                0x08003b60       0x1c SoftwareI2C.cpp.o
                0x08003b60                SoftwareI2C::requestFrom(unsigned char, unsigned char)
 .text._ZN11SoftwareI2C4readEv
                0x08003b7c       0xba SoftwareI2C.cpp.o
                0x08003b7c                SoftwareI2C::read()
 .text._Z7GetCrc8Phi
                0x08003c36       0x2e User_CRC8.cpp.o
                0x08003c36                GetCrc8(unsigned char*, int)
 .text._Z9boardInitv
                0x08003c64        0x2 C:\Users\Administrator\AppData\Local\Temp\VMBCore\arduino16x\2752fd7be5c089007b9fd13dbb2a4e79\variant\board.cpp.o
                0x08003c64                boardInit()
 *fill*         0x08003c66        0x2 
 .text.startup._GLOBAL__sub_I__Z9boardInitv
                0x08003c68       0x48 C:\Users\Administrator\AppData\Local\Temp\VMBCore\arduino16x\2752fd7be5c089007b9fd13dbb2a4e79\variant\board.cpp.o
 .text._ZL18adc_default_configP7adc_dev
                0x08003cb0       0x1c C:\Users\Administrator\AppData\Local\Temp\VMBCore\arduino16x\2752fd7be5c089007b9fd13dbb2a4e79\variant\boards.cpp.o
 .text._ZL20timer_default_configP9timer_dev
                0x08003ccc       0x9e C:\Users\Administrator\AppData\Local\Temp\VMBCore\arduino16x\2752fd7be5c089007b9fd13dbb2a4e79\variant\boards.cpp.o
 *fill*         0x08003d6a        0x2 
 .text._Z4initv
                0x08003d6c       0xbc C:\Users\Administrator\AppData\Local\Temp\VMBCore\arduino16x\2752fd7be5c089007b9fd13dbb2a4e79\variant\boards.cpp.o
                0x08003d6c                init()
 .text._ZN6wirish4priv15board_reset_pllEv
                0x08003e28        0x2 C:\Users\Administrator\AppData\Local\Temp\VMBCore\arduino16x\2752fd7be5c089007b9fd13dbb2a4e79\variant\boards_setup.cpp.o
                0x08003e28                wirish::priv::board_reset_pll()
 .text._ZN6wirish4priv28board_setup_clock_prescalersEv
                0x08003e2a       0x2e C:\Users\Administrator\AppData\Local\Temp\VMBCore\arduino16x\2752fd7be5c089007b9fd13dbb2a4e79\variant\boards_setup.cpp.o
                0x08003e2a                wirish::priv::board_setup_clock_prescalers()
 .text._ZN6wirish4priv16board_setup_gpioEv
                0x08003e58        0x4 C:\Users\Administrator\AppData\Local\Temp\VMBCore\arduino16x\2752fd7be5c089007b9fd13dbb2a4e79\variant\boards_setup.cpp.o
                0x08003e58                wirish::priv::board_setup_gpio()
 .text._ZN6wirish4priv15board_setup_usbEv
                0x08003e5c        0x2 C:\Users\Administrator\AppData\Local\Temp\VMBCore\arduino16x\2752fd7be5c089007b9fd13dbb2a4e79\variant\boards_setup.cpp.o
                0x08003e5c                wirish::priv::board_setup_usb()
 .text._ZN6wirish4priv11series_initEv
                0x08003e5e        0x4 C:\Users\Administrator\AppData\Local\Temp\VMBCore\arduino16x\2752fd7be5c089007b9fd13dbb2a4e79\variant\boards_setup.cpp.o
                0x08003e5e                wirish::priv::series_init()
 *fill*         0x08003e62        0x2 
 .text          0x08003e64       0x10 C:\Users\Administrator\AppData\Local\Temp\VMBCore\arduino16x\2752fd7be5c089007b9fd13dbb2a4e79\variant\start.S.o
                0x08003e64                __start__
 .text.start_c  0x08003e74       0x64 C:\Users\Administrator\AppData\Local\Temp\VMBCore\arduino16x\2752fd7be5c089007b9fd13dbb2a4e79\variant\start_c.c.o
                0x08003e74                start_c
 .text._sbrk    0x08003ed8       0x44 C:\Users\Administrator\AppData\Local\Temp\VMBCore\arduino16x\2752fd7be5c089007b9fd13dbb2a4e79\variant\syscalls.c.o
                0x08003ed8                _sbrk
 .text._exit    0x08003f1c        0x2 C:\Users\Administrator\AppData\Local\Temp\VMBCore\arduino16x\2752fd7be5c089007b9fd13dbb2a4e79\variant\syscalls.c.o
                0x08003f1c                _exit
 *fill*         0x08003f1e        0x2 
 .text          0x08003f20       0x60 C:\Users\Administrator\AppData\Local\Temp\VMBuilds\STM32_LORA_GS100_V1.0.2_alpha\stm32_genericSTM32F103C\Release/core.a(exc.S.o)
                0x08003f20                __exc_nmi
                0x08003f24                __exc_hardfault
                0x08003f28                __exc_memmanage
                0x08003f2c                __exc_busfault
                0x08003f30                __exc_usagefault
 .text          0x08003f80        0x2 C:\Users\Administrator\AppData\Local\Temp\VMBuilds\STM32_LORA_GS100_V1.0.2_alpha\stm32_genericSTM32F103C\Release/core.a(isrs.S.o)
                0x08003f80                __stm32reservedexception9
                0x08003f80                __irq_dma1_channel3
                0x08003f80                __irq_i2c2_er
                0x08003f80                __irq_i2c1_er
                0x08003f80                __irq_usb_lp_can_rx0
                0x08003f80                __irq_dma1_channel6
                0x08003f80                __exc_debug_monitor
                0x08003f80                __irq_dma1_channel1
                0x08003f80                __exc_svc
                0x08003f80                __irq_dma1_channel4
                0x08003f80                __irq_dma1_channel7
                0x08003f80                __irq_exti0
                0x08003f80                __irq_can_rx1
                0x08003f80                __irq_spi2
                0x08003f80                __irq_can_sce
                0x08003f80                __irq_exti2
                0x08003f80                __irq_exti3
                0x08003f80                __irq_exti9_5
                0x08003f80                __irq_pvd
                0x08003f80                __irq_tamper
                0x08003f80                __default_handler
                0x08003f80                __irq_wwdg
                0x08003f80                __stm32reservedexception10
                0x08003f80                __irq_flash
                0x08003f80                __irq_i2c2_ev
                0x08003f80                __irq_dma1_channel2
                0x08003f80                __irq_dma1_channel5
                0x08003f80                __stm32reservedexception13
                0x08003f80                __irq_spi1
                0x08003f80                __stm32reservedexception7
                0x08003f80                __irq_usb_hp_can_tx
                0x08003f80                __irq_exti15_10
                0x08003f80                __irq_exti4
                0x08003f80                __stm32reservedexception8
                0x08003f80                __exc_pendsv
                0x08003f80                __irq_i2c1_ev
                0x08003f80                __irq_usbwakeup
                0x08003f80                __irq_exti1
                0x08003f80                __irq_rcc
 .text.adc_init
                0x08003f82       0x14 C:\Users\Administrator\AppData\Local\Temp\VMBuilds\STM32_LORA_GS100_V1.0.2_alpha\stm32_genericSTM32F103C\Release/core.a(adc.c.o)
                0x08003f82                adc_init
 .text.adc_set_extsel
                0x08003f96       0x12 C:\Users\Administrator\AppData\Local\Temp\VMBuilds\STM32_LORA_GS100_V1.0.2_alpha\stm32_genericSTM32F103C\Release/core.a(adc.c.o)
                0x08003f96                adc_set_extsel
 .text.adc_set_sample_rate
                0x08003fa8       0x30 C:\Users\Administrator\AppData\Local\Temp\VMBuilds\STM32_LORA_GS100_V1.0.2_alpha\stm32_genericSTM32F103C\Release/core.a(adc.c.o)
                0x08003fa8                adc_set_sample_rate
 .text.adc_read
                0x08003fd8       0x20 C:\Users\Administrator\AppData\Local\Temp\VMBuilds\STM32_LORA_GS100_V1.0.2_alpha\stm32_genericSTM32F103C\Release/core.a(adc.c.o)
                0x08003fd8                adc_read
 .text.__irq_adc
                0x08003ff8       0x50 C:\Users\Administrator\AppData\Local\Temp\VMBuilds\STM32_LORA_GS100_V1.0.2_alpha\stm32_genericSTM32F103C\Release/core.a(adc_f1.c.o)
                0x08003ff8                __irq_adc
 .text.adc_calibrate
                0x08004048       0x24 C:\Users\Administrator\AppData\Local\Temp\VMBuilds\STM32_LORA_GS100_V1.0.2_alpha\stm32_genericSTM32F103C\Release/core.a(adc_f1.c.o)
                0x08004048                adc_calibrate
 .text.adc_set_prescaler
                0x0800406c        0x8 C:\Users\Administrator\AppData\Local\Temp\VMBuilds\STM32_LORA_GS100_V1.0.2_alpha\stm32_genericSTM32F103C\Release/core.a(adc_f1.c.o)
                0x0800406c                adc_set_prescaler
 .text.adc_foreach
                0x08004074       0x1c C:\Users\Administrator\AppData\Local\Temp\VMBuilds\STM32_LORA_GS100_V1.0.2_alpha\stm32_genericSTM32F103C\Release/core.a(adc_f1.c.o)
                0x08004074                adc_foreach
 .text.adc_enable_single_swstart
                0x08004090       0x36 C:\Users\Administrator\AppData\Local\Temp\VMBuilds\STM32_LORA_GS100_V1.0.2_alpha\stm32_genericSTM32F103C\Release/core.a(adc_f1.c.o)
                0x08004090                adc_enable_single_swstart
 .text.bkp_init
                0x080040c6       0x18 C:\Users\Administrator\AppData\Local\Temp\VMBuilds\STM32_LORA_GS100_V1.0.2_alpha\stm32_genericSTM32F103C\Release/core.a(bkp_f1.c.o)
                0x080040c6                bkp_init
 *fill*         0x080040de        0x2 
 .text.bkp_enable_writes
                0x080040e0        0xc C:\Users\Administrator\AppData\Local\Temp\VMBuilds\STM32_LORA_GS100_V1.0.2_alpha\stm32_genericSTM32F103C\Release/core.a(bkp_f1.c.o)
                0x080040e0                bkp_enable_writes
 .text.bkp_disable_writes
                0x080040ec        0xc C:\Users\Administrator\AppData\Local\Temp\VMBuilds\STM32_LORA_GS100_V1.0.2_alpha\stm32_genericSTM32F103C\Release/core.a(bkp_f1.c.o)
                0x080040ec                bkp_disable_writes
 .text.flash_set_latency
                0x080040f8       0x14 C:\Users\Administrator\AppData\Local\Temp\VMBuilds\STM32_LORA_GS100_V1.0.2_alpha\stm32_genericSTM32F103C\Release/core.a(flash.c.o)
                0x080040f8                flash_set_latency
 .text.gpio_init_all
                0x0800410c       0x30 C:\Users\Administrator\AppData\Local\Temp\VMBuilds\STM32_LORA_GS100_V1.0.2_alpha\stm32_genericSTM32F103C\Release/core.a(gpio_f1.c.o)
                0x0800410c                gpio_init_all
 .text.gpio_set_mode
                0x0800413c       0x50 C:\Users\Administrator\AppData\Local\Temp\VMBuilds\STM32_LORA_GS100_V1.0.2_alpha\stm32_genericSTM32F103C\Release/core.a(gpio_f1.c.o)
                0x0800413c                gpio_set_mode
 .text.afio_init
                0x0800418c       0x12 C:\Users\Administrator\AppData\Local\Temp\VMBuilds\STM32_LORA_GS100_V1.0.2_alpha\stm32_genericSTM32F103C\Release/core.a(gpio_f1.c.o)
                0x0800418c                afio_init
 *fill*         0x0800419e        0x2 
 .text.nvic_irq_set_priority
                0x080041a0       0x28 C:\Users\Administrator\AppData\Local\Temp\VMBuilds\STM32_LORA_GS100_V1.0.2_alpha\stm32_genericSTM32F103C\Release/core.a(nvic.c.o)
                0x080041a0                nvic_irq_set_priority
 .text.nvic_init
                0x080041c8       0x30 C:\Users\Administrator\AppData\Local\Temp\VMBuilds\STM32_LORA_GS100_V1.0.2_alpha\stm32_genericSTM32F103C\Release/core.a(nvic.c.o)
                0x080041c8                nvic_init
 .text.nvic_sys_reset
                0x080041f8       0x1c C:\Users\Administrator\AppData\Local\Temp\VMBuilds\STM32_LORA_GS100_V1.0.2_alpha\stm32_genericSTM32F103C\Release/core.a(nvic.c.o)
                0x080041f8                nvic_sys_reset
 .text.rcc_dev_clk
                0x08004214        0xc C:\Users\Administrator\AppData\Local\Temp\VMBuilds\STM32_LORA_GS100_V1.0.2_alpha\stm32_genericSTM32F103C\Release/core.a(rcc.c.o)
                0x08004214                rcc_dev_clk
 .text.rcc_switch_sysclk
                0x08004220       0x20 C:\Users\Administrator\AppData\Local\Temp\VMBuilds\STM32_LORA_GS100_V1.0.2_alpha\stm32_genericSTM32F103C\Release/core.a(rcc.c.o)
                0x08004220                rcc_switch_sysclk
 .text.rcc_turn_on_clk
                0x08004240       0x1a C:\Users\Administrator\AppData\Local\Temp\VMBuilds\STM32_LORA_GS100_V1.0.2_alpha\stm32_genericSTM32F103C\Release/core.a(rcc.c.o)
                0x08004240                rcc_turn_on_clk
 .text.rcc_turn_off_clk
                0x0800425a       0x1c C:\Users\Administrator\AppData\Local\Temp\VMBuilds\STM32_LORA_GS100_V1.0.2_alpha\stm32_genericSTM32F103C\Release/core.a(rcc.c.o)
                0x0800425a                rcc_turn_off_clk
 .text.rcc_is_clk_on
                0x08004276       0x1e C:\Users\Administrator\AppData\Local\Temp\VMBuilds\STM32_LORA_GS100_V1.0.2_alpha\stm32_genericSTM32F103C\Release/core.a(rcc.c.o)
                0x08004276                rcc_is_clk_on
 .text.rcc_is_clk_ready
                0x08004294       0x18 C:\Users\Administrator\AppData\Local\Temp\VMBuilds\STM32_LORA_GS100_V1.0.2_alpha\stm32_genericSTM32F103C\Release/core.a(rcc.c.o)
                0x08004294                rcc_is_clk_ready
 .text.rcc_configure_pll
                0x080042ac       0x38 C:\Users\Administrator\AppData\Local\Temp\VMBuilds\STM32_LORA_GS100_V1.0.2_alpha\stm32_genericSTM32F103C\Release/core.a(rcc_f1.c.o)
                0x080042ac                rcc_configure_pll
 .text.rcc_clk_enable
                0x080042e4       0x30 C:\Users\Administrator\AppData\Local\Temp\VMBuilds\STM32_LORA_GS100_V1.0.2_alpha\stm32_genericSTM32F103C\Release/core.a(rcc_f1.c.o)
                0x080042e4                rcc_clk_enable
 .text.rcc_reset_dev
                0x08004314       0x34 C:\Users\Administrator\AppData\Local\Temp\VMBuilds\STM32_LORA_GS100_V1.0.2_alpha\stm32_genericSTM32F103C\Release/core.a(rcc_f1.c.o)
                0x08004314                rcc_reset_dev
 .text.rcc_set_prescaler
                0x08004348       0x20 C:\Users\Administrator\AppData\Local\Temp\VMBuilds\STM32_LORA_GS100_V1.0.2_alpha\stm32_genericSTM32F103C\Release/core.a(rcc_f1.c.o)
                0x08004348                rcc_set_prescaler
 .text.rcc_clk_disable
                0x08004368       0x30 C:\Users\Administrator\AppData\Local\Temp\VMBuilds\STM32_LORA_GS100_V1.0.2_alpha\stm32_genericSTM32F103C\Release/core.a(rcc_f1.c.o)
                0x08004368                rcc_clk_disable
 .text.systick_init
                0x08004398       0x10 C:\Users\Administrator\AppData\Local\Temp\VMBuilds\STM32_LORA_GS100_V1.0.2_alpha\stm32_genericSTM32F103C\Release/core.a(systick.c.o)
                0x08004398                systick_init
 .text.__exc_systick
                0x080043a8       0x1c C:\Users\Administrator\AppData\Local\Temp\VMBuilds\STM32_LORA_GS100_V1.0.2_alpha\stm32_genericSTM32F103C\Release/core.a(systick.c.o)
                0x080043a8                __exc_systick
 .text.timer_oc_set_mode
                0x080043c4       0x3a C:\Users\Administrator\AppData\Local\Temp\VMBuilds\STM32_LORA_GS100_V1.0.2_alpha\stm32_genericSTM32F103C\Release/core.a(timer.c.o)
 *fill*         0x080043fe        0x2 
 .text.timer_foreach
                0x08004400       0x28 C:\Users\Administrator\AppData\Local\Temp\VMBuilds\STM32_LORA_GS100_V1.0.2_alpha\stm32_genericSTM32F103C\Release/core.a(timer.c.o)
                0x08004400                timer_foreach
 .text.timer_init
                0x08004428       0x14 C:\Users\Administrator\AppData\Local\Temp\VMBuilds\STM32_LORA_GS100_V1.0.2_alpha\stm32_genericSTM32F103C\Release/core.a(timer.c.o)
                0x08004428                timer_init
 .text.timer_has_cc_channel
                0x0800443c       0x30 C:\Users\Administrator\AppData\Local\Temp\VMBuilds\STM32_LORA_GS100_V1.0.2_alpha\stm32_genericSTM32F103C\Release/core.a(timer.c.o)
                0x0800443c                timer_has_cc_channel
 .text.timer_attach_interrupt
                0x0800446c       0xd4 C:\Users\Administrator\AppData\Local\Temp\VMBuilds\STM32_LORA_GS100_V1.0.2_alpha\stm32_genericSTM32F103C\Release/core.a(timer.c.o)
                0x0800446c                timer_attach_interrupt
 .text.timer_detach_interrupt
                0x08004540       0x1e C:\Users\Administrator\AppData\Local\Temp\VMBuilds\STM32_LORA_GS100_V1.0.2_alpha\stm32_genericSTM32F103C\Release/core.a(timer.c.o)
                0x08004540                timer_detach_interrupt
 *fill*         0x0800455e        0x2 
 .text.timer_set_mode
                0x08004560       0xb4 C:\Users\Administrator\AppData\Local\Temp\VMBuilds\STM32_LORA_GS100_V1.0.2_alpha\stm32_genericSTM32F103C\Release/core.a(timer.c.o)
                0x08004560                timer_set_mode
 .text.__irq_tim1_brk
                0x08004614       0x24 C:\Users\Administrator\AppData\Local\Temp\VMBuilds\STM32_LORA_GS100_V1.0.2_alpha\stm32_genericSTM32F103C\Release/core.a(timer.c.o)
                0x08004614                __irq_tim1_brk
 .text.__irq_tim1_up
                0x08004638       0x24 C:\Users\Administrator\AppData\Local\Temp\VMBuilds\STM32_LORA_GS100_V1.0.2_alpha\stm32_genericSTM32F103C\Release/core.a(timer.c.o)
                0x08004638                __irq_tim1_up
 .text.__irq_tim1_trg_com
                0x0800465c       0x38 C:\Users\Administrator\AppData\Local\Temp\VMBuilds\STM32_LORA_GS100_V1.0.2_alpha\stm32_genericSTM32F103C\Release/core.a(timer.c.o)
                0x0800465c                __irq_tim1_trg_com
 .text.__irq_tim1_cc
                0x08004694       0x54 C:\Users\Administrator\AppData\Local\Temp\VMBuilds\STM32_LORA_GS100_V1.0.2_alpha\stm32_genericSTM32F103C\Release/core.a(timer.c.o)
                0x08004694                __irq_tim1_cc
 .text.__irq_tim2
                0x080046e8       0x70 C:\Users\Administrator\AppData\Local\Temp\VMBuilds\STM32_LORA_GS100_V1.0.2_alpha\stm32_genericSTM32F103C\Release/core.a(timer.c.o)
                0x080046e8                __irq_tim2
 .text.__irq_tim3
                0x08004758       0x70 C:\Users\Administrator\AppData\Local\Temp\VMBuilds\STM32_LORA_GS100_V1.0.2_alpha\stm32_genericSTM32F103C\Release/core.a(timer.c.o)
                0x08004758                __irq_tim3
 .text.__irq_tim4
                0x080047c8       0x70 C:\Users\Administrator\AppData\Local\Temp\VMBuilds\STM32_LORA_GS100_V1.0.2_alpha\stm32_genericSTM32F103C\Release/core.a(timer.c.o)
                0x080047c8                __irq_tim4
 .text.rb_remove
                0x08004838       0x24 C:\Users\Administrator\AppData\Local\Temp\VMBuilds\STM32_LORA_GS100_V1.0.2_alpha\stm32_genericSTM32F103C\Release/core.a(usart_f1.c.o)
 .text.rb_push_insert
                0x0800485c       0x52 C:\Users\Administrator\AppData\Local\Temp\VMBuilds\STM32_LORA_GS100_V1.0.2_alpha\stm32_genericSTM32F103C\Release/core.a(usart_f1.c.o)
 .text.usart_config_gpios_async
                0x080048ae       0x4a C:\Users\Administrator\AppData\Local\Temp\VMBuilds\STM32_LORA_GS100_V1.0.2_alpha\stm32_genericSTM32F103C\Release/core.a(usart_f1.c.o)
                0x080048ae                usart_config_gpios_async
 .text.usart_set_baud_rate
                0x080048f8       0x3c C:\Users\Administrator\AppData\Local\Temp\VMBuilds\STM32_LORA_GS100_V1.0.2_alpha\stm32_genericSTM32F103C\Release/core.a(usart_f1.c.o)
                0x080048f8                usart_set_baud_rate
 .text.__irq_usart1
                0x08004934       0x54 C:\Users\Administrator\AppData\Local\Temp\VMBuilds\STM32_LORA_GS100_V1.0.2_alpha\stm32_genericSTM32F103C\Release/core.a(usart_f1.c.o)
                0x08004934                __irq_usart1
 .text.__irq_usart2
                0x08004988       0x54 C:\Users\Administrator\AppData\Local\Temp\VMBuilds\STM32_LORA_GS100_V1.0.2_alpha\stm32_genericSTM32F103C\Release/core.a(usart_f1.c.o)
                0x08004988                __irq_usart2
 .text.__irq_usart3
                0x080049dc       0x54 C:\Users\Administrator\AppData\Local\Temp\VMBuilds\STM32_LORA_GS100_V1.0.2_alpha\stm32_genericSTM32F103C\Release/core.a(usart_f1.c.o)
                0x080049dc                __irq_usart3
 .text._usart_clock_freq
                0x08004a30       0x24 C:\Users\Administrator\AppData\Local\Temp\VMBuilds\STM32_LORA_GS100_V1.0.2_alpha\stm32_genericSTM32F103C\Release/core.a(usart_private.c.o)
                0x08004a30                _usart_clock_freq
 .text.usart_putc
                0x08004a54       0x1c C:\Users\Administrator\AppData\Local\Temp\VMBuilds\STM32_LORA_GS100_V1.0.2_alpha\stm32_genericSTM32F103C\Release/core.a(util.c.o)
 .text.usart_putstr
                0x08004a70       0x16 C:\Users\Administrator\AppData\Local\Temp\VMBuilds\STM32_LORA_GS100_V1.0.2_alpha\stm32_genericSTM32F103C\Release/core.a(util.c.o)
 *fill*         0x08004a86        0x2 
 .text.throb    0x08004a88       0x4c C:\Users\Administrator\AppData\Local\Temp\VMBuilds\STM32_LORA_GS100_V1.0.2_alpha\stm32_genericSTM32F103C\Release/core.a(util.c.o)
                0x08004a88                throb
 .text.__error  0x08004ad4       0x14 C:\Users\Administrator\AppData\Local\Temp\VMBuilds\STM32_LORA_GS100_V1.0.2_alpha\stm32_genericSTM32F103C\Release/core.a(util.c.o)
                0x08004ad4                __error
 .text._fail    0x08004ae8       0x64 C:\Users\Administrator\AppData\Local\Temp\VMBuilds\STM32_LORA_GS100_V1.0.2_alpha\stm32_genericSTM32F103C\Release/core.a(util.c.o)
                0x08004ae8                _fail
 .text._ZN14HardwareSerial4readEv
                0x08004b4c       0x4e C:\Users\Administrator\AppData\Local\Temp\VMBuilds\STM32_LORA_GS100_V1.0.2_alpha\stm32_genericSTM32F103C\Release/core.a(HardwareSerial.cpp.o)
                0x08004b4c                HardwareSerial::read()
 .text._ZN14HardwareSerial4peekEv
                0x08004b9a       0x22 C:\Users\Administrator\AppData\Local\Temp\VMBuilds\STM32_LORA_GS100_V1.0.2_alpha\stm32_genericSTM32F103C\Release/core.a(HardwareSerial.cpp.o)
                0x08004b9a                HardwareSerial::peek()
 .text._ZN14HardwareSerial5flushEv
                0x08004bbc       0x1a C:\Users\Administrator\AppData\Local\Temp\VMBuilds\STM32_LORA_GS100_V1.0.2_alpha\stm32_genericSTM32F103C\Release/core.a(HardwareSerial.cpp.o)
                0x08004bbc                HardwareSerial::flush()
 .text._ZN14HardwareSerial5writeEh
                0x08004bd6       0x1e C:\Users\Administrator\AppData\Local\Temp\VMBuilds\STM32_LORA_GS100_V1.0.2_alpha\stm32_genericSTM32F103C\Release/core.a(HardwareSerial.cpp.o)
                0x08004bd6                HardwareSerial::write(unsigned char)
 .text._ZN14HardwareSerial9availableEv
                0x08004bf4       0x26 C:\Users\Administrator\AppData\Local\Temp\VMBuilds\STM32_LORA_GS100_V1.0.2_alpha\stm32_genericSTM32F103C\Release/core.a(HardwareSerial.cpp.o)
                0x08004bf4                HardwareSerial::available()
 *fill*         0x08004c1a        0x2 
 .text._ZN14HardwareSerialC2EP9usart_devhh
                0x08004c1c       0x1c C:\Users\Administrator\AppData\Local\Temp\VMBuilds\STM32_LORA_GS100_V1.0.2_alpha\stm32_genericSTM32F103C\Release/core.a(HardwareSerial.cpp.o)
                0x08004c1c                HardwareSerial::HardwareSerial(usart_dev*, unsigned char, unsigned char)
                0x08004c1c                HardwareSerial::HardwareSerial(usart_dev*, unsigned char, unsigned char)
 .text._ZN14HardwareSerial5beginEmh
                0x08004c38       0x78 C:\Users\Administrator\AppData\Local\Temp\VMBuilds\STM32_LORA_GS100_V1.0.2_alpha\stm32_genericSTM32F103C\Release/core.a(HardwareSerial.cpp.o)
                0x08004c38                HardwareSerial::begin(unsigned long, unsigned char)
 .text._ZN14HardwareSerial5beginEm
                0x08004cb0        0x6 C:\Users\Administrator\AppData\Local\Temp\VMBuilds\STM32_LORA_GS100_V1.0.2_alpha\stm32_genericSTM32F103C\Release/core.a(HardwareSerial.cpp.o)
                0x08004cb0                HardwareSerial::begin(unsigned long)
 .text._ZN14HardwareSerial3endEv
                0x08004cb6        0x6 C:\Users\Administrator\AppData\Local\Temp\VMBuilds\STM32_LORA_GS100_V1.0.2_alpha\stm32_genericSTM32F103C\Release/core.a(HardwareSerial.cpp.o)
                0x08004cb6                HardwareSerial::end()
 .text.set_this_dev
                0x08004cbc       0x1c C:\Users\Administrator\AppData\Local\Temp\VMBuilds\STM32_LORA_GS100_V1.0.2_alpha\stm32_genericSTM32F103C\Release/core.a(HardwareTimer.cpp.o)
 .text._ZN13HardwareTimerC2Eh
                0x08004cd8       0x2c C:\Users\Administrator\AppData\Local\Temp\VMBuilds\STM32_LORA_GS100_V1.0.2_alpha\stm32_genericSTM32F103C\Release/core.a(HardwareTimer.cpp.o)
                0x08004cd8                HardwareTimer::HardwareTimer(unsigned char)
                0x08004cd8                HardwareTimer::HardwareTimer(unsigned char)
 .text._ZN13HardwareTimer5pauseEv
                0x08004d04       0x10 C:\Users\Administrator\AppData\Local\Temp\VMBuilds\STM32_LORA_GS100_V1.0.2_alpha\stm32_genericSTM32F103C\Release/core.a(HardwareTimer.cpp.o)
                0x08004d04                HardwareTimer::pause()
 .text._ZN13HardwareTimer6resumeEv
                0x08004d14       0x10 C:\Users\Administrator\AppData\Local\Temp\VMBuilds\STM32_LORA_GS100_V1.0.2_alpha\stm32_genericSTM32F103C\Release/core.a(HardwareTimer.cpp.o)
                0x08004d14                HardwareTimer::resume()
 .text._ZN13HardwareTimer17setPrescaleFactorEm
                0x08004d24        0xc C:\Users\Administrator\AppData\Local\Temp\VMBuilds\STM32_LORA_GS100_V1.0.2_alpha\stm32_genericSTM32F103C\Release/core.a(HardwareTimer.cpp.o)
                0x08004d24                HardwareTimer::setPrescaleFactor(unsigned long)
 .text._ZN13HardwareTimer8setCountEt
                0x08004d30       0x12 C:\Users\Administrator\AppData\Local\Temp\VMBuilds\STM32_LORA_GS100_V1.0.2_alpha\stm32_genericSTM32F103C\Release/core.a(HardwareTimer.cpp.o)
                0x08004d30                HardwareTimer::setCount(unsigned short)
 .text._ZN13HardwareTimer9setPeriodEm
                0x08004d42       0x3e C:\Users\Administrator\AppData\Local\Temp\VMBuilds\STM32_LORA_GS100_V1.0.2_alpha\stm32_genericSTM32F103C\Release/core.a(HardwareTimer.cpp.o)
                0x08004d42                HardwareTimer::setPeriod(unsigned long)
 .text._ZN13HardwareTimer7setModeEi10timer_mode
                0x08004d80        0x8 C:\Users\Administrator\AppData\Local\Temp\VMBuilds\STM32_LORA_GS100_V1.0.2_alpha\stm32_genericSTM32F103C\Release/core.a(HardwareTimer.cpp.o)
                0x08004d80                HardwareTimer::setMode(int, timer_mode)
 .text._ZN13HardwareTimer10setCompareEit
                0x08004d88       0x1e C:\Users\Administrator\AppData\Local\Temp\VMBuilds\STM32_LORA_GS100_V1.0.2_alpha\stm32_genericSTM32F103C\Release/core.a(HardwareTimer.cpp.o)
                0x08004d88                HardwareTimer::setCompare(int, unsigned short)
 .text._ZN13HardwareTimer15attachInterruptEiPFvvE
                0x08004da6        0x8 C:\Users\Administrator\AppData\Local\Temp\VMBuilds\STM32_LORA_GS100_V1.0.2_alpha\stm32_genericSTM32F103C\Release/core.a(HardwareTimer.cpp.o)
                0x08004da6                HardwareTimer::attachInterrupt(int, void (*)())
 *fill*         0x08004dae        0x2 
 .text.startup._GLOBAL__sub_I__ZN13HardwareTimerC2Eh
                0x08004db0       0x38 C:\Users\Administrator\AppData\Local\Temp\VMBuilds\STM32_LORA_GS100_V1.0.2_alpha\stm32_genericSTM32F103C\Release/core.a(HardwareTimer.cpp.o)
 .text.startup._Z7premainv
                0x08004de8        0x4 C:\Users\Administrator\AppData\Local\Temp\VMBuilds\STM32_LORA_GS100_V1.0.2_alpha\stm32_genericSTM32F103C\Release/core.a(main.cpp.o)
                0x08004de8                premain()
 .text.startup.main
                0x08004dec        0xc C:\Users\Administrator\AppData\Local\Temp\VMBuilds\STM32_LORA_GS100_V1.0.2_alpha\stm32_genericSTM32F103C\Release/core.a(main.cpp.o)
                0x08004dec                main
 .text._ZN5Print5writeEPKc
                0x08004df8       0x1c C:\Users\Administrator\AppData\Local\Temp\VMBuilds\STM32_LORA_GS100_V1.0.2_alpha\stm32_genericSTM32F103C\Release/core.a(Print.cpp.o)
                0x08004df8                Print::write(char const*)
 .text._ZN5Print5writeEPKvm
                0x08004e14       0x20 C:\Users\Administrator\AppData\Local\Temp\VMBuilds\STM32_LORA_GS100_V1.0.2_alpha\stm32_genericSTM32F103C\Release/core.a(Print.cpp.o)
                0x08004e14                Print::write(void const*, unsigned long)
 .text._ZN5Print5printERK6String
                0x08004e34       0x10 C:\Users\Administrator\AppData\Local\Temp\VMBuilds\STM32_LORA_GS100_V1.0.2_alpha\stm32_genericSTM32F103C\Release/core.a(Print.cpp.o)
                0x08004e34                Print::print(String const&)
 .text._ZN5Print5printEc
                0x08004e44        0xa C:\Users\Administrator\AppData\Local\Temp\VMBuilds\STM32_LORA_GS100_V1.0.2_alpha\stm32_genericSTM32F103C\Release/core.a(Print.cpp.o)
                0x08004e44                Print::print(char)
 .text._ZN5Print5printEPKc
                0x08004e4e        0xa C:\Users\Administrator\AppData\Local\Temp\VMBuilds\STM32_LORA_GS100_V1.0.2_alpha\stm32_genericSTM32F103C\Release/core.a(Print.cpp.o)
                0x08004e4e                Print::print(char const*)
 .text._ZN5Print7printlnEv
                0x08004e58       0x18 C:\Users\Administrator\AppData\Local\Temp\VMBuilds\STM32_LORA_GS100_V1.0.2_alpha\stm32_genericSTM32F103C\Release/core.a(Print.cpp.o)
                0x08004e58                Print::println()
 .text._ZN5Print7printlnERK6String
                0x08004e70       0x14 C:\Users\Administrator\AppData\Local\Temp\VMBuilds\STM32_LORA_GS100_V1.0.2_alpha\stm32_genericSTM32F103C\Release/core.a(Print.cpp.o)
                0x08004e70                Print::println(String const&)
 .text._ZN5Print7printlnEPKc
                0x08004e84       0x14 C:\Users\Administrator\AppData\Local\Temp\VMBuilds\STM32_LORA_GS100_V1.0.2_alpha\stm32_genericSTM32F103C\Release/core.a(Print.cpp.o)
                0x08004e84                Print::println(char const*)
 .text._ZN5Print11printNumberEyh
                0x08004e98       0x84 C:\Users\Administrator\AppData\Local\Temp\VMBuilds\STM32_LORA_GS100_V1.0.2_alpha\stm32_genericSTM32F103C\Release/core.a(Print.cpp.o)
                0x08004e98                Print::printNumber(unsigned long long, unsigned char)
 .text._ZN5Print5printExi
                0x08004f1c       0x40 C:\Users\Administrator\AppData\Local\Temp\VMBuilds\STM32_LORA_GS100_V1.0.2_alpha\stm32_genericSTM32F103C\Release/core.a(Print.cpp.o)
                0x08004f1c                Print::print(long long, int)
 .text._ZN5Print5printEii
                0x08004f5c       0x12 C:\Users\Administrator\AppData\Local\Temp\VMBuilds\STM32_LORA_GS100_V1.0.2_alpha\stm32_genericSTM32F103C\Release/core.a(Print.cpp.o)
                0x08004f5c                Print::print(int, int)
 .text._ZN5Print7printlnEii
                0x08004f6e       0x14 C:\Users\Administrator\AppData\Local\Temp\VMBuilds\STM32_LORA_GS100_V1.0.2_alpha\stm32_genericSTM32F103C\Release/core.a(Print.cpp.o)
                0x08004f6e                Print::println(int, int)
 .text._ZN5Print5printEyi
                0x08004f82       0x1c C:\Users\Administrator\AppData\Local\Temp\VMBuilds\STM32_LORA_GS100_V1.0.2_alpha\stm32_genericSTM32F103C\Release/core.a(Print.cpp.o)
                0x08004f82                Print::print(unsigned long long, int)
 .text._ZN5Print5printEhi
                0x08004f9e       0x12 C:\Users\Administrator\AppData\Local\Temp\VMBuilds\STM32_LORA_GS100_V1.0.2_alpha\stm32_genericSTM32F103C\Release/core.a(Print.cpp.o)
                0x08004f9e                Print::print(unsigned char, int)
 .text._ZN5Print7printlnEhi
                0x08004fb0       0x14 C:\Users\Administrator\AppData\Local\Temp\VMBuilds\STM32_LORA_GS100_V1.0.2_alpha\stm32_genericSTM32F103C\Release/core.a(Print.cpp.o)
                0x08004fb0                Print::println(unsigned char, int)
 .text._ZN5Print5printEji
                0x08004fc4       0x12 C:\Users\Administrator\AppData\Local\Temp\VMBuilds\STM32_LORA_GS100_V1.0.2_alpha\stm32_genericSTM32F103C\Release/core.a(Print.cpp.o)
                0x08004fc4                Print::print(unsigned int, int)
 .text._ZN5Print7printlnEji
                0x08004fd6       0x14 C:\Users\Administrator\AppData\Local\Temp\VMBuilds\STM32_LORA_GS100_V1.0.2_alpha\stm32_genericSTM32F103C\Release/core.a(Print.cpp.o)
                0x08004fd6                Print::println(unsigned int, int)
 .text._ZN5Print5printEmi
                0x08004fea       0x12 C:\Users\Administrator\AppData\Local\Temp\VMBuilds\STM32_LORA_GS100_V1.0.2_alpha\stm32_genericSTM32F103C\Release/core.a(Print.cpp.o)
                0x08004fea                Print::print(unsigned long, int)
 *fill*         0x08004ffc        0x4 
 .text._ZN5Print10printFloatEdh
                0x08005000      0x158 C:\Users\Administrator\AppData\Local\Temp\VMBuilds\STM32_LORA_GS100_V1.0.2_alpha\stm32_genericSTM32F103C\Release/core.a(Print.cpp.o)
                0x08005000                Print::printFloat(double, unsigned char)
 .text._ZN5Print7printlnEdi
                0x08005158       0x1c C:\Users\Administrator\AppData\Local\Temp\VMBuilds\STM32_LORA_GS100_V1.0.2_alpha\stm32_genericSTM32F103C\Release/core.a(Print.cpp.o)
                0x08005158                Print::println(double, int)
 .text._Z10analogReadh
                0x08005174       0x1c C:\Users\Administrator\AppData\Local\Temp\VMBuilds\STM32_LORA_GS100_V1.0.2_alpha\stm32_genericSTM32F103C\Release/core.a(wirish_analog.cpp.o)
                0x08005174                analogRead(unsigned char)
 .text._Z11digitalReadh
                0x08005190       0x2c C:\Users\Administrator\AppData\Local\Temp\VMBuilds\STM32_LORA_GS100_V1.0.2_alpha\stm32_genericSTM32F103C\Release/core.a(wirish_digital.cpp.o)
                0x08005190                digitalRead(unsigned char)
 .text._Z12digitalWritehh
                0x080051bc       0x2c C:\Users\Administrator\AppData\Local\Temp\VMBuilds\STM32_LORA_GS100_V1.0.2_alpha\stm32_genericSTM32F103C\Release/core.a(wirish_digital.cpp.o)
                0x080051bc                digitalWrite(unsigned char, unsigned char)
 .text._Z6randoml
                0x080051e8       0x16 C:\Users\Administrator\AppData\Local\Temp\VMBuilds\STM32_LORA_GS100_V1.0.2_alpha\stm32_genericSTM32F103C\Release/core.a(wirish_math.cpp.o)
                0x080051e8                random(long)
 .text._Z6randomll
                0x080051fe       0x14 C:\Users\Administrator\AppData\Local\Temp\VMBuilds\STM32_LORA_GS100_V1.0.2_alpha\stm32_genericSTM32F103C\Release/core.a(wirish_math.cpp.o)
                0x080051fe                random(long, long)
 *fill*         0x08005212        0x2 
 .text._Z8shiftOuthhhh
                0x08005214       0x64 C:\Users\Administrator\AppData\Local\Temp\VMBuilds\STM32_LORA_GS100_V1.0.2_alpha\stm32_genericSTM32F103C\Release/core.a(wirish_shift.cpp.o)
                0x08005214                shiftOut(unsigned char, unsigned char, unsigned char, unsigned char)
 .text._Z5delaym
                0x08005278       0x1c C:\Users\Administrator\AppData\Local\Temp\VMBuilds\STM32_LORA_GS100_V1.0.2_alpha\stm32_genericSTM32F103C\Release/core.a(wirish_time.cpp.o)
                0x08005278                delay(unsigned long)
 .text._Z17delayMicrosecondsm
                0x08005294        0xe C:\Users\Administrator\AppData\Local\Temp\VMBuilds\STM32_LORA_GS100_V1.0.2_alpha\stm32_genericSTM32F103C\Release/core.a(wirish_time.cpp.o)
                0x08005294                delayMicroseconds(unsigned long)
 .text._ZN6StringD2Ev
                0x080052a2        0xe C:\Users\Administrator\AppData\Local\Temp\VMBuilds\STM32_LORA_GS100_V1.0.2_alpha\stm32_genericSTM32F103C\Release/core.a(WString.cpp.o)
                0x080052a2                String::~String()
                0x080052a2                String::~String()
 .text._ZN6String10invalidateEv
                0x080052b0       0x16 C:\Users\Administrator\AppData\Local\Temp\VMBuilds\STM32_LORA_GS100_V1.0.2_alpha\stm32_genericSTM32F103C\Release/core.a(WString.cpp.o)
                0x080052b0                String::invalidate()
 .text._ZN6String12changeBufferEj
                0x080052c6       0x18 C:\Users\Administrator\AppData\Local\Temp\VMBuilds\STM32_LORA_GS100_V1.0.2_alpha\stm32_genericSTM32F103C\Release/core.a(WString.cpp.o)
                0x080052c6                String::changeBuffer(unsigned int)
 .text._ZN6String7reserveEj
                0x080052de       0x22 C:\Users\Administrator\AppData\Local\Temp\VMBuilds\STM32_LORA_GS100_V1.0.2_alpha\stm32_genericSTM32F103C\Release/core.a(WString.cpp.o)
                0x080052de                String::reserve(unsigned int)
 .text._ZN6String4copyEPKcj
                0x08005300       0x26 C:\Users\Administrator\AppData\Local\Temp\VMBuilds\STM32_LORA_GS100_V1.0.2_alpha\stm32_genericSTM32F103C\Release/core.a(WString.cpp.o)
                0x08005300                String::copy(char const*, unsigned int)
 .text._ZN6StringC2EPKc
                0x08005326       0x24 C:\Users\Administrator\AppData\Local\Temp\VMBuilds\STM32_LORA_GS100_V1.0.2_alpha\stm32_genericSTM32F103C\Release/core.a(WString.cpp.o)
                0x08005326                String::String(char const*)
                0x08005326                String::String(char const*)
 .text._ZN6StringaSERKS_
                0x0800534a       0x1e C:\Users\Administrator\AppData\Local\Temp\VMBuilds\STM32_LORA_GS100_V1.0.2_alpha\stm32_genericSTM32F103C\Release/core.a(WString.cpp.o)
                0x0800534a                String::operator=(String const&)
 .text._ZN6StringC2ERKS_
                0x08005368       0x14 C:\Users\Administrator\AppData\Local\Temp\VMBuilds\STM32_LORA_GS100_V1.0.2_alpha\stm32_genericSTM32F103C\Release/core.a(WString.cpp.o)
                0x08005368                String::String(String const&)
                0x08005368                String::String(String const&)
 .text._ZN6String6concatEPKcj
                0x0800537c       0x2e C:\Users\Administrator\AppData\Local\Temp\VMBuilds\STM32_LORA_GS100_V1.0.2_alpha\stm32_genericSTM32F103C\Release/core.a(WString.cpp.o)
                0x0800537c                String::concat(char const*, unsigned int)
 .text._ZN6String6concatEj
                0x080053aa       0x22 C:\Users\Administrator\AppData\Local\Temp\VMBuilds\STM32_LORA_GS100_V1.0.2_alpha\stm32_genericSTM32F103C\Release/core.a(WString.cpp.o)
                0x080053aa                String::concat(unsigned int)
 .text._ZplRK15StringSumHelperPKc
                0x080053cc       0x24 C:\Users\Administrator\AppData\Local\Temp\VMBuilds\STM32_LORA_GS100_V1.0.2_alpha\stm32_genericSTM32F103C\Release/core.a(WString.cpp.o)
                0x080053cc                operator+(StringSumHelper const&, char const*)
 .text._ZplRK15StringSumHelperj
                0x080053f0       0x14 C:\Users\Administrator\AppData\Local\Temp\VMBuilds\STM32_LORA_GS100_V1.0.2_alpha\stm32_genericSTM32F103C\Release/core.a(WString.cpp.o)
                0x080053f0                operator+(StringSumHelper const&, unsigned int)
 .text._Z7pinModeh13WiringPinMode
                0x08005404       0x84 C:\Users\Administrator\AppData\Local\Temp\VMBuilds\STM32_LORA_GS100_V1.0.2_alpha\stm32_genericSTM32F103C\Release/core.a(wirish_digital_f1.cpp.o)
                0x08005404                pinMode(unsigned char, WiringPinMode)
 .text.__empty  0x08005488        0x2 C:\Users\Administrator\AppData\Local\Temp\VMBuilds\STM32_LORA_GS100_V1.0.2_alpha\stm32_genericSTM32F103C\Release/core.a(hooks.c.o)
                0x08005488                yield
 .text.ultoa    0x0800548a       0x52 C:\Users\Administrator\AppData\Local\Temp\VMBuilds\STM32_LORA_GS100_V1.0.2_alpha\stm32_genericSTM32F103C\Release/core.a(itoa.c.o)
                0x0800548a                ultoa
 .text.utoa     0x080054dc        0x4 C:\Users\Administrator\AppData\Local\Temp\VMBuilds\STM32_LORA_GS100_V1.0.2_alpha\stm32_genericSTM32F103C\Release/core.a(itoa.c.o)
                0x080054dc                utoa
 .text.gpio_init
                0x080054e0       0x14 C:\Users\Administrator\AppData\Local\Temp\VMBuilds\STM32_LORA_GS100_V1.0.2_alpha\stm32_genericSTM32F103C\Release/core.a(gpio.c.o)
                0x080054e0                gpio_init
 .text.usart_init
                0x080054f4       0x54 C:\Users\Administrator\AppData\Local\Temp\VMBuilds\STM32_LORA_GS100_V1.0.2_alpha\stm32_genericSTM32F103C\Release/core.a(usart.c.o)
                0x080054f4                usart_init
 .text.usart_enable
                0x08005548       0x14 C:\Users\Administrator\AppData\Local\Temp\VMBuilds\STM32_LORA_GS100_V1.0.2_alpha\stm32_genericSTM32F103C\Release/core.a(usart.c.o)
                0x08005548                usart_enable
 .text.usart_disable
                0x0800555c       0x38 C:\Users\Administrator\AppData\Local\Temp\VMBuilds\STM32_LORA_GS100_V1.0.2_alpha\stm32_genericSTM32F103C\Release/core.a(usart.c.o)
                0x0800555c                usart_disable
 .text.usart_tx
                0x08005594       0x9c C:\Users\Administrator\AppData\Local\Temp\VMBuilds\STM32_LORA_GS100_V1.0.2_alpha\stm32_genericSTM32F103C\Release/core.a(usart.c.o)
                0x08005594                usart_tx
 .text.usart_putudec
                0x08005630       0x44 C:\Users\Administrator\AppData\Local\Temp\VMBuilds\STM32_LORA_GS100_V1.0.2_alpha\stm32_genericSTM32F103C\Release/core.a(usart.c.o)
                0x08005630                usart_putudec
 .text.pow      0x08005674      0x2f8 c:/users/administrator/appdata/local/arduino15/packages/arduino/tools/arm-none-eabi-gcc/4.8.3-2014q1/bin/../lib/gcc/arm-none-eabi/4.8.3/../../../../arm-none-eabi/lib/armv7-m\libm.a(lib_a-w_pow.o)
                0x08005674                pow
 *fill*         0x0800596c        0x4 
 .text.__ieee754_pow
                0x08005970      0xab8 c:/users/administrator/appdata/local/arduino15/packages/arduino/tools/arm-none-eabi-gcc/4.8.3-2014q1/bin/../lib/gcc/arm-none-eabi/4.8.3/../../../../arm-none-eabi/lib/armv7-m\libm.a(lib_a-e_pow.o)
                0x08005970                __ieee754_pow
 .text.__ieee754_sqrt
                0x08006428      0x180 c:/users/administrator/appdata/local/arduino15/packages/arduino/tools/arm-none-eabi-gcc/4.8.3-2014q1/bin/../lib/gcc/arm-none-eabi/4.8.3/../../../../arm-none-eabi/lib/armv7-m\libm.a(lib_a-e_sqrt.o)
                0x08006428                __ieee754_sqrt
 .text.fabs     0x080065a8        0x8 c:/users/administrator/appdata/local/arduino15/packages/arduino/tools/arm-none-eabi-gcc/4.8.3-2014q1/bin/../lib/gcc/arm-none-eabi/4.8.3/../../../../arm-none-eabi/lib/armv7-m\libm.a(lib_a-s_fabs.o)
                0x080065a8                fabs
 .text.finite   0x080065b0        0xc c:/users/administrator/appdata/local/arduino15/packages/arduino/tools/arm-none-eabi-gcc/4.8.3-2014q1/bin/../lib/gcc/arm-none-eabi/4.8.3/../../../../arm-none-eabi/lib/armv7-m\libm.a(lib_a-s_finite.o)
                0x080065b0                finite
 .text.__fpclassifyd
                0x080065bc       0x50 c:/users/administrator/appdata/local/arduino15/packages/arduino/tools/arm-none-eabi-gcc/4.8.3-2014q1/bin/../lib/gcc/arm-none-eabi/4.8.3/../../../../arm-none-eabi/lib/armv7-m\libm.a(lib_a-s_fpclassify.o)
                0x080065bc                __fpclassifyd
 .text.matherr  0x0800660c        0x4 c:/users/administrator/appdata/local/arduino15/packages/arduino/tools/arm-none-eabi-gcc/4.8.3-2014q1/bin/../lib/gcc/arm-none-eabi/4.8.3/../../../../arm-none-eabi/lib/armv7-m\libm.a(lib_a-s_matherr.o)
                0x0800660c                matherr
 .text.nan      0x08006610        0xc c:/users/administrator/appdata/local/arduino15/packages/arduino/tools/arm-none-eabi-gcc/4.8.3-2014q1/bin/../lib/gcc/arm-none-eabi/4.8.3/../../../../arm-none-eabi/lib/armv7-m\libm.a(lib_a-s_nan.o)
                0x08006610                nan
 .text.rint     0x0800661c      0x118 c:/users/administrator/appdata/local/arduino15/packages/arduino/tools/arm-none-eabi-gcc/4.8.3-2014q1/bin/../lib/gcc/arm-none-eabi/4.8.3/../../../../arm-none-eabi/lib/armv7-m\libm.a(lib_a-s_rint.o)
                0x0800661c                rint
 *fill*         0x08006734        0x4 
 .text.scalbn   0x08006738      0x100 c:/users/administrator/appdata/local/arduino15/packages/arduino/tools/arm-none-eabi-gcc/4.8.3-2014q1/bin/../lib/gcc/arm-none-eabi/4.8.3/../../../../arm-none-eabi/lib/armv7-m\libm.a(lib_a-s_scalbn.o)
                0x08006738                scalbn
 .text.copysign
                0x08006838       0x14 c:/users/administrator/appdata/local/arduino15/packages/arduino/tools/arm-none-eabi-gcc/4.8.3-2014q1/bin/../lib/gcc/arm-none-eabi/4.8.3/../../../../arm-none-eabi/lib/armv7-m\libm.a(lib_a-s_copysign.o)
                0x08006838                copysign
 .text          0x0800684c      0x370 c:/users/administrator/appdata/local/arduino15/packages/arduino/tools/arm-none-eabi-gcc/4.8.3-2014q1/bin/../lib/gcc/arm-none-eabi/4.8.3/armv7-m\libgcc.a(_arm_addsubdf3.o)
                0x0800684c                __aeabi_drsub
                0x08006854                __aeabi_dsub
                0x08006854                __subdf3
                0x08006858                __aeabi_dadd
                0x08006858                __adddf3
                0x08006ad0                __floatunsidf
                0x08006ad0                __aeabi_ui2d
                0x08006af0                __floatsidf
                0x08006af0                __aeabi_i2d
                0x08006b14                __aeabi_f2d
                0x08006b14                __extendsfdf2
                0x08006b50                __floatundidf
                0x08006b50                __aeabi_ul2d
                0x08006b60                __floatdidf
                0x08006b60                __aeabi_l2d
 .text          0x08006bbc      0x424 c:/users/administrator/appdata/local/arduino15/packages/arduino/tools/arm-none-eabi-gcc/4.8.3-2014q1/bin/../lib/gcc/arm-none-eabi/4.8.3/armv7-m\libgcc.a(_arm_muldivdf3.o)
                0x08006bbc                __aeabi_dmul
                0x08006bbc                __muldf3
                0x08006e10                __divdf3
                0x08006e10                __aeabi_ddiv
 .text          0x08006fe0      0x110 c:/users/administrator/appdata/local/arduino15/packages/arduino/tools/arm-none-eabi-gcc/4.8.3-2014q1/bin/../lib/gcc/arm-none-eabi/4.8.3/armv7-m\libgcc.a(_arm_cmpdf2.o)
                0x08006fe0                __gtdf2
                0x08006fe0                __gedf2
                0x08006fe8                __ltdf2
                0x08006fe8                __ledf2
                0x08006ff0                __nedf2
                0x08006ff0                __eqdf2
                0x08006ff0                __cmpdf2
                0x0800706c                __aeabi_cdrcmple
                0x0800707c                __aeabi_cdcmpeq
                0x0800707c                __aeabi_cdcmple
                0x0800708c                __aeabi_dcmpeq
                0x080070a0                __aeabi_dcmplt
                0x080070b4                __aeabi_dcmple
                0x080070c8                __aeabi_dcmpge
                0x080070dc                __aeabi_dcmpgt
 .text          0x080070f0       0x50 c:/users/administrator/appdata/local/arduino15/packages/arduino/tools/arm-none-eabi-gcc/4.8.3-2014q1/bin/../lib/gcc/arm-none-eabi/4.8.3/armv7-m\libgcc.a(_arm_fixdfsi.o)
                0x080070f0                __aeabi_d2iz
                0x080070f0                __fixdfsi
 .text          0x08007140       0x40 c:/users/administrator/appdata/local/arduino15/packages/arduino/tools/arm-none-eabi-gcc/4.8.3-2014q1/bin/../lib/gcc/arm-none-eabi/4.8.3/armv7-m\libgcc.a(_arm_fixunsdfsi.o)
                0x08007140                __aeabi_d2uiz
                0x08007140                __fixunsdfsi
 .text          0x08007180       0xa0 c:/users/administrator/appdata/local/arduino15/packages/arduino/tools/arm-none-eabi-gcc/4.8.3-2014q1/bin/../lib/gcc/arm-none-eabi/4.8.3/armv7-m\libgcc.a(_arm_truncdfsf2.o)
                0x08007180                __truncdfsf2
                0x08007180                __aeabi_d2f
 .text          0x08007220      0x21c c:/users/administrator/appdata/local/arduino15/packages/arduino/tools/arm-none-eabi-gcc/4.8.3-2014q1/bin/../lib/gcc/arm-none-eabi/4.8.3/armv7-m\libgcc.a(_arm_addsubsf3.o)
                0x08007220                __aeabi_frsub
                0x08007228                __subsf3
                0x08007228                __aeabi_fsub
                0x0800722c                __aeabi_fadd
                0x0800722c                __addsf3
                0x0800738c                __aeabi_ui2f
                0x0800738c                __floatunsisf
                0x08007394                __aeabi_i2f
                0x08007394                __floatsisf
                0x080073b0                __aeabi_ul2f
                0x080073b0                __floatundisf
                0x080073c0                __aeabi_l2f
                0x080073c0                __floatdisf
 .text          0x0800743c      0x2a0 c:/users/administrator/appdata/local/arduino15/packages/arduino/tools/arm-none-eabi-gcc/4.8.3-2014q1/bin/../lib/gcc/arm-none-eabi/4.8.3/armv7-m\libgcc.a(_arm_muldivsf3.o)
                0x0800743c                __mulsf3
                0x0800743c                __aeabi_fmul
                0x080075a4                __aeabi_fdiv
                0x080075a4                __divsf3
 .text          0x080076dc       0xec c:/users/administrator/appdata/local/arduino15/packages/arduino/tools/arm-none-eabi-gcc/4.8.3-2014q1/bin/../lib/gcc/arm-none-eabi/4.8.3/armv7-m\libgcc.a(_arm_cmpsf2.o)
                0x080076dc                __gesf2
                0x080076dc                __gtsf2
                0x080076e4                __lesf2
                0x080076e4                __ltsf2
                0x080076ec                __nesf2
                0x080076ec                __eqsf2
                0x080076ec                __cmpsf2
                0x0800774c                __aeabi_cfrcmple
                0x08007754                __aeabi_cfcmpeq
                0x08007754                __aeabi_cfcmple
                0x08007764                __aeabi_fcmpeq
                0x08007778                __aeabi_fcmplt
                0x0800778c                __aeabi_fcmple
                0x080077a0                __aeabi_fcmpge
                0x080077b4                __aeabi_fcmpgt
 .text          0x080077c8       0x4c c:/users/administrator/appdata/local/arduino15/packages/arduino/tools/arm-none-eabi-gcc/4.8.3-2014q1/bin/../lib/gcc/arm-none-eabi/4.8.3/armv7-m\libgcc.a(_arm_fixsfsi.o)
                0x080077c8                __aeabi_f2iz
                0x080077c8                __fixsfsi
 .text          0x08007814       0x2c c:/users/administrator/appdata/local/arduino15/packages/arduino/tools/arm-none-eabi-gcc/4.8.3-2014q1/bin/../lib/gcc/arm-none-eabi/4.8.3/armv7-m\libgcc.a(_aeabi_uldivmod.o)
                0x08007814                __aeabi_uldivmod
 .text          0x08007840       0x30 c:/users/administrator/appdata/local/arduino15/packages/arduino/tools/arm-none-eabi-gcc/4.8.3-2014q1/bin/../lib/gcc/arm-none-eabi/4.8.3/armv7-m\libgcc.a(_fixdfdi.o)
                0x08007840                __fixdfdi
                0x08007840                __aeabi_d2lz
 .text          0x08007870       0x44 c:/users/administrator/appdata/local/arduino15/packages/arduino/tools/arm-none-eabi-gcc/4.8.3-2014q1/bin/../lib/gcc/arm-none-eabi/4.8.3/armv7-m\libgcc.a(_fixunsdfdi.o)
                0x08007870                __fixunsdfdi
                0x08007870                __aeabi_d2ulz
 .text          0x080078b4       0x60 c:/users/administrator/appdata/local/arduino15/packages/arduino/tools/arm-none-eabi-gcc/4.8.3-2014q1/bin/../lib/gcc/arm-none-eabi/4.8.3/armv7-m\libgcc.a(bpabi.o)
                0x080078b4                __gnu_ldivmod_helper
                0x080078e4                __gnu_uldivmod_helper
 .text          0x08007914        0x4 c:/users/administrator/appdata/local/arduino15/packages/arduino/tools/arm-none-eabi-gcc/4.8.3-2014q1/bin/../lib/gcc/arm-none-eabi/4.8.3/armv7-m\libgcc.a(_dvmd_tls.o)
                0x08007914                __aeabi_idiv0
                0x08007914                __aeabi_ldiv0
 .text          0x08007918      0x2a0 c:/users/administrator/appdata/local/arduino15/packages/arduino/tools/arm-none-eabi-gcc/4.8.3-2014q1/bin/../lib/gcc/arm-none-eabi/4.8.3/armv7-m\libgcc.a(_divdi3.o)
                0x08007918                __divdi3
 .text          0x08007bb8      0x290 c:/users/administrator/appdata/local/arduino15/packages/arduino/tools/arm-none-eabi-gcc/4.8.3-2014q1/bin/../lib/gcc/arm-none-eabi/4.8.3/armv7-m\libgcc.a(_udivdi3.o)
                0x08007bb8                __udivdi3
 .text.__errno  0x08007e48        0xc c:/users/administrator/appdata/local/arduino15/packages/arduino/tools/arm-none-eabi-gcc/4.8.3-2014q1/bin/../lib/gcc/arm-none-eabi/4.8.3/../../../../arm-none-eabi/lib/armv7-m\libc.a(lib_a-errno.o)
                0x08007e48                __errno
 .text.exit     0x08007e54       0x20 c:/users/administrator/appdata/local/arduino15/packages/arduino/tools/arm-none-eabi-gcc/4.8.3-2014q1/bin/../lib/gcc/arm-none-eabi/4.8.3/../../../../arm-none-eabi/lib/armv7-m\libc.a(lib_a-exit.o)
                0x08007e54                exit
 .text.__libc_init_array
                0x08007e74       0x50 c:/users/administrator/appdata/local/arduino15/packages/arduino/tools/arm-none-eabi-gcc/4.8.3-2014q1/bin/../lib/gcc/arm-none-eabi/4.8.3/../../../../arm-none-eabi/lib/armv7-m\libc.a(lib_a-init.o)
                0x08007e74                __libc_init_array
 .text.malloc   0x08007ec4       0x10 c:/users/administrator/appdata/local/arduino15/packages/arduino/tools/arm-none-eabi-gcc/4.8.3-2014q1/bin/../lib/gcc/arm-none-eabi/4.8.3/../../../../arm-none-eabi/lib/armv7-m\libc.a(lib_a-malloc.o)
                0x08007ec4                malloc
 .text.free     0x08007ed4       0x10 c:/users/administrator/appdata/local/arduino15/packages/arduino/tools/arm-none-eabi-gcc/4.8.3-2014q1/bin/../lib/gcc/arm-none-eabi/4.8.3/../../../../arm-none-eabi/lib/armv7-m\libc.a(lib_a-malloc.o)
                0x08007ed4                free
 .text._malloc_r
                0x08007ee4      0x538 c:/users/administrator/appdata/local/arduino15/packages/arduino/tools/arm-none-eabi-gcc/4.8.3-2014q1/bin/../lib/gcc/arm-none-eabi/4.8.3/../../../../arm-none-eabi/lib/armv7-m\libc.a(lib_a-mallocr.o)
                0x08007ee4                _malloc_r
 .text          0x0800841c       0xec c:/users/administrator/appdata/local/arduino15/packages/arduino/tools/arm-none-eabi-gcc/4.8.3-2014q1/bin/../lib/gcc/arm-none-eabi/4.8.3/../../../../arm-none-eabi/lib/armv7-m\libc.a(lib_a-memcpy.o)
                0x0800841c                memcpy
 .text.memmove  0x08008508       0xcc c:/users/administrator/appdata/local/arduino15/packages/arduino/tools/arm-none-eabi-gcc/4.8.3-2014q1/bin/../lib/gcc/arm-none-eabi/4.8.3/../../../../arm-none-eabi/lib/armv7-m\libc.a(lib_a-memmove.o)
                0x08008508                memmove
 .text.memset   0x080085d4       0x94 c:/users/administrator/appdata/local/arduino15/packages/arduino/tools/arm-none-eabi-gcc/4.8.3-2014q1/bin/../lib/gcc/arm-none-eabi/4.8.3/../../../../arm-none-eabi/lib/armv7-m\libc.a(lib_a-memset.o)
                0x080085d4                memset
 .text.__malloc_lock
                0x08008668        0x4 c:/users/administrator/appdata/local/arduino15/packages/arduino/tools/arm-none-eabi-gcc/4.8.3-2014q1/bin/../lib/gcc/arm-none-eabi/4.8.3/../../../../arm-none-eabi/lib/armv7-m\libc.a(lib_a-mlock.o)
                0x08008668                __malloc_lock
 .text.__malloc_unlock
                0x0800866c        0x4 c:/users/administrator/appdata/local/arduino15/packages/arduino/tools/arm-none-eabi-gcc/4.8.3-2014q1/bin/../lib/gcc/arm-none-eabi/4.8.3/../../../../arm-none-eabi/lib/armv7-m\libc.a(lib_a-mlock.o)
                0x0800866c                __malloc_unlock
 .text.rand     0x08008670       0x40 c:/users/administrator/appdata/local/arduino15/packages/arduino/tools/arm-none-eabi-gcc/4.8.3-2014q1/bin/../lib/gcc/arm-none-eabi/4.8.3/../../../../arm-none-eabi/lib/armv7-m\libc.a(lib_a-rand.o)
                0x08008670                rand
 .text.realloc  0x080086b0       0x10 c:/users/administrator/appdata/local/arduino15/packages/arduino/tools/arm-none-eabi-gcc/4.8.3-2014q1/bin/../lib/gcc/arm-none-eabi/4.8.3/../../../../arm-none-eabi/lib/armv7-m\libc.a(lib_a-realloc.o)
                0x080086b0                realloc
 .text._realloc_r
                0x080086c0      0x3c0 c:/users/administrator/appdata/local/arduino15/packages/arduino/tools/arm-none-eabi-gcc/4.8.3-2014q1/bin/../lib/gcc/arm-none-eabi/4.8.3/../../../../arm-none-eabi/lib/armv7-m\libc.a(lib_a-reallocr.o)
                0x080086c0                _realloc_r
 .text._sbrk_r  0x08008a80       0x24 c:/users/administrator/appdata/local/arduino15/packages/arduino/tools/arm-none-eabi-gcc/4.8.3-2014q1/bin/../lib/gcc/arm-none-eabi/4.8.3/../../../../arm-none-eabi/lib/armv7-m\libc.a(lib_a-sbrkr.o)
                0x08008a80                _sbrk_r
 .text.sprintf  0x08008aa4       0x4c c:/users/administrator/appdata/local/arduino15/packages/arduino/tools/arm-none-eabi-gcc/4.8.3-2014q1/bin/../lib/gcc/arm-none-eabi/4.8.3/../../../../arm-none-eabi/lib/armv7-m\libc.a(lib_a-sprintf.o)
                0x08008aa4                sprintf
 .text.strcpy   0x08008af0       0xbc c:/users/administrator/appdata/local/arduino15/packages/arduino/tools/arm-none-eabi-gcc/4.8.3-2014q1/bin/../lib/gcc/arm-none-eabi/4.8.3/../../../../arm-none-eabi/lib/armv7-m\libc.a(lib_a-strcpy.o)
                0x08008af0                strcpy
 .text.strlen   0x08008bac       0x60 c:/users/administrator/appdata/local/arduino15/packages/arduino/tools/arm-none-eabi-gcc/4.8.3-2014q1/bin/../lib/gcc/arm-none-eabi/4.8.3/../../../../arm-none-eabi/lib/armv7-m\libc.a(lib_a-strlen.o)
                0x08008bac                strlen
 .text._svfprintf_r
                0x08008c0c     0x14e0 c:/users/administrator/appdata/local/arduino15/packages/arduino/tools/arm-none-eabi-gcc/4.8.3-2014q1/bin/../lib/gcc/arm-none-eabi/4.8.3/../../../../arm-none-eabi/lib/armv7-m\libc.a(lib_a-svfprintf.o)
                0x08008c0c                _svfprintf_r
 .text.startup.register_fini
                0x0800a0ec       0x14 c:/users/administrator/appdata/local/arduino15/packages/arduino/tools/arm-none-eabi-gcc/4.8.3-2014q1/bin/../lib/gcc/arm-none-eabi/4.8.3/../../../../arm-none-eabi/lib/armv7-m\libc.a(lib_a-__call_atexit.o)
 .text.__call_exitprocs
                0x0800a100       0xf0 c:/users/administrator/appdata/local/arduino15/packages/arduino/tools/arm-none-eabi-gcc/4.8.3-2014q1/bin/../lib/gcc/arm-none-eabi/4.8.3/../../../../arm-none-eabi/lib/armv7-m\libc.a(lib_a-__call_atexit.o)
                0x0800a100                __call_exitprocs
 .text.atexit   0x0800a1f0        0xc c:/users/administrator/appdata/local/arduino15/packages/arduino/tools/arm-none-eabi-gcc/4.8.3-2014q1/bin/../lib/gcc/arm-none-eabi/4.8.3/../../../../arm-none-eabi/lib/armv7-m\libc.a(lib_a-atexit.o)
                0x0800a1f0                atexit
 .text.quorem   0x0800a1fc      0x134 c:/users/administrator/appdata/local/arduino15/packages/arduino/tools/arm-none-eabi-gcc/4.8.3-2014q1/bin/../lib/gcc/arm-none-eabi/4.8.3/../../../../arm-none-eabi/lib/armv7-m\libc.a(lib_a-dtoa.o)
 .text._dtoa_r  0x0800a330      0xe38 c:/users/administrator/appdata/local/arduino15/packages/arduino/tools/arm-none-eabi-gcc/4.8.3-2014q1/bin/../lib/gcc/arm-none-eabi/4.8.3/../../../../arm-none-eabi/lib/armv7-m\libc.a(lib_a-dtoa.o)
                0x0800a330                _dtoa_r
 .text.__libc_fini_array
                0x0800b168       0x30 c:/users/administrator/appdata/local/arduino15/packages/arduino/tools/arm-none-eabi-gcc/4.8.3-2014q1/bin/../lib/gcc/arm-none-eabi/4.8.3/../../../../arm-none-eabi/lib/armv7-m\libc.a(lib_a-fini.o)
                0x0800b168                __libc_fini_array
 .text._malloc_trim_r
                0x0800b198       0x9c c:/users/administrator/appdata/local/arduino15/packages/arduino/tools/arm-none-eabi-gcc/4.8.3-2014q1/bin/../lib/gcc/arm-none-eabi/4.8.3/../../../../arm-none-eabi/lib/armv7-m\libc.a(lib_a-freer.o)
                0x0800b198                _malloc_trim_r
 .text._free_r  0x0800b234      0x198 c:/users/administrator/appdata/local/arduino15/packages/arduino/tools/arm-none-eabi-gcc/4.8.3-2014q1/bin/../lib/gcc/arm-none-eabi/4.8.3/../../../../arm-none-eabi/lib/armv7-m\libc.a(lib_a-freer.o)
                0x0800b234                _free_r
 .text._localeconv_r
                0x0800b3cc        0x8 c:/users/administrator/appdata/local/arduino15/packages/arduino/tools/arm-none-eabi-gcc/4.8.3-2014q1/bin/../lib/gcc/arm-none-eabi/4.8.3/../../../../arm-none-eabi/lib/armv7-m\libc.a(lib_a-locale.o)
                0x0800b3cc                _localeconv_r
 .text.memchr   0x0800b3d4       0x94 c:/users/administrator/appdata/local/arduino15/packages/arduino/tools/arm-none-eabi-gcc/4.8.3-2014q1/bin/../lib/gcc/arm-none-eabi/4.8.3/../../../../arm-none-eabi/lib/armv7-m\libc.a(lib_a-memchr-stub.o)
                0x0800b3d4                memchr
 .text._Balloc  0x0800b468       0x4c c:/users/administrator/appdata/local/arduino15/packages/arduino/tools/arm-none-eabi-gcc/4.8.3-2014q1/bin/../lib/gcc/arm-none-eabi/4.8.3/../../../../arm-none-eabi/lib/armv7-m\libc.a(lib_a-mprec.o)
                0x0800b468                _Balloc
 .text._Bfree   0x0800b4b4       0x14 c:/users/administrator/appdata/local/arduino15/packages/arduino/tools/arm-none-eabi-gcc/4.8.3-2014q1/bin/../lib/gcc/arm-none-eabi/4.8.3/../../../../arm-none-eabi/lib/armv7-m\libc.a(lib_a-mprec.o)
                0x0800b4b4                _Bfree
 .text.__multadd
                0x0800b4c8       0x94 c:/users/administrator/appdata/local/arduino15/packages/arduino/tools/arm-none-eabi-gcc/4.8.3-2014q1/bin/../lib/gcc/arm-none-eabi/4.8.3/../../../../arm-none-eabi/lib/armv7-m\libc.a(lib_a-mprec.o)
                0x0800b4c8                __multadd
 .text.__hi0bits
                0x0800b55c       0x40 c:/users/administrator/appdata/local/arduino15/packages/arduino/tools/arm-none-eabi-gcc/4.8.3-2014q1/bin/../lib/gcc/arm-none-eabi/4.8.3/../../../../arm-none-eabi/lib/armv7-m\libc.a(lib_a-mprec.o)
                0x0800b55c                __hi0bits
 .text.__lo0bits
                0x0800b59c       0x5c c:/users/administrator/appdata/local/arduino15/packages/arduino/tools/arm-none-eabi-gcc/4.8.3-2014q1/bin/../lib/gcc/arm-none-eabi/4.8.3/../../../../arm-none-eabi/lib/armv7-m\libc.a(lib_a-mprec.o)
                0x0800b59c                __lo0bits
 .text.__i2b    0x0800b5f8       0x14 c:/users/administrator/appdata/local/arduino15/packages/arduino/tools/arm-none-eabi-gcc/4.8.3-2014q1/bin/../lib/gcc/arm-none-eabi/4.8.3/../../../../arm-none-eabi/lib/armv7-m\libc.a(lib_a-mprec.o)
                0x0800b5f8                __i2b
 .text.__multiply