Archive member included because of file (symbol)

C:\Users\Administrator\AppData\Local\Temp\VMBuilds\STM32_LORA_GS100_V1.0.3_alpha\stm32_genericSTM32F103C\Debug/core.a(exc.S.o)
                              (__exc_hardfault)
C:\Users\Administrator\AppData\Local\Temp\VMBuilds\STM32_LORA_GS100_V1.0.3_alpha\stm32_genericSTM32F103C\Debug/core.a(isrs.S.o)
                              (__stm32reservedexception7)
C:\Users\Administrator\AppData\Local\Temp\VMBuilds\STM32_LORA_GS100_V1.0.3_alpha\stm32_genericSTM32F103C\Debug/core.a(vector_table.S.o)
                              (__stm32_vector_table)
C:\Users\Administrator\AppData\Local\Temp\VMBuilds\STM32_LORA_GS100_V1.0.3_alpha\stm32_genericSTM32F103C\Debug/core.a(adc.c.o)
                              C:\Users\Administrator\AppData\Local\Temp\VMBCore\arduino16x\2752fd7be5c089007b9fd13dbb2a4e79\variant\boards.cpp.o (adc_set_sample_rate)
C:\Users\Administrator\AppData\Local\Temp\VMBuilds\STM32_LORA_GS100_V1.0.3_alpha\stm32_genericSTM32F103C\Debug/core.a(adc_f1.c.o)
                              C:\Users\Administrator\AppData\Local\Temp\VMBCore\arduino16x\2752fd7be5c089007b9fd13dbb2a4e79\variant\boards.cpp.o (adc_set_prescaler)
C:\Users\Administrator\AppData\Local\Temp\VMBuilds\STM32_LORA_GS100_V1.0.3_alpha\stm32_genericSTM32F103C\Debug/core.a(bkp_f1.c.o)
                              STM32_LORA_GS100_V1.0.3_alpha.cpp.o (bkp_init)
C:\Users\Administrator\AppData\Local\Temp\VMBuilds\STM32_LORA_GS100_V1.0.3_alpha\stm32_genericSTM32F103C\Debug/core.a(flash.c.o)
                              C:\Users\Administrator\AppData\Local\Temp\VMBCore\arduino16x\2752fd7be5c089007b9fd13dbb2a4e79\variant\boards.cpp.o (flash_set_latency)
C:\Users\Administrator\AppData\Local\Temp\VMBuilds\STM32_LORA_GS100_V1.0.3_alpha\stm32_genericSTM32F103C\Debug/core.a(gpio_f1.c.o)
                              C:\Users\Administrator\AppData\Local\Temp\VMBCore\arduino16x\2752fd7be5c089007b9fd13dbb2a4e79\variant\boards_setup.cpp.o (gpio_init_all)
C:\Users\Administrator\AppData\Local\Temp\VMBuilds\STM32_LORA_GS100_V1.0.3_alpha\stm32_genericSTM32F103C\Debug/core.a(iwdg.c.o)
                              LoRa.cpp.o (iwdg_feed)
C:\Users\Administrator\AppData\Local\Temp\VMBuilds\STM32_LORA_GS100_V1.0.3_alpha\stm32_genericSTM32F103C\Debug/core.a(nvic.c.o)
                              C:\Users\Administrator\AppData\Local\Temp\VMBCore\arduino16x\2752fd7be5c089007b9fd13dbb2a4e79\variant\boards.cpp.o (nvic_init)
C:\Users\Administrator\AppData\Local\Temp\VMBuilds\STM32_LORA_GS100_V1.0.3_alpha\stm32_genericSTM32F103C\Debug/core.a(pwr.c.o)
                              STM32_LORA_GS100_V1.0.3_alpha.cpp.o (PWR_WakeUpPinCmd)
C:\Users\Administrator\AppData\Local\Temp\VMBuilds\STM32_LORA_GS100_V1.0.3_alpha\stm32_genericSTM32F103C\Debug/core.a(rcc.c.o)
                              C:\Users\Administrator\AppData\Local\Temp\VMBCore\arduino16x\2752fd7be5c089007b9fd13dbb2a4e79\variant\boards.cpp.o (rcc_switch_sysclk)
C:\Users\Administrator\AppData\Local\Temp\VMBuilds\STM32_LORA_GS100_V1.0.3_alpha\stm32_genericSTM32F103C\Debug/core.a(rcc_f1.c.o)
                              C:\Users\Administrator\AppData\Local\Temp\VMBCore\arduino16x\2752fd7be5c089007b9fd13dbb2a4e79\variant\boards.cpp.o (rcc_configure_pll)
C:\Users\Administrator\AppData\Local\Temp\VMBuilds\STM32_LORA_GS100_V1.0.3_alpha\stm32_genericSTM32F103C\Debug/core.a(systick.c.o)
                              C:\Users\Administrator\AppData\Local\Temp\VMBCore\arduino16x\2752fd7be5c089007b9fd13dbb2a4e79\variant\boards.cpp.o (systick_init)
C:\Users\Administrator\AppData\Local\Temp\VMBuilds\STM32_LORA_GS100_V1.0.3_alpha\stm32_genericSTM32F103C\Debug/core.a(timer.c.o)
                              C:\Users\Administrator\AppData\Local\Temp\VMBCore\arduino16x\2752fd7be5c089007b9fd13dbb2a4e79\variant\boards.cpp.o (timer_foreach)
C:\Users\Administrator\AppData\Local\Temp\VMBuilds\STM32_LORA_GS100_V1.0.3_alpha\stm32_genericSTM32F103C\Debug/core.a(usart_f1.c.o)
                              C:\Users\Administrator\AppData\Local\Temp\VMBCore\arduino16x\2752fd7be5c089007b9fd13dbb2a4e79\variant\board.cpp.o (USART3)
C:\Users\Administrator\AppData\Local\Temp\VMBuilds\STM32_LORA_GS100_V1.0.3_alpha\stm32_genericSTM32F103C\Debug/core.a(usart_private.c.o)
                              C:\Users\Administrator\AppData\Local\Temp\VMBuilds\STM32_LORA_GS100_V1.0.3_alpha\stm32_genericSTM32F103C\Debug/core.a(usart_f1.c.o) (_usart_clock_freq)
C:\Users\Administrator\AppData\Local\Temp\VMBuilds\STM32_LORA_GS100_V1.0.3_alpha\stm32_genericSTM32F103C\Debug/core.a(util.c.o)
                              C:\Users\Administrator\AppData\Local\Temp\VMBuilds\STM32_LORA_GS100_V1.0.3_alpha\stm32_genericSTM32F103C\Debug/core.a(exc.S.o) (__error)
C:\Users\Administrator\AppData\Local\Temp\VMBuilds\STM32_LORA_GS100_V1.0.3_alpha\stm32_genericSTM32F103C\Debug/core.a(HardwareSerial.cpp.o)
                              Command_Analysis.cpp.o (HardwareSerial::read())
[...]
Memory Configuration

Name             Origin             Length             Attributes
ram              0x20000000         0x00005000         xrw
rom              0x08000000         0x00010000         xr
*default*        0x00000000         0xffffffff

Linker script and memory map

LOAD c:/users/administrator/appdata/local/arduino15/packages/arduino/tools/arm-none-eabi-gcc/4.8.3-2014q1/bin/../lib/gcc/arm-none-eabi/4.8.3/armv7-m/crti.o
LOAD c:/users/administrator/appdata/local/arduino15/packages/arduino/tools/arm-none-eabi-gcc/4.8.3-2014q1/bin/../lib/gcc/arm-none-eabi/4.8.3/armv7-m/crtbegin.o
LOAD c:/users/administrator/appdata/local/arduino15/packages/arduino/tools/arm-none-eabi-gcc/4.8.3-2014q1/bin/../lib/gcc/arm-none-eabi/4.8.3/../../../../arm-none-eabi/lib/armv7-m/crt0.o
LOAD c:/users/administrator/appdata/local/arduino15/packages/arduino/tools/arm-none-eabi-gcc/4.8.3-2014q1/bin/../lib/gcc/arm-none-eabi/4.8.3/armv7-m\libgcc.a
START GROUP
LOAD STM32_LORA_GS100_V1.0.3_alpha.cpp.o
LOAD User_Clock.c.o
LOAD AT24CXX.cpp.o
LOAD BCD_CON.cpp.o
LOAD Command_Analysis.cpp.o
LOAD fun_periph.cpp.o
LOAD LoRa.cpp.o
LOAD Memory.cpp.o
LOAD private_i2c.cpp.o
LOAD Private_RTC.cpp.o
LOAD private_sensor.cpp.o
LOAD public.cpp.o
LOAD receipt.cpp.o
LOAD SHT1x.cpp.o
LOAD SoftwareI2C.cpp.o
LOAD User_CRC8.cpp.o
LOAD MAX44009\i2c.cpp.o
LOAD RTClock\RTClock.cpp.o
LOAD RTClock\utility\rtc_util.c.o
LOAD C:\Users\Administrator\AppData\Local\Temp\VMBCore\arduino16x\2752fd7be5c089007b9fd13dbb2a4e79\variant\board.cpp.o
LOAD C:\Users\Administrator\AppData\Local\Temp\VMBCore\arduino16x\2752fd7be5c089007b9fd13dbb2a4e79\variant\boards.cpp.o
LOAD C:\Users\Administrator\AppData\Local\Temp\VMBCore\arduino16x\2752fd7be5c089007b9fd13dbb2a4e79\variant\boards_setup.cpp.o
LOAD C:\Users\Administrator\AppData\Local\Temp\VMBCore\arduino16x\2752fd7be5c089007b9fd13dbb2a4e79\variant\start.S.o
LOAD C:\Users\Administrator\AppData\Local\Temp\VMBCore\arduino16x\2752fd7be5c089007b9fd13dbb2a4e79\variant\start_c.c.o
LOAD C:\Users\Administrator\AppData\Local\Temp\VMBCore\arduino16x\2752fd7be5c089007b9fd13dbb2a4e79\variant\syscalls.c.o
LOAD C:\Users\Administrator\AppData\Local\Temp\VMBuilds\STM32_LORA_GS100_V1.0.3_alpha\stm32_genericSTM32F103C\Debug/core.a
END GROUP
LOAD c:/users/administrator/appdata/local/arduino15/packages/arduino/tools/arm-none-eabi-gcc/4.8.3-2014q1/bin/../lib/gcc/arm-none-eabi/4.8.3/../../../../arm-none-eabi/lib/armv7-m\libstdc++.a
LOAD c:/users/administrator/appdata/local/arduino15/packages/arduino/tools/arm-none-eabi-gcc/4.8.3-2014q1/bin/../lib/gcc/arm-none-eabi/4.8.3/../../../../arm-none-eabi/lib/armv7-m\libm.a
START GROUP
LOAD c:/users/administrator/appdata/local/arduino15/packages/arduino/tools/arm-none-eabi-gcc/4.8.3-2014q1/bin/../lib/gcc/arm-none-eabi/4.8.3/armv7-m\libgcc.a
LOAD c:/users/administrator/appdata/local/arduino15/packages/arduino/tools/arm-none-eabi-gcc/4.8.3-2014q1/bin/../lib/gcc/arm-none-eabi/4.8.3/../../../../arm-none-eabi/lib/armv7-m\libc.a
END GROUP
LOAD c:/users/administrator/appdata/local/arduino15/packages/arduino/tools/arm-none-eabi-gcc/4.8.3-2014q1/bin/../lib/gcc/arm-none-eabi/4.8.3/armv7-m/crtend.o
LOAD c:/users/administrator/appdata/local/arduino15/packages/arduino/tools/arm-none-eabi-gcc/4.8.3-2014q1/bin/../lib/gcc/arm-none-eabi/4.8.3/armv7-m/crtn.o
START GROUP
LOAD c:/users/administrator/appdata/local/arduino15/packages/arduino/tools/arm-none-eabi-gcc/4.8.3-2014q1/bin/../lib/gcc/arm-none-eabi/4.8.3/armv7-m\libgcc.a
LOAD c:/users/administrator/appdata/local/arduino15/packages/arduino/tools/arm-none-eabi-gcc/4.8.3-2014q1/bin/../lib/gcc/arm-none-eabi/4.8.3/../../../../arm-none-eabi/lib/armv7-m\libc.a
LOAD c:/users/administrator/appdata/local/arduino15/packages/arduino/tools/arm-none-eabi-gcc/4.8.3-2014q1/bin/../lib/gcc/arm-none-eabi/4.8.3/../../../../arm-none-eabi/lib/armv7-m\libm.a
END GROUP
START GROUP
LOAD c:/users/administrator/appdata/local/arduino15/packages/arduino/tools/arm-none-eabi-gcc/4.8.3-2014q1/bin/../lib/gcc/arm-none-eabi/4.8.3/../../../../arm-none-eabi/lib/armv7-m\libnosys.a
END GROUP
                0x20005000                PROVIDE (__msp_init, (ORIGIN (ram) + 0x5000))
                0x08004150                PROVIDE (__exc_reset, __start__)

.text           0x08000000     0xc0d0
                0x08000000                __text_start__ = .
 *(.stm32.interrupt_vector)
 .stm32.interrupt_vector
                0x08000000       0xec C:\Users\Administrator\AppData\Local\Temp\VMBuilds\STM32_LORA_GS100_V1.0.3_alpha\stm32_genericSTM32F103C\Debug/core.a(vector_table.S.o)
                0x08000000                __stm32_vector_table
 *(.text .text.* .gnu.linkonce.t.*)
 .text          0x080000ec       0x54 c:/users/administrator/appdata/local/arduino15/packages/arduino/tools/arm-none-eabi-gcc/4.8.3-2014q1/bin/../lib/gcc/arm-none-eabi/4.8.3/armv7-m/crtbegin.o
 .text._Z22Request_Access_Networkv
                0x08000140       0xf8 STM32_LORA_GS100_V1.0.3_alpha.cpp.o
                0x08000140                Request_Access_Network()
 .text._Z31Data_Communication_with_Gatewayv
                0x08000238       0x60 STM32_LORA_GS100_V1.0.3_alpha.cpp.o
                0x08000238                Data_Communication_with_Gateway()
 .text._Z5Sleepv
                0x08000298       0x50 STM32_LORA_GS100_V1.0.3_alpha.cpp.o
                0x08000298                Sleep()
 .text._Z4loopv
                0x080002e8       0x1c STM32_LORA_GS100_V1.0.3_alpha.cpp.o
                0x080002e8                loop()
 .text._Z24Key_Reset_LoRa_Parameterv
                0x08000304       0x58 STM32_LORA_GS100_V1.0.3_alpha.cpp.o
                0x08000304                Key_Reset_LoRa_Parameter()
 .text._Z5setupv
                0x0800035c      0x2d4 STM32_LORA_GS100_V1.0.3_alpha.cpp.o
                0x0800035c                setup()
 .text.monthLength
                0x08000630       0x20 User_Clock.c.o
 .text.osal_ConvertUTCTime
                0x08000650      0x118 User_Clock.c.o
                0x08000650                osal_ConvertUTCTime
 .text.osal_ConvertUTCSecs
                0x08000768       0xbc User_Clock.c.o
                0x08000768                osal_ConvertUTCSecs
 .text._ZN7AT24Cxx8I2C_InitEv
                0x08000824        0x4 AT24CXX.cpp.o
                0x08000824                AT24Cxx::I2C_Init()
 .text._ZN7AT24Cxx19AT24CXX_ReadOneByteEj
                0x08000828       0x5c AT24CXX.cpp.o
                0x08000828                AT24Cxx::AT24CXX_ReadOneByte(unsigned int)
 .text._ZN7AT24Cxx20AT24CXX_WriteOneByteEjh
                0x08000884       0x4e AT24CXX.cpp.o
                0x08000884                AT24Cxx::AT24CXX_WriteOneByte(unsigned int, unsigned char)
 *fill*         0x080008d2        0x2 
 .text._Z7ASC2BCDPhPcj
                0x080008d4       0x70 BCD_CON.cpp.o
                0x080008d4                ASC2BCD(unsigned char*, char*, unsigned int)
 .text._Z7PackBCDPcfii
                0x08000944      0x160 BCD_CON.cpp.o
                0x08000944                PackBCD(char*, float, int, int)
 .text._ZN16Command_Analysis16FrameID_AnalysisEv
                0x08000aa4       0x24 Command_Analysis.cpp.o
                0x08000aa4                Command_Analysis::FrameID_Analysis()
 .text._ZN16Command_Analysis11Verify_CRC8Ehh
                0x08000ac8       0x28 Command_Analysis.cpp.o
                0x08000ac8                Command_Analysis::Verify_CRC8(unsigned char, unsigned char)
 .text._ZN16Command_Analysis21Verify_Device_Type_IDEv
                0x08000af0       0x18 Command_Analysis.cpp.o
                0x08000af0                Command_Analysis::Verify_Device_Type_ID()
 .text._ZN16Command_Analysis20Verify_Mass_CommandsEv
                0x08000b08       0x1c Command_Analysis.cpp.o
                0x08000b08                Command_Analysis::Verify_Mass_Commands()
 .text._ZN16Command_Analysis18Verify_Area_NumberEv
                0x08000b24       0x2c Command_Analysis.cpp.o
                0x08000b24                Command_Analysis::Verify_Area_Number()
 .text._ZN16Command_Analysis17Verify_Work_GroupEv
                0x08000b50       0x40 Command_Analysis.cpp.o
                0x08000b50                Command_Analysis::Verify_Work_Group()
 .text._ZN16Command_Analysis21Verify_Frame_ValidityEhhbb
                0x08000b90       0x70 Command_Analysis.cpp.o
                0x08000b90                Command_Analysis::Verify_Frame_Validity(unsigned char, unsigned char, bool, bool)
 .text._ZN16Command_Analysis23Query_Current_Work_ParaEv
                0x08000c00       0x84 Command_Analysis.cpp.o
                0x08000c00                Command_Analysis::Query_Current_Work_Para()
 .text._ZN16Command_Analysis16Set_Group_NumberEv
                0x08000c84       0x88 Command_Analysis.cpp.o
                0x08000c84                Command_Analysis::Set_Group_Number()
 .text._ZN16Command_Analysis19Set_SN_Area_ChannelEv
                0x08000d0c       0xb4 Command_Analysis.cpp.o
                0x08000d0c                Command_Analysis::Set_SN_Area_Channel()
 .text._ZN16Command_Analysis20Detailed_Work_StatusEv
                0x08000dc0       0x48 Command_Analysis.cpp.o
                0x08000dc0                Command_Analysis::Detailed_Work_Status()
 .text._ZN16Command_Analysis21Receive_Data_AnalysisEv
                0x08000e08       0x3e Command_Analysis.cpp.o
                0x08000e08                Command_Analysis::Receive_Data_Analysis()
 *fill*         0x08000e46        0x2 
 .text._ZN16Command_Analysis16Receive_LoRa_CmdEv
                0x08000e48      0x124 Command_Analysis.cpp.o
                0x08000e48                Command_Analysis::Receive_LoRa_Cmd()
 .text._Z13LED_Interruptv
                0x08000f6c       0x60 fun_periph.cpp.o
                0x08000f6c                LED_Interrupt()
 .text._ZN16Some_Peripherals22Peripheral_GPIO_ConfigEv
                0x08000fcc       0x4c fun_periph.cpp.o
                0x08000fcc                Some_Peripherals::Peripheral_GPIO_Config()
 .text._ZN16Some_Peripherals11LED_DisplayE3LEDh
                0x08001018       0x54 fun_periph.cpp.o
                0x08001018                Some_Peripherals::LED_Display(LED, unsigned char)
 .text._ZN16Some_Peripherals8Stop_LEDEv
                0x0800106c       0x20 fun_periph.cpp.o
                0x0800106c                Some_Peripherals::Stop_LED()
 .text._ZN16Some_Peripherals9Start_LEDEv
                0x0800108c        0xc fun_periph.cpp.o
                0x0800108c                Some_Peripherals::Start_LED()
 .text._ZN16Some_Peripherals11Get_VoltageEv
                0x08001098       0x78 fun_periph.cpp.o
                0x08001098                Some_Peripherals::Get_Voltage()
 .text._ZN4LoRa16LoRa_GPIO_ConfigEv
                0x08001110       0x46 LoRa.cpp.o
                0x08001110                LoRa::LoRa_GPIO_Config()
 *fill*         0x08001156        0x2 
 .text._ZN4LoRa8BaudRateEj
                0x08001158        0xc LoRa.cpp.o
                0x08001158                LoRa::BaudRate(unsigned int)
 .text._ZN4LoRa7IsResetEb
                0x08001164       0x20 LoRa.cpp.o
                0x08001164                LoRa::IsReset(bool)
 .text._ZN4LoRa13LoRa_ShutdownEv
                0x08001184       0x40 LoRa.cpp.o
                0x08001184                LoRa::LoRa_Shutdown()
 .text._ZN4LoRa20Detect_Error_ReceiptEPh
                0x080011c4       0x38 LoRa.cpp.o
                0x080011c4                LoRa::Detect_Error_Receipt(unsigned char*)
 .text._ZN4LoRa17Detect_OK_ReceiptEPhS0_
                0x080011fc       0x1a LoRa.cpp.o
                0x080011fc                LoRa::Detect_OK_Receipt(unsigned char*, unsigned char*)
 .text._ZN4LoRa7Get_CSQEPhhS0_
                0x08001216       0x2a LoRa.cpp.o
                0x08001216                LoRa::Get_CSQ(unsigned char*, unsigned char, unsigned char*)
 .text._ZN4LoRa13Parse_CommandEPhhS0_PS0_
                0x08001240       0x6c LoRa.cpp.o
                0x08001240                LoRa::Parse_Command(unsigned char*, unsigned char, unsigned char*, unsigned char**)
 .text._ZN4LoRa4ModeE9LoRa_Mode
                0x080012ac       0x64 LoRa.cpp.o
                0x080012ac                LoRa::Mode(LoRa_Mode)
 .text._ZN4LoRa12LoRa_RestartEv
                0x08001310       0x30 LoRa.cpp.o
                0x08001310                LoRa::LoRa_Restart()
 .text._ZN4LoRa12AT_Query_CmdEPKcPhS2_
                0x08001340       0xdc LoRa.cpp.o
                0x08001340                LoRa::AT_Query_Cmd(char const*, unsigned char*, unsigned char*)
 .text._ZN4LoRa13AT_Config_CmdEPKcS1_Ph
                0x0800141c      0x124 LoRa.cpp.o
                0x0800141c                LoRa::AT_Config_Cmd(char const*, char const*, unsigned char*)
 .text._ZN4LoRa7LoRa_ATEPhbPKcS2_
                0x08001540       0xb0 LoRa.cpp.o
                0x08001540                LoRa::LoRa_AT(unsigned char*, bool, char const*, char const*)
 .text._ZN4LoRa10Rewrite_IDEv
                0x080015f0       0xf8 LoRa.cpp.o
                0x080015f0                LoRa::Rewrite_ID()
 .text._ZN4LoRa11Param_CheckEPKcS1_b
                0x080016e8      0x144 LoRa.cpp.o
                0x080016e8                LoRa::Param_Check(char const*, char const*, bool)
 .text._ZN4LoRa14Parameter_InitEb
                0x0800182c      0x1d8 LoRa.cpp.o
                0x0800182c                LoRa::Parameter_Init(bool)
 .text._ZN17EEPROM_Operations18EEPROM_GPIO_ConfigEv
                0x08001a04       0x1e Memory.cpp.o
                0x08001a04                EEPROM_Operations::EEPROM_GPIO_Config()
 .text._ZN17EEPROM_Operations20EEPROM_Write_DisableEv
                0x08001a22       0x14 Memory.cpp.o
                0x08001a22                EEPROM_Operations::EEPROM_Write_Disable()
 .text._ZN17EEPROM_Operations19EEPROM_Write_EnableEv
                0x08001a36       0x14 Memory.cpp.o
                0x08001a36                EEPROM_Operations::EEPROM_Write_Enable()
 .text._ZN13SN_Operations12Save_SN_CodeEPh
                0x08001a4a       0x76 Memory.cpp.o
                0x08001a4a                SN_Operations::Save_SN_Code(unsigned char*)
 .text._ZN13SN_Operations16Save_BKP_SN_CodeEPh
                0x08001ac0       0x76 Memory.cpp.o
                0x08001ac0                SN_Operations::Save_BKP_SN_Code(unsigned char*)
 .text._ZN13SN_Operations12Read_SN_CodeEPh
                0x08001b36       0x58 Memory.cpp.o
                0x08001b36                SN_Operations::Read_SN_Code(unsigned char*)
 .text._ZN13SN_Operations16Read_BKP_SN_CodeEPh
                0x08001b8e       0x58 Memory.cpp.o
                0x08001b8e                SN_Operations::Read_BKP_SN_Code(unsigned char*)
 .text._ZN13SN_Operations16Read_Random_SeedEPh
                0x08001be6       0x2a Memory.cpp.o
                0x08001be6                SN_Operations::Read_Random_Seed(unsigned char*)
 .text._ZN13SN_Operations18Clear_SN_Save_FlagEv
                0x08001c10       0x2a Memory.cpp.o
                0x08001c10                SN_Operations::Clear_SN_Save_Flag()
 .text._ZN13SN_Operations22Clear_BKP_SN_Save_FlagEv
                0x08001c3a       0x2a Memory.cpp.o
                0x08001c3a                SN_Operations::Clear_BKP_SN_Save_Flag()
 .text._ZN13SN_Operations26Set_SN_Access_Network_FlagEv
                0x08001c64       0x2a Memory.cpp.o
                0x08001c64                SN_Operations::Set_SN_Access_Network_Flag()
 .text._ZN13SN_Operations28Clear_SN_Access_Network_FlagEv
                0x08001c8e       0x4c Memory.cpp.o
                0x08001c8e                SN_Operations::Clear_SN_Access_Network_Flag()
 .text._ZN13SN_Operations29Verify_SN_Access_Network_FlagEv
                0x08001cda       0x12 Memory.cpp.o
                0x08001cda                SN_Operations::Verify_SN_Access_Network_Flag()
 .text._ZN13SN_Operations10Self_CheckEPh
                0x08001cec       0x88 Memory.cpp.o
                0x08001cec                SN_Operations::Self_Check(unsigned char*)
 .text._ZN11LoRa_Config21Save_LoRa_Config_FlagEv
                0x08001d74       0x1c Memory.cpp.o
                0x08001d74                LoRa_Config::Save_LoRa_Config_Flag()
 .text._ZN11LoRa_Config23Verify_LoRa_Config_FlagEv
                0x08001d90       0x12 Memory.cpp.o
                0x08001d90                LoRa_Config::Verify_LoRa_Config_Flag()
 .text._ZN11LoRa_Config22Clear_LoRa_Config_FlagEv
                0x08001da2       0x1c Memory.cpp.o
                0x08001da2                LoRa_Config::Clear_LoRa_Config_Flag()
 *fill*         0x08001dbe        0x2 
 .text._ZN11LoRa_Config14Read_LoRa_AddrEPh
                0x08001dc0       0x5c Memory.cpp.o
                0x08001dc0                LoRa_Config::Read_LoRa_Addr(unsigned char*)
 .text._ZN11LoRa_Config19Save_LoRa_Addr_FlagEv
                0x08001e1c       0x2a Memory.cpp.o
                0x08001e1c                LoRa_Config::Save_LoRa_Addr_Flag()
 .text._ZN11LoRa_Config20Clear_LoRa_Addr_FlagEv
                0x08001e46       0x28 Memory.cpp.o
                0x08001e46                LoRa_Config::Clear_LoRa_Addr_Flag()
 *fill*         0x08001e6e        0x2 
 .text._ZN11LoRa_Config14Save_LoRa_AddrEPh
                0x08001e70       0x84 Memory.cpp.o
                0x08001e70                LoRa_Config::Save_LoRa_Addr(unsigned char*)
 .text._ZN11LoRa_Config21Verify_LoRa_Addr_FlagEv
                0x08001ef4       0x12 Memory.cpp.o
                0x08001ef4                LoRa_Config::Verify_LoRa_Addr_Flag()
 .text._ZN17Soft_Hard_Vertion21Read_hardware_versionEh
                0x08001f06        0x4 Memory.cpp.o
                0x08001f06                Soft_Hard_Vertion::Read_hardware_version(unsigned char)
 .text._ZN17Soft_Hard_Vertion21Read_Software_versionEh
                0x08001f0a        0x4 Memory.cpp.o
                0x08001f0a                Soft_Hard_Vertion::Read_Software_version(unsigned char)
 .text._ZN17Soft_Hard_Vertion21Save_Software_versionEhh
                0x08001f0e       0x2a Memory.cpp.o
                0x08001f0e                Soft_Hard_Vertion::Save_Software_version(unsigned char, unsigned char)
 .text._ZN17Soft_Hard_Vertion21Save_hardware_versionEhh
                0x08001f38       0x2a Memory.cpp.o
                0x08001f38                Soft_Hard_Vertion::Save_hardware_version(unsigned char, unsigned char)
 .text._ZN19Control_Information17Save_Group_NumberEPh
                0x08001f62       0x76 Memory.cpp.o
                0x08001f62                Control_Information::Save_Group_Number(unsigned char*)
 .text._ZN19Control_Information17Read_Group_NumberEPh
                0x08001fd8       0x1e Memory.cpp.o
                0x08001fd8                Control_Information::Read_Group_Number(unsigned char*)
 .text._ZN19Control_Information18Clear_Group_NumberEv
                0x08001ff6       0x42 Memory.cpp.o
                0x08001ff6                Control_Information::Clear_Group_Number()
 .text._ZN19Control_Information16Save_Area_NumberEh
                0x08002038       0x5a Memory.cpp.o
                0x08002038                Control_Information::Save_Area_Number(unsigned char)
 .text._ZN19Control_Information16Read_Area_NumberEv
                0x08002092        0x6 Memory.cpp.o
                0x08002092                Control_Information::Read_Area_Number()
 .text._ZN19Control_Information17Clear_Area_NumberEv
                0x08002098       0x1c Memory.cpp.o
                0x08002098                Control_Information::Clear_Area_Number()
 .text._ZN26Work_Parameter_Information17Save_Collect_TimeEj
                0x080020b4       0x70 Memory.cpp.o
                0x080020b4                Work_Parameter_Information::Save_Collect_Time(unsigned int)
 .text._ZN26Work_Parameter_Information17Read_Collect_TimeEv
                0x08002124       0x1a Memory.cpp.o
                0x08002124                Work_Parameter_Information::Read_Collect_Time()
 .text._ZN26Work_Parameter_Information24Verify_Collect_Time_FlagEv
                0x0800213e       0x12 Memory.cpp.o
                0x0800213e                Work_Parameter_Information::Verify_Collect_Time_Flag()
 .text._ZN3I2C4InitEv
                0x08002150       0x26 private_i2c.cpp.o
                0x08002150                I2C::Init()
 .text._ZN3I2C7SDA_OutEv
                0x08002176        0x8 private_i2c.cpp.o
                0x08002176                I2C::SDA_Out()
 .text._ZN3I2C6SDA_InEv
                0x0800217e        0x8 private_i2c.cpp.o
                0x0800217e                I2C::SDA_In()
 .text._ZN3I2C5StartEv
                0x08002186       0x36 private_i2c.cpp.o
                0x08002186                I2C::Start()
 .text._ZN3I2C4StopEv
                0x080021bc       0x36 private_i2c.cpp.o
                0x080021bc                I2C::Stop()
 .text._ZN3I2C3AckEv
                0x080021f2       0x3a private_i2c.cpp.o
                0x080021f2                I2C::Ack()
 .text._ZN3I2C4NAckEv
                0x0800222c       0x3a private_i2c.cpp.o
                0x0800222c                I2C::NAck()
 .text._ZN3I2C8Wait_AckEv
                0x08002266       0x4e private_i2c.cpp.o
                0x08002266                I2C::Wait_Ack()
 .text._ZN3I2C9Send_ByteEh
                0x080022b4       0x4e private_i2c.cpp.o
                0x080022b4                I2C::Send_Byte(unsigned char)
 .text._ZN3I2C9Read_ByteEh
                0x08002302       0x54 private_i2c.cpp.o
                0x08002302                I2C::Read_Byte(unsigned char)
 .text._Z13RTC_Interruptv
                0x08002356       0x10 Private_RTC.cpp.o
                0x08002356                RTC_Interrupt()
 *fill*         0x08002366        0x2 
 .text._ZN4date10Update_RTCEPh
                0x08002368      0x1ac Private_RTC.cpp.o
                0x08002368                date::Update_RTC(unsigned char*)
 .text._ZN4date7Get_RTCEPh
                0x08002514       0x80 Private_RTC.cpp.o
                0x08002514                date::Get_RTC(unsigned char*)
 .text._ZN4date9Set_AlarmEv
                0x08002594      0x10c Private_RTC.cpp.o
                0x08002594                date::Set_Alarm()
 .text._ZN4date17Set_onehour_AlarmEv
                0x080026a0       0x6c Private_RTC.cpp.o
                0x080026a0                date::Set_onehour_Alarm()
 .text.startup._GLOBAL__sub_I_Date
                0x0800270c        0xc Private_RTC.cpp.o
 .text._ZN8MAX440095resetEv
                0x08002718        0x2 private_sensor.cpp.o
                0x08002718                MAX44009::reset()
 .text._ZN8MAX4400916checkMeasurementEv
                0x0800271a        0x4 private_sensor.cpp.o
                0x0800271a                MAX44009::checkMeasurement()
 .text._ZN8MAX4400916awaitMeasurementEv
                0x0800271e        0x4 private_sensor.cpp.o
                0x0800271e                MAX44009::awaitMeasurement()
 *fill*         0x08002722        0x2 
 .text._Z7N_CRC16Phj
                0x08002724       0x2c private_sensor.cpp.o
                0x08002724                N_CRC16(unsigned char*, unsigned int)
 .text._ZN8WirePlusC2Ev
                0x08002750       0x34 private_sensor.cpp.o
                0x08002750                WirePlus::WirePlus()
                0x08002750                WirePlus::WirePlus()
 .text._ZN8WirePlus5probeEh
                0x08002784       0x20 private_sensor.cpp.o
                0x08002784                WirePlus::probe(unsigned char)
 .text._ZN8MAX4400910initializeEv
                0x080027a4       0x20 private_sensor.cpp.o
                0x080027a4                MAX44009::initialize()
 .text._ZN8WirePlus9writeByteEhhh
                0x080027c4       0x2c private_sensor.cpp.o
                0x080027c4                WirePlus::writeByte(unsigned char, unsigned char, unsigned char)
 .text._ZN8WirePlus4readEhhPhh
                0x080027f0       0x54 private_sensor.cpp.o
                0x080027f0                WirePlus::read(unsigned char, unsigned char, unsigned char*, unsigned char)
 .text._ZN8WirePlus11setRegisterEhhhh
                0x08002844       0x3a private_sensor.cpp.o
                0x08002844                WirePlus::setRegister(unsigned char, unsigned char, unsigned char, unsigned char)
 *fill*         0x0800287e        0x2 
 .text._ZN8MAX4400910setEnabledEh
                0x08002880       0x3c private_sensor.cpp.o
                0x08002880                MAX44009::setEnabled(unsigned char)
 .text._ZN6Sensor14CJMCU6750_InitEv
                0x080028bc       0x58 private_sensor.cpp.o
                0x080028bc                Sensor::CJMCU6750_Init()
 *fill*         0x08002914        0x4 
 .text._ZN6Sensor15Read_Lux_and_UVEPmPj
                0x08002918       0xe8 private_sensor.cpp.o
                0x08002918                Sensor::Read_Lux_and_UV(unsigned long*, unsigned int*)
 .text.startup._GLOBAL__sub_I_auchCRCHi
                0x08002a00       0x1c private_sensor.cpp.o
 .text._ZN6Sensor24Read_Solid_Humi_and_TempEPfPjPhh
                0x08002a1c      0x10c private_sensor.cpp.o
                0x08002a1c                Sensor::Read_Solid_Humi_and_Temp(float*, unsigned int*, unsigned char*, unsigned char)
 .text._ZN6Sensor13Read_Soild_PHEPjh
                0x08002b28       0xa8 private_sensor.cpp.o
                0x08002b28                Sensor::Read_Soild_PH(unsigned int*, unsigned char)
 .text._ZN6Sensor18Read_Salt_and_CondEPjS0_h
                0x08002bd0       0xb8 private_sensor.cpp.o
                0x08002bd0                Sensor::Read_Salt_and_Cond(unsigned int*, unsigned int*, unsigned char)
 .text._ZN6Sensor19Get_All_Sensor_DataEv
                0x08002c88      0x17c private_sensor.cpp.o
                0x08002c88                Sensor::Get_All_Sensor_Data()
 .text._ZN8TypeConv10Hex_To_DecEh
                0x08002e04       0x12 public.cpp.o
                0x08002e04                TypeConv::Hex_To_Dec(unsigned char)
 .text._ZN8TypeConv10Dec_To_HexEh
                0x08002e16       0x12 public.cpp.o
                0x08002e16                TypeConv::Dec_To_Hex(unsigned char)
 .text._ZN7Receipt25Receipt_Random_Wait_ValueEPm
                0x08002e28       0x44 receipt.cpp.o
                0x08002e28                Receipt::Receipt_Random_Wait_Value(unsigned long*)
 .text._ZN7Receipt11Print_DebugEPhh
                0x08002e6c       0x34 receipt.cpp.o
                0x08002e6c                Receipt::Print_Debug(unsigned char*, unsigned char)
 .text._ZN7Receipt24Report_General_ParameterEv
                0x08002ea0      0x154 receipt.cpp.o
                0x08002ea0                Receipt::Report_General_Parameter()
 .text._ZN7Receipt29Request_Device_SN_and_ChannelEv
                0x08002ff4       0xd8 receipt.cpp.o
                0x08002ff4                Receipt::Request_Device_SN_and_Channel()
 .text._ZN7Receipt25Working_Parameter_ReceiptEv
                0x080030cc      0x124 receipt.cpp.o
                0x080030cc                Receipt::Working_Parameter_Receipt()
 .text._ZN7Receipt15General_ReceiptEhh
                0x080031f0      0x10c receipt.cpp.o
                0x080031f0                Receipt::General_Receipt(unsigned char, unsigned char)
 .text._ZN7Receipt16Send_Sensor_DataEv
                0x080032fc      0x394 receipt.cpp.o
                0x080032fc                Receipt::Send_Sensor_Data()
 .text._ZN5SHT1x7shiftInEiii
                0x08003690       0x40 SHT1x.cpp.o
                0x08003690                SHT1x::shiftIn(int, int, int)
 .text._ZN5SHT1x14sendCommandSHTEiii
                0x080036d0       0x86 SHT1x.cpp.o
                0x080036d0                SHT1x::sendCommandSHT(int, int, int)
 .text._ZN5SHT1x16waitForResultSHTEi
                0x08003756       0x22 SHT1x.cpp.o
                0x08003756                SHT1x::waitForResultSHT(int)
 .text._ZN5SHT1x12getData16SHTEii
                0x08003778       0x72 SHT1x.cpp.o
                0x08003778                SHT1x::getData16SHT(int, int)
 .text._ZN5SHT1x10skipCrcSHTEii
                0x080037ea       0x34 SHT1x.cpp.o
                0x080037ea                SHT1x::skipCrcSHT(int, int)
 .text._ZN5SHT1x18readTemperatureRawEv
                0x0800381e       0x34 SHT1x.cpp.o
                0x0800381e                SHT1x::readTemperatureRaw()
 *fill*         0x08003852        0x2 
 .text._ZN5SHT1x16readTemperatureCEv
                0x08003854       0x24 SHT1x.cpp.o
                0x08003854                SHT1x::readTemperatureC()
 .text._ZN5SHT1x12readHumidityEv
                0x08003878       0xc0 SHT1x.cpp.o
                0x08003878                SHT1x::readHumidity()
 .text.startup._GLOBAL__sub_I_sht10
                0x08003938       0x10 SHT1x.cpp.o
 .text._ZL6microsv
                0x08003948       0x34 SoftwareI2C.cpp.o
 .text._ZN11SoftwareI2C5beginEii
                0x0800397c       0x30 SoftwareI2C.cpp.o
                0x0800397c                SoftwareI2C::begin(int, int)
 .text._ZN11SoftwareI2C6sdaSetEh
                0x080039ac       0x20 SoftwareI2C.cpp.o
                0x080039ac                SoftwareI2C::sdaSet(unsigned char)
 .text._ZN11SoftwareI2C9sendStartEv
                0x080039cc       0x22 SoftwareI2C.cpp.o
                0x080039cc                SoftwareI2C::sendStart()
 .text._ZN11SoftwareI2C8sendStopEv
                0x080039ee       0x40 SoftwareI2C.cpp.o
                0x080039ee                SoftwareI2C::sendStop()
 .text._ZN11SoftwareI2C11sendByteAckEh
                0x08003a2e       0x74 SoftwareI2C.cpp.o
                0x08003a2e                SoftwareI2C::sendByteAck(unsigned char)
 .text._ZN11SoftwareI2C17beginTransmissionEh
                0x08003aa2       0x18 SoftwareI2C.cpp.o
                0x08003aa2                SoftwareI2C::beginTransmission(unsigned char)
 .text._ZN11SoftwareI2C15endTransmissionEv
                0x08003aba        0xa SoftwareI2C.cpp.o
                0x08003aba                SoftwareI2C::endTransmission()
 .text._ZN11SoftwareI2C5writeEh
                0x08003ac4        0x8 SoftwareI2C.cpp.o
                0x08003ac4                SoftwareI2C::write(unsigned char)
 .text._ZN11SoftwareI2C11requestFromEhh
                0x08003acc       0x1c SoftwareI2C.cpp.o
                0x08003acc                SoftwareI2C::requestFrom(unsigned char, unsigned char)
 .text._ZN11SoftwareI2C4readEv
                0x08003ae8       0xba SoftwareI2C.cpp.o
                0x08003ae8                SoftwareI2C::read()
 .text._Z7GetCrc8Phi
                0x08003ba2       0x2e User_CRC8.cpp.o
                0x08003ba2                GetCrc8(unsigned char*, int)
 .text._ZN7RTClockC2E11rtc_clk_srct
                0x08003bd0       0x46 RTClock\RTClock.cpp.o
                0x08003bd0                RTClock::RTClock(rtc_clk_src, unsigned short)
                0x08003bd0                RTClock::RTClock(rtc_clk_src, unsigned short)
 .text._ZN7RTClockC2E11rtc_clk_src
                0x08003c16       0x12 RTClock\RTClock.cpp.o
                0x08003c16                RTClock::RTClock(rtc_clk_src)
                0x08003c16                RTClock::RTClock(rtc_clk_src)
 .text._ZN7RTClock7setTimeEl
                0x08003c28        0x6 RTClock\RTClock.cpp.o
                0x08003c28                RTClock::setTime(long)
 .text._ZN7RTClock7getTimeEv
                0x08003c2e        0x4 RTClock\RTClock.cpp.o
                0x08003c2e                RTClock::getTime()
 .text._ZN7RTClock11createAlarmEPFvvEl
                0x08003c32       0x16 RTClock\RTClock.cpp.o
                0x08003c32                RTClock::createAlarm(void (*)(), long)
 .text.rtc_wait_finished
                0x08003c48       0x1c RTClock\utility\rtc_util.c.o
 .text.rtc_wait_sync
                0x08003c64       0x1c RTClock\utility\rtc_util.c.o
 .text.rtc_clear_sync
                0x08003c80       0x20 RTClock\utility\rtc_util.c.o
 .text.rtc_enter_config_mode
                0x08003ca0       0x20 RTClock\utility\rtc_util.c.o
 .text.rtc_exit_config_mode
                0x08003cc0       0x20 RTClock\utility\rtc_util.c.o
 .text.rtc_init
                0x08003ce0       0xac RTClock\utility\rtc_util.c.o
                0x08003ce0                rtc_init
 .text.rtc_attach_interrupt
                0x08003d8c       0x60 RTClock\utility\rtc_util.c.o
                0x08003d8c                rtc_attach_interrupt
 .text.rtc_detach_interrupt
                0x08003dec       0x40 RTClock\utility\rtc_util.c.o
                0x08003dec                rtc_detach_interrupt
 .text.__irq_rtc
                0x08003e2c       0x48 RTClock\utility\rtc_util.c.o
                0x08003e2c                __irq_rtc
 .text.__irq_rtcalarm
                0x08003e74       0x1c RTClock\utility\rtc_util.c.o
                0x08003e74                __irq_rtcalarm
 .text.rtc_get_count
                0x08003e90       0x24 RTClock\utility\rtc_util.c.o
                0x08003e90                rtc_get_count
 .text.rtc_set_count
                0x08003eb4       0x34 RTClock\utility\rtc_util.c.o
                0x08003eb4                rtc_set_count
 .text.rtc_set_prescaler_load
                0x08003ee8       0x34 RTClock\utility\rtc_util.c.o
                0x08003ee8                rtc_set_prescaler_load
 .text.rtc_set_alarm
                0x08003f1c       0x34 RTClock\utility\rtc_util.c.o
                0x08003f1c                rtc_set_alarm
 .text._Z9boardInitv
                0x08003f50        0x2 C:\Users\Administrator\AppData\Local\Temp\VMBCore\arduino16x\2752fd7be5c089007b9fd13dbb2a4e79\variant\board.cpp.o
                0x08003f50                boardInit()
 *fill*         0x08003f52        0x2 
 .text.startup._GLOBAL__sub_I__Z9boardInitv
                0x08003f54       0x48 C:\Users\Administrator\AppData\Local\Temp\VMBCore\arduino16x\2752fd7be5c089007b9fd13dbb2a4e79\variant\board.cpp.o
 .text._ZL18adc_default_configP7adc_dev
                0x08003f9c       0x1c C:\Users\Administrator\AppData\Local\Temp\VMBCore\arduino16x\2752fd7be5c089007b9fd13dbb2a4e79\variant\boards.cpp.o
 .text._ZL20timer_default_configP9timer_dev
                0x08003fb8       0x9e C:\Users\Administrator\AppData\Local\Temp\VMBCore\arduino16x\2752fd7be5c089007b9fd13dbb2a4e79\variant\boards.cpp.o
 *fill*         0x08004056        0x2 
 .text._Z4initv
                0x08004058       0xbc C:\Users\Administrator\AppData\Local\Temp\VMBCore\arduino16x\2752fd7be5c089007b9fd13dbb2a4e79\variant\boards.cpp.o
                0x08004058                init()
 .text._ZN6wirish4priv15board_reset_pllEv
                0x08004114        0x2 C:\Users\Administrator\AppData\Local\Temp\VMBCore\arduino16x\2752fd7be5c089007b9fd13dbb2a4e79\variant\boards_setup.cpp.o
                0x08004114                wirish::priv::board_reset_pll()
 .text._ZN6wirish4priv28board_setup_clock_prescalersEv
                0x08004116       0x2e C:\Users\Administrator\AppData\Local\Temp\VMBCore\arduino16x\2752fd7be5c089007b9fd13dbb2a4e79\variant\boards_setup.cpp.o
                0x08004116                wirish::priv::board_setup_clock_prescalers()
 .text._ZN6wirish4priv16board_setup_gpioEv
                0x08004144        0x4 C:\Users\Administrator\AppData\Local\Temp\VMBCore\arduino16x\2752fd7be5c089007b9fd13dbb2a4e79\variant\boards_setup.cpp.o
                0x08004144                wirish::priv::board_setup_gpio()
 .text._ZN6wirish4priv15board_setup_usbEv
                0x08004148        0x2 C:\Users\Administrator\AppData\Local\Temp\VMBCore\arduino16x\2752fd7be5c089007b9fd13dbb2a4e79\variant\boards_setup.cpp.o
                0x08004148                wirish::priv::board_setup_usb()
 .text._ZN6wirish4priv11series_initEv
                0x0800414a        0x4 C:\Users\Administrator\AppData\Local\Temp\VMBCore\arduino16x\2752fd7be5c089007b9fd13dbb2a4e79\variant\boards_setup.cpp.o
                0x0800414a                wirish::priv::series_init()
 *fill*         0x0800414e        0x2 
 .text          0x08004150       0x10 C:\Users\Administrator\AppData\Local\Temp\VMBCore\arduino16x\2752fd7be5c089007b9fd13dbb2a4e79\variant\start.S.o
                0x08004150                __start__
 .text.start_c  0x08004160       0x64 C:\Users\Administrator\AppData\Local\Temp\VMBCore\arduino16x\2752fd7be5c089007b9fd13dbb2a4e79\variant\start_c.c.o
                0x08004160                start_c
 .text._sbrk    0x080041c4       0x44 C:\Users\Administrator\AppData\Local\Temp\VMBCore\arduino16x\2752fd7be5c089007b9fd13dbb2a4e79\variant\syscalls.c.o
                0x080041c4                _sbrk
 .text._exit    0x08004208        0x2 C:\Users\Administrator\AppData\Local\Temp\VMBCore\arduino16x\2752fd7be5c089007b9fd13dbb2a4e79\variant\syscalls.c.o
                0x08004208                _exit
 *fill*         0x0800420a        0x6 
 .text          0x08004210       0x60 C:\Users\Administrator\AppData\Local\Temp\VMBuilds\STM32_LORA_GS100_V1.0.3_alpha\stm32_genericSTM32F103C\Debug/core.a(exc.S.o)
                0x08004210                __exc_nmi
                0x08004214                __exc_hardfault
                0x08004218                __exc_memmanage
                0x0800421c                __exc_busfault
                0x08004220                __exc_usagefault
 .text          0x08004270        0x2 C:\Users\Administrator\AppData\Local\Temp\VMBuilds\STM32_LORA_GS100_V1.0.3_alpha\stm32_genericSTM32F103C\Debug/core.a(isrs.S.o)
                0x08004270                __stm32reservedexception9
                0x08004270                __irq_dma1_channel3
                0x08004270                __irq_i2c2_er
                0x08004270                __irq_i2c1_er
                0x08004270                __irq_usb_lp_can_rx0
                0x08004270                __irq_dma1_channel6
                0x08004270                __exc_debug_monitor
                0x08004270                __irq_dma1_channel1
                0x08004270                __exc_svc
                0x08004270                __irq_dma1_channel4
                0x08004270                __irq_dma1_channel7
                0x08004270                __irq_exti0
                0x08004270                __irq_can_rx1
                0x08004270                __irq_spi2
                0x08004270                __irq_can_sce
                0x08004270                __irq_exti2
                0x08004270                __irq_exti3
                0x08004270                __irq_exti9_5
                0x08004270                __irq_pvd
                0x08004270                __irq_tamper
                0x08004270                __default_handler
                0x08004270                __irq_wwdg
                0x08004270                __stm32reservedexception10
                0x08004270                __irq_flash
                0x08004270                __irq_i2c2_ev
                0x08004270                __irq_dma1_channel2
                0x08004270                __irq_dma1_channel5
                0x08004270                __stm32reservedexception13
                0x08004270                __irq_spi1
                0x08004270                __stm32reservedexception7
                0x08004270                __irq_usb_hp_can_tx
                0x08004270                __irq_exti15_10
                0x08004270                __irq_exti4
                0x08004270                __stm32reservedexception8
                0x08004270                __exc_pendsv
                0x08004270                __irq_i2c1_ev
                0x08004270                __irq_usbwakeup
                0x08004270                __irq_exti1
                0x08004270                __irq_rcc
 .text.adc_init
                0x08004272       0x14 C:\Users\Administrator\AppData\Local\Temp\VMBuilds\STM32_LORA_GS100_V1.0.3_alpha\stm32_genericSTM32F103C\Debug/core.a(adc.c.o)
                0x08004272                adc_init
 .text.adc_set_extsel
                0x08004286       0x12 C:\Users\Administrator\AppData\Local\Temp\VMBuilds\STM32_LORA_GS100_V1.0.3_alpha\stm32_genericSTM32F103C\Debug/core.a(adc.c.o)
                0x08004286                adc_set_extsel
 .text.adc_set_sample_rate
                0x08004298       0x30 C:\Users\Administrator\AppData\Local\Temp\VMBuilds\STM32_LORA_GS100_V1.0.3_alpha\stm32_genericSTM32F103C\Debug/core.a(adc.c.o)
                0x08004298                adc_set_sample_rate
 .text.adc_read
                0x080042c8       0x20 C:\Users\Administrator\AppData\Local\Temp\VMBuilds\STM32_LORA_GS100_V1.0.3_alpha\stm32_genericSTM32F103C\Debug/core.a(adc.c.o)
                0x080042c8                adc_read
 .text.__irq_adc
                0x080042e8       0x50 C:\Users\Administrator\AppData\Local\Temp\VMBuilds\STM32_LORA_GS100_V1.0.3_alpha\stm32_genericSTM32F103C\Debug/core.a(adc_f1.c.o)
                0x080042e8                __irq_adc
 .text.adc_calibrate
                0x08004338       0x24 C:\Users\Administrator\AppData\Local\Temp\VMBuilds\STM32_LORA_GS100_V1.0.3_alpha\stm32_genericSTM32F103C\Debug/core.a(adc_f1.c.o)
                0x08004338                adc_calibrate
 .text.adc_set_prescaler
                0x0800435c        0x8 C:\Users\Administrator\AppData\Local\Temp\VMBuilds\STM32_LORA_GS100_V1.0.3_alpha\stm32_genericSTM32F103C\Debug/core.a(adc_f1.c.o)
                0x0800435c                adc_set_prescaler
 .text.adc_foreach
                0x08004364       0x1c C:\Users\Administrator\AppData\Local\Temp\VMBuilds\STM32_LORA_GS100_V1.0.3_alpha\stm32_genericSTM32F103C\Debug/core.a(adc_f1.c.o)
                0x08004364                adc_foreach
 .text.adc_enable_single_swstart
                0x08004380       0x36 C:\Users\Administrator\AppData\Local\Temp\VMBuilds\STM32_LORA_GS100_V1.0.3_alpha\stm32_genericSTM32F103C\Debug/core.a(adc_f1.c.o)
                0x08004380                adc_enable_single_swstart
 .text.bkp_init
                0x080043b6       0x18 C:\Users\Administrator\AppData\Local\Temp\VMBuilds\STM32_LORA_GS100_V1.0.3_alpha\stm32_genericSTM32F103C\Debug/core.a(bkp_f1.c.o)
                0x080043b6                bkp_init
 *fill*         0x080043ce        0x2 
 .text.bkp_enable_writes
                0x080043d0        0xc C:\Users\Administrator\AppData\Local\Temp\VMBuilds\STM32_LORA_GS100_V1.0.3_alpha\stm32_genericSTM32F103C\Debug/core.a(bkp_f1.c.o)
                0x080043d0                bkp_enable_writes
 .text.bkp_disable_writes
                0x080043dc        0xc C:\Users\Administrator\AppData\Local\Temp\VMBuilds\STM32_LORA_GS100_V1.0.3_alpha\stm32_genericSTM32F103C\Debug/core.a(bkp_f1.c.o)
                0x080043dc                bkp_disable_writes
 .text.flash_set_latency
                0x080043e8       0x14 C:\Users\Administrator\AppData\Local\Temp\VMBuilds\STM32_LORA_GS100_V1.0.3_alpha\stm32_genericSTM32F103C\Debug/core.a(flash.c.o)
                0x080043e8                flash_set_latency
 .text.gpio_init_all
                0x080043fc       0x30 C:\Users\Administrator\AppData\Local\Temp\VMBuilds\STM32_LORA_GS100_V1.0.3_alpha\stm32_genericSTM32F103C\Debug/core.a(gpio_f1.c.o)
                0x080043fc                gpio_init_all
 .text.gpio_set_mode
                0x0800442c       0x50 C:\Users\Administrator\AppData\Local\Temp\VMBuilds\STM32_LORA_GS100_V1.0.3_alpha\stm32_genericSTM32F103C\Debug/core.a(gpio_f1.c.o)
                0x0800442c                gpio_set_mode
 .text.afio_init
                0x0800447c       0x12 C:\Users\Administrator\AppData\Local\Temp\VMBuilds\STM32_LORA_GS100_V1.0.3_alpha\stm32_genericSTM32F103C\Debug/core.a(gpio_f1.c.o)
                0x0800447c                afio_init
 *fill*         0x0800448e        0x2 
 .text.iwdg_feed
                0x08004490       0x10 C:\Users\Administrator\AppData\Local\Temp\VMBuilds\STM32_LORA_GS100_V1.0.3_alpha\stm32_genericSTM32F103C\Debug/core.a(iwdg.c.o)
                0x08004490                iwdg_feed
 .text.nvic_irq_set_priority
                0x080044a0       0x28 C:\Users\Administrator\AppData\Local\Temp\VMBuilds\STM32_LORA_GS100_V1.0.3_alpha\stm32_genericSTM32F103C\Debug/core.a(nvic.c.o)
                0x080044a0                nvic_irq_set_priority
 .text.nvic_init
                0x080044c8       0x30 C:\Users\Administrator\AppData\Local\Temp\VMBuilds\STM32_LORA_GS100_V1.0.3_alpha\stm32_genericSTM32F103C\Debug/core.a(nvic.c.o)
                0x080044c8                nvic_init
 .text.nvic_sys_reset
                0x080044f8       0x1c C:\Users\Administrator\AppData\Local\Temp\VMBuilds\STM32_LORA_GS100_V1.0.3_alpha\stm32_genericSTM32F103C\Debug/core.a(nvic.c.o)
                0x080044f8                nvic_sys_reset
 .text.PWR_WakeUpPinCmd
                0x08004514        0xc C:\Users\Administrator\AppData\Local\Temp\VMBuilds\STM32_LORA_GS100_V1.0.3_alpha\stm32_genericSTM32F103C\Debug/core.a(pwr.c.o)
                0x08004514                PWR_WakeUpPinCmd
 .text.PWR_EnterSTANDBYMode
                0x08004520       0x28 C:\Users\Administrator\AppData\Local\Temp\VMBuilds\STM32_LORA_GS100_V1.0.3_alpha\stm32_genericSTM32F103C\Debug/core.a(pwr.c.o)
                0x08004520                PWR_EnterSTANDBYMode
 .text.PWR_ClearFlag
                0x08004548       0x10 C:\Users\Administrator\AppData\Local\Temp\VMBuilds\STM32_LORA_GS100_V1.0.3_alpha\stm32_genericSTM32F103C\Debug/core.a(pwr.c.o)
                0x08004548                PWR_ClearFlag
 .text.rcc_dev_clk
                0x08004558        0xc C:\Users\Administrator\AppData\Local\Temp\VMBuilds\STM32_LORA_GS100_V1.0.3_alpha\stm32_genericSTM32F103C\Debug/core.a(rcc.c.o)
                0x08004558                rcc_dev_clk
 .text.rcc_switch_sysclk
                0x08004564       0x20 C:\Users\Administrator\AppData\Local\Temp\VMBuilds\STM32_LORA_GS100_V1.0.3_alpha\stm32_genericSTM32F103C\Debug/core.a(rcc.c.o)
                0x08004564                rcc_switch_sysclk
 .text.rcc_turn_on_clk
                0x08004584       0x1a C:\Users\Administrator\AppData\Local\Temp\VMBuilds\STM32_LORA_GS100_V1.0.3_alpha\stm32_genericSTM32F103C\Debug/core.a(rcc.c.o)
                0x08004584                rcc_turn_on_clk
 .text.rcc_turn_off_clk
                0x0800459e       0x1c C:\Users\Administrator\AppData\Local\Temp\VMBuilds\STM32_LORA_GS100_V1.0.3_alpha\stm32_genericSTM32F103C\Debug/core.a(rcc.c.o)
                0x0800459e                rcc_turn_off_clk
 .text.rcc_is_clk_on
                0x080045ba       0x1e C:\Users\Administrator\AppData\Local\Temp\VMBuilds\STM32_LORA_GS100_V1.0.3_alpha\stm32_genericSTM32F103C\Debug/core.a(rcc.c.o)
                0x080045ba                rcc_is_clk_on
 .text.rcc_is_clk_ready
                0x080045d8       0x18 C:\Users\Administrator\AppData\Local\Temp\VMBuilds\STM32_LORA_GS100_V1.0.3_alpha\stm32_genericSTM32F103C\Debug/core.a(rcc.c.o)
                0x080045d8                rcc_is_clk_ready
 .text.rcc_configure_pll
                0x080045f0       0x38 C:\Users\Administrator\AppData\Local\Temp\VMBuilds\STM32_LORA_GS100_V1.0.3_alpha\stm32_genericSTM32F103C\Debug/core.a(rcc_f1.c.o)
                0x080045f0                rcc_configure_pll
 .text.rcc_clk_enable
                0x08004628       0x30 C:\Users\Administrator\AppData\Local\Temp\VMBuilds\STM32_LORA_GS100_V1.0.3_alpha\stm32_genericSTM32F103C\Debug/core.a(rcc_f1.c.o)
                0x08004628                rcc_clk_enable
 .text.rcc_reset_dev
                0x08004658       0x34 C:\Users\Administrator\AppData\Local\Temp\VMBuilds\STM32_LORA_GS100_V1.0.3_alpha\stm32_genericSTM32F103C\Debug/core.a(rcc_f1.c.o)
                0x08004658                rcc_reset_dev
 .text.rcc_set_prescaler
                0x0800468c       0x20 C:\Users\Administrator\AppData\Local\Temp\VMBuilds\STM32_LORA_GS100_V1.0.3_alpha\stm32_genericSTM32F103C\Debug/core.a(rcc_f1.c.o)
                0x0800468c                rcc_set_prescaler
 .text.rcc_clk_disable
                0x080046ac       0x30 C:\Users\Administrator\AppData\Local\Temp\VMBuilds\STM32_LORA_GS100_V1.0.3_alpha\stm32_genericSTM32F103C\Debug/core.a(rcc_f1.c.o)
                0x080046ac                rcc_clk_disable
 .text.systick_init
                0x080046dc       0x10 C:\Users\Administrator\AppData\Local\Temp\VMBuilds\STM32_LORA_GS100_V1.0.3_alpha\stm32_genericSTM32F103C\Debug/core.a(systick.c.o)
                0x080046dc                systick_init
 .text.__exc_systick
                0x080046ec       0x1c C:\Users\Administrator\AppData\Local\Temp\VMBuilds\STM32_LORA_GS100_V1.0.3_alpha\stm32_genericSTM32F103C\Debug/core.a(systick.c.o)
                0x080046ec                __exc_systick
 .text.timer_oc_set_mode
                0x08004708       0x3a C:\Users\Administrator\AppData\Local\Temp\VMBuilds\STM32_LORA_GS100_V1.0.3_alpha\stm32_genericSTM32F103C\Debug/core.a(timer.c.o)
 *fill*         0x08004742        0x2 
 .text.timer_foreach
                0x08004744       0x28 C:\Users\Administrator\AppData\Local\Temp\VMBuilds\STM32_LORA_GS100_V1.0.3_alpha\stm32_genericSTM32F103C\Debug/core.a(timer.c.o)
                0x08004744                timer_foreach
 .text.timer_init
                0x0800476c       0x14 C:\Users\Administrator\AppData\Local\Temp\VMBuilds\STM32_LORA_GS100_V1.0.3_alpha\stm32_genericSTM32F103C\Debug/core.a(timer.c.o)
                0x0800476c                timer_init
 .text.timer_has_cc_channel
                0x08004780       0x30 C:\Users\Administrator\AppData\Local\Temp\VMBuilds\STM32_LORA_GS100_V1.0.3_alpha\stm32_genericSTM32F103C\Debug/core.a(timer.c.o)
                0x08004780                timer_has_cc_channel
 .text.timer_attach_interrupt
                0x080047b0       0xd4 C:\Users\Administrator\AppData\Local\Temp\VMBuilds\STM32_LORA_GS100_V1.0.3_alpha\stm32_genericSTM32F103C\Debug/core.a(timer.c.o)
                0x080047b0                timer_attach_interrupt
 .text.timer_detach_interrupt
                0x08004884       0x1e C:\Users\Administrator\AppData\Local\Temp\VMBuilds\STM32_LORA_GS100_V1.0.3_alpha\stm32_genericSTM32F103C\Debug/core.a(timer.c.o)
                0x08004884                timer_detach_interrupt
 *fill*         0x080048a2        0x2 
 .text.timer_set_mode
                0x080048a4       0xb4 C:\Users\Administrator\AppData\Local\Temp\VMBuilds\STM32_LORA_GS100_V1.0.3_alpha\stm32_genericSTM32F103C\Debug/core.a(timer.c.o)
                0x080048a4                timer_set_mode
 .text.__irq_tim1_brk
                0x08004958       0x24 C:\Users\Administrator\AppData\Local\Temp\VMBuilds\STM32_LORA_GS100_V1.0.3_alpha\stm32_genericSTM32F103C\Debug/core.a(timer.c.o)
                0x08004958                __irq_tim1_brk
 .text.__irq_tim1_up
                0x0800497c       0x24 C:\Users\Administrator\AppData\Local\Temp\VMBuilds\STM32_LORA_GS100_V1.0.3_alpha\stm32_genericSTM32F103C\Debug/core.a(timer.c.o)
                0x0800497c                __irq_tim1_up
 .text.__irq_tim1_trg_com
                0x080049a0       0x38 C:\Users\Administrator\AppData\Local\Temp\VMBuilds\STM32_LORA_GS100_V1.0.3_alpha\stm32_genericSTM32F103C\Debug/core.a(timer.c.o)
                0x080049a0                __irq_tim1_trg_com
 .text.__irq_tim1_cc
                0x080049d8       0x54 C:\Users\Administrator\AppData\Local\Temp\VMBuilds\STM32_LORA_GS100_V1.0.3_alpha\stm32_genericSTM32F103C\Debug/core.a(timer.c.o)
                0x080049d8                __irq_tim1_cc
 .text.__irq_tim2
                0x08004a2c       0x70 C:\Users\Administrator\AppData\Local\Temp\VMBuilds\STM32_LORA_GS100_V1.0.3_alpha\stm32_genericSTM32F103C\Debug/core.a(timer.c.o)
                0x08004a2c                __irq_tim2
 .text.__irq_tim3
                0x08004a9c       0x70 C:\Users\Administrator\AppData\Local\Temp\VMBuilds\STM32_LORA_GS100_V1.0.3_alpha\stm32_genericSTM32F103C\Debug/core.a(timer.c.o)
                0x08004a9c                __irq_tim3
 .text.__irq_tim4
                0x08004b0c       0x70 C:\Users\Administrator\AppData\Local\Temp\VMBuilds\STM32_LORA_GS100_V1.0.3_alpha\stm32_genericSTM32F103C\Debug/core.a(timer.c.o)
                0x08004b0c                __irq_tim4
 .text.rb_remove
                0x08004b7c       0x24 C:\Users\Administrator\AppData\Local\Temp\VMBuilds\STM32_LORA_GS100_V1.0.3_alpha\stm32_genericSTM32F103C\Debug/core.a(usart_f1.c.o)
 .text.rb_push_insert
                0x08004ba0       0x52 C:\Users\Administrator\AppData\Local\Temp\VMBuilds\STM32_LORA_GS100_V1.0.3_alpha\stm32_genericSTM32F103C\Debug/core.a(usart_f1.c.o)
 .text.usart_config_gpios_async
                0x08004bf2       0x4a C:\Users\Administrator\AppData\Local\Temp\VMBuilds\STM32_LORA_GS100_V1.0.3_alpha\stm32_genericSTM32F103C\Debug/core.a(usart_f1.c.o)
                0x08004bf2                usart_config_gpios_async
 .text.usart_set_baud_rate
                0x08004c3c       0x3c C:\Users\Administrator\AppData\Local\Temp\VMBuilds\STM32_LORA_GS100_V1.0.3_alpha\stm32_genericSTM32F103C\Debug/core.a(usart_f1.c.o)
                0x08004c3c                usart_set_baud_rate
 .text.__irq_usart1
                0x08004c78       0x54 C:\Users\Administrator\AppData\Local\Temp\VMBuilds\STM32_LORA_GS100_V1.0.3_alpha\stm32_genericSTM32F103C\Debug/core.a(usart_f1.c.o)
                0x08004c78                __irq_usart1
 .text.__irq_usart2
                0x08004ccc       0x54 C:\Users\Administrator\AppData\Local\Temp\VMBuilds\STM32_LORA_GS100_V1.0.3_alpha\stm32_genericSTM32F103C\Debug/core.a(usart_f1.c.o)
                0x08004ccc                __irq_usart2
 .text.__irq_usart3
                0x08004d20       0x54 C:\Users\Administrator\AppData\Local\Temp\VMBuilds\STM32_LORA_GS100_V1.0.3_alpha\stm32_genericSTM32F103C\Debug/core.a(usart_f1.c.o)
                0x08004d20                __irq_usart3
 .text._usart_clock_freq
                0x08004d74       0x24 C:\Users\Administrator\AppData\Local\Temp\VMBuilds\STM32_LORA_GS100_V1.0.3_alpha\stm32_genericSTM32F103C\Debug/core.a(usart_private.c.o)
                0x08004d74                _usart_clock_freq
 .text.usart_putc
                0x08004d98       0x1c C:\Users\Administrator\AppData\Local\Temp\VMBuilds\STM32_LORA_GS100_V1.0.3_alpha\stm32_genericSTM32F103C\Debug/core.a(util.c.o)
 .text.usart_putstr
                0x08004db4       0x16 C:\Users\Administrator\AppData\Local\Temp\VMBuilds\STM32_LORA_GS100_V1.0.3_alpha\stm32_genericSTM32F103C\Debug/core.a(util.c.o)
 *fill*         0x08004dca        0x2 
 .text.throb    0x08004dcc       0x4c C:\Users\Administrator\AppData\Local\Temp\VMBuilds\STM32_LORA_GS100_V1.0.3_alpha\stm32_genericSTM32F103C\Debug/core.a(util.c.o)
                0x08004dcc                throb
 .text.__error  0x08004e18       0x14 C:\Users\Administrator\AppData\Local\Temp\VMBuilds\STM32_LORA_GS100_V1.0.3_alpha\stm32_genericSTM32F103C\Debug/core.a(util.c.o)
                0x08004e18                __error
 .text._fail    0x08004e2c       0x64 C:\Users\Administrator\AppData\Local\Temp\VMBuilds\STM32_LORA_GS100_V1.0.3_alpha\stm32_genericSTM32F103C\Debug/core.a(util.c.o)
                0x08004e2c                _fail
 .text._ZN14HardwareSerial4readEv
                0x08004e90       0x4e C:\Users\Administrator\AppData\Local\Temp\VMBuilds\STM32_LORA_GS100_V1.0.3_alpha\stm32_genericSTM32F103C\Debug/core.a(HardwareSerial.cpp.o)
                0x08004e90                HardwareSerial::read()
 .text._ZN14HardwareSerial4peekEv
                0x08004ede       0x22 C:\Users\Administrator\AppData\Local\Temp\VMBuilds\STM32_LORA_GS100_V1.0.3_alpha\stm32_genericSTM32F103C\Debug/core.a(HardwareSerial.cpp.o)
                0x08004ede                HardwareSerial::peek()
 .text._ZN14HardwareSerial5flushEv
                0x08004f00       0x1a C:\Users\Administrator\AppData\Local\Temp\VMBuilds\STM32_LORA_GS100_V1.0.3_alpha\stm32_genericSTM32F103C\Debug/core.a(HardwareSerial.cpp.o)
                0x08004f00                HardwareSerial::flush()
 .text._ZN14HardwareSerial5writeEh
                0x08004f1a       0x1e C:\Users\Administrator\AppData\Local\Temp\VMBuilds\STM32_LORA_GS100_V1.0.3_alpha\stm32_genericSTM32F103C\Debug/core.a(HardwareSerial.cpp.o)
                0x08004f1a                HardwareSerial::write(unsigned char)
 .text._ZN14HardwareSerial9availableEv
                0x08004f38       0x26 C:\Users\Administrator\AppData\Local\Temp\VMBuilds\STM32_LORA_GS100_V1.0.3_alpha\stm32_genericSTM32F103C\Debug/core.a(HardwareSerial.cpp.o)
                0x08004f38                HardwareSerial::available()
 *fill*         0x08004f5e        0x2 
 .text._ZN14HardwareSerialC2EP9usart_devhh
                0x08004f60       0x1c C:\Users\Administrator\AppData\Local\Temp\VMBuilds\STM32_LORA_GS100_V1.0.3_alpha\stm32_genericSTM32F103C\Debug/core.a(HardwareSerial.cpp.o)
                0x08004f60                HardwareSerial::HardwareSerial(usart_dev*, unsigned char, unsigned char)
                0x08004f60                HardwareSerial::HardwareSerial(usart_dev*, unsigned char, unsigned char)
 .text._ZN14HardwareSerial5beginEmh
                0x08004f7c       0x78 C:\Users\Administrator\AppData\Local\Temp\VMBuilds\STM32_LORA_GS100_V1.0.3_alpha\stm32_genericSTM32F103C\Debug/core.a(HardwareSerial.cpp.o)
                0x08004f7c                HardwareSerial::begin(unsigned long, unsigned char)
 .text._ZN14HardwareSerial5beginEm
                0x08004ff4        0x6 C:\Users\Administrator\AppData\Local\Temp\VMBuilds\STM32_LORA_GS100_V1.0.3_alpha\stm32_genericSTM32F103C\Debug/core.a(HardwareSerial.cpp.o)
                0x08004ff4                HardwareSerial::begin(unsigned long)
 .text._ZN14HardwareSerial3endEv
                0x08004ffa        0x6 C:\Users\Administrator\AppData\Local\Temp\VMBuilds\STM32_LORA_GS100_V1.0.3_alpha\stm32_genericSTM32F103C\Debug/core.a(HardwareSerial.cpp.o)
                0x08004ffa                HardwareSerial::end()
 .text.set_this_dev
                0x08005000       0x1c C:\Users\Administrator\AppData\Local\Temp\VMBuilds\STM32_LORA_GS100_V1.0.3_alpha\stm32_genericSTM32F103C\Debug/core.a(HardwareTimer.cpp.o)
 .text._ZN13HardwareTimerC2Eh
                0x0800501c       0x2c C:\Users\Administrator\AppData\Local\Temp\VMBuilds\STM32_LORA_GS100_V1.0.3_alpha\stm32_genericSTM32F103C\Debug/core.a(HardwareTimer.cpp.o)
                0x0800501c                HardwareTimer::HardwareTimer(unsigned char)
                0x0800501c                HardwareTimer::HardwareTimer(unsigned char)
 .text._ZN13HardwareTimer5pauseEv
                0x08005048       0x10 C:\Users\Administrator\AppData\Local\Temp\VMBuilds\STM32_LORA_GS100_V1.0.3_alpha\stm32_genericSTM32F103C\Debug/core.a(HardwareTimer.cpp.o)
                0x08005048                HardwareTimer::pause()
 .text._ZN13HardwareTimer6resumeEv
                0x08005058       0x10 C:\Users\Administrator\AppData\Local\Temp\VMBuilds\STM32_LORA_GS100_V1.0.3_alpha\stm32_genericSTM32F103C\Debug/core.a(HardwareTimer.cpp.o)
                0x08005058                HardwareTimer::resume()
 .text._ZN13HardwareTimer17setPrescaleFactorEm
                0x08005068        0xc C:\Users\Administrator\AppData\Local\Temp\VMBuilds\STM32_LORA_GS100_V1.0.3_alpha\stm32_genericSTM32F103C\Debug/core.a(HardwareTimer.cpp.o)
                0x08005068                HardwareTimer::setPrescaleFactor(unsigned long)
 .text._ZN13HardwareTimer8setCountEt
                0x08005074       0x12 C:\Users\Administrator\AppData\Local\Temp\VMBuilds\STM32_LORA_GS100_V1.0.3_alpha\stm32_genericSTM32F103C\Debug/core.a(HardwareTimer.cpp.o)
                0x08005074                HardwareTimer::setCount(unsigned short)
 .text._ZN13HardwareTimer9setPeriodEm
                0x08005086       0x3e C:\Users\Administrator\AppData\Local\Temp\VMBuilds\STM32_LORA_GS100_V1.0.3_alpha\stm32_genericSTM32F103C\Debug/core.a(HardwareTimer.cpp.o)
                0x08005086                HardwareTimer::setPeriod(unsigned long)
 .text._ZN13HardwareTimer7setModeEi10timer_mode
                0x080050c4        0x8 C:\Users\Administrator\AppData\Local\Temp\VMBuilds\STM32_LORA_GS100_V1.0.3_alpha\stm32_genericSTM32F103C\Debug/core.a(HardwareTimer.cpp.o)
                0x080050c4                HardwareTimer::setMode(int, timer_mode)
 .text._ZN13HardwareTimer10setCompareEit
                0x080050cc       0x1e C:\Users\Administrator\AppData\Local\Temp\VMBuilds\STM32_LORA_GS100_V1.0.3_alpha\stm32_genericSTM32F103C\Debug/core.a(HardwareTimer.cpp.o)
                0x080050cc                HardwareTimer::setCompare(int, unsigned short)
 .text._ZN13HardwareTimer15attachInterruptEiPFvvE
                0x080050ea        0x8 C:\Users\Administrator\AppData\Local\Temp\VMBuilds\STM32_LORA_GS100_V1.0.3_alpha\stm32_genericSTM32F103C\Debug/core.a(HardwareTimer.cpp.o)
                0x080050ea                HardwareTimer::attachInterrupt(int, void (*)())
 *fill*         0x080050f2        0x2 
 .text.startup._GLOBAL__sub_I__ZN13HardwareTimerC2Eh
                0x080050f4       0x38 C:\Users\Administrator\AppData\Local\Temp\VMBuilds\STM32_LORA_GS100_V1.0.3_alpha\stm32_genericSTM32F103C\Debug/core.a(HardwareTimer.cpp.o)
 .text.startup._Z7premainv
                0x0800512c        0x4 C:\Users\Administrator\AppData\Local\Temp\VMBuilds\STM32_LORA_GS100_V1.0.3_alpha\stm32_genericSTM32F103C\Debug/core.a(main.cpp.o)
                0x0800512c                premain()
 .text.startup.main
                0x08005130        0xc C:\Users\Administrator\AppData\Local\Temp\VMBuilds\STM32_LORA_GS100_V1.0.3_alpha\stm32_genericSTM32F103C\Debug/core.a(main.cpp.o)
                0x08005130                main
 .text._ZN5Print5writeEPKc
                0x0800513c       0x1c C:\Users\Administrator\AppData\Local\Temp\VMBuilds\STM32_LORA_GS100_V1.0.3_alpha\stm32_genericSTM32F103C\Debug/core.a(Print.cpp.o)
                0x0800513c                Print::write(char const*)
 .text._ZN5Print5writeEPKvm
                0x08005158       0x20 C:\Users\Administrator\AppData\Local\Temp\VMBuilds\STM32_LORA_GS100_V1.0.3_alpha\stm32_genericSTM32F103C\Debug/core.a(Print.cpp.o)
                0x08005158                Print::write(void const*, unsigned long)
 .text._ZN5Print5printERK6String
                0x08005178       0x10 C:\Users\Administrator\AppData\Local\Temp\VMBuilds\STM32_LORA_GS100_V1.0.3_alpha\stm32_genericSTM32F103C\Debug/core.a(Print.cpp.o)
                0x08005178                Print::print(String const&)
 .text._ZN5Print5printEc
                0x08005188        0xa C:\Users\Administrator\AppData\Local\Temp\VMBuilds\STM32_LORA_GS100_V1.0.3_alpha\stm32_genericSTM32F103C\Debug/core.a(Print.cpp.o)
                0x08005188                Print::print(char)
 .text._ZN5Print5printEPKc
                0x08005192        0xa C:\Users\Administrator\AppData\Local\Temp\VMBuilds\STM32_LORA_GS100_V1.0.3_alpha\stm32_genericSTM32F103C\Debug/core.a(Print.cpp.o)
                0x08005192                Print::print(char const*)
 .text._ZN5Print7printlnEv
                0x0800519c       0x18 C:\Users\Administrator\AppData\Local\Temp\VMBuilds\STM32_LORA_GS100_V1.0.3_alpha\stm32_genericSTM32F103C\Debug/core.a(Print.cpp.o)
                0x0800519c                Print::println()
 .text._ZN5Print7printlnERK6String
                0x080051b4       0x14 C:\Users\Administrator\AppData\Local\Temp\VMBuilds\STM32_LORA_GS100_V1.0.3_alpha\stm32_genericSTM32F103C\Debug/core.a(Print.cpp.o)
                0x080051b4                Print::println(String const&)
 .text._ZN5Print7printlnEPKc
                0x080051c8       0x14 C:\Users\Administrator\AppData\Local\Temp\VMBuilds\STM32_LORA_GS100_V1.0.3_alpha\stm32_genericSTM32F103C\Debug/core.a(Print.cpp.o)
                0x080051c8                Print::println(char const*)
 .text._ZN5Print11printNumberEyh
                0x080051dc       0x84 C:\Users\Administrator\AppData\Local\Temp\VMBuilds\STM32_LORA_GS100_V1.0.3_alpha\stm32_genericSTM32F103C\Debug/core.a(Print.cpp.o)
                0x080051dc                Print::printNumber(unsigned long long, unsigned char)
 .text._ZN5Print5printExi
                0x08005260       0x40 C:\Users\Administrator\AppData\Local\Temp\VMBuilds\STM32_LORA_GS100_V1.0.3_alpha\stm32_genericSTM32F103C\Debug/core.a(Print.cpp.o)
                0x08005260                Print::print(long long, int)
 .text._ZN5Print5printEii
                0x080052a0       0x12 C:\Users\Administrator\AppData\Local\Temp\VMBuilds\STM32_LORA_GS100_V1.0.3_alpha\stm32_genericSTM32F103C\Debug/core.a(Print.cpp.o)
                0x080052a0                Print::print(int, int)
 .text._ZN5Print7printlnEii
                0x080052b2       0x14 C:\Users\Administrator\AppData\Local\Temp\VMBuilds\STM32_LORA_GS100_V1.0.3_alpha\stm32_genericSTM32F103C\Debug/core.a(Print.cpp.o)
                0x080052b2                Print::println(int, int)
 .text._ZN5Print5printEyi
                0x080052c6       0x1c C:\Users\Administrator\AppData\Local\Temp\VMBuilds\STM32_LORA_GS100_V1.0.3_alpha\stm32_genericSTM32F103C\Debug/core.a(Print.cpp.o)
                0x080052c6                Print::print(unsigned long long, int)
 .text._ZN5Print5printEhi
                0x080052e2       0x12 C:\Users\Administrator\AppData\Local\Temp\VMBuilds\STM32_LORA_GS100_V1.0.3_alpha\stm32_genericSTM32F103C\Debug/core.a(Print.cpp.o)
                0x080052e2                Print::print(unsigned char, int)
 .text._ZN5Print7printlnEhi
                0x080052f4       0x14 C:\Users\Administrator\AppData\Local\Temp\VMBuilds\STM32_LORA_GS100_V1.0.3_alpha\stm32_genericSTM32F103C\Debug/core.a(Print.cpp.o)
                0x080052f4                Print::println(unsigned char, int)
 .text._ZN5Print5printEji
                0x08005308       0x12 C:\Users\Administrator\AppData\Local\Temp\VMBuilds\STM32_LORA_GS100_V1.0.3_alpha\stm32_genericSTM32F103C\Debug/core.a(Print.cpp.o)
                0x08005308                Print::print(unsigned int, int)
 .text._ZN5Print7printlnEji
                0x0800531a       0x14 C:\Users\Administrator\AppData\Local\Temp\VMBuilds\STM32_LORA_GS100_V1.0.3_alpha\stm32_genericSTM32F103C\Debug/core.a(Print.cpp.o)
                0x0800531a                Print::println(unsigned int, int)
 .text._ZN5Print5printEmi
                0x0800532e       0x12 C:\Users\Administrator\AppData\Local\Temp\VMBuilds\STM32_LORA_GS100_V1.0.3_alpha\stm32_genericSTM32F103C\Debug/core.a(Print.cpp.o)
                0x0800532e                Print::print(unsigned long, int)
 .text._ZN5Print10printFloatEdh
                0x08005340      0x158 C:\Users\Administrator\AppData\Local\Temp\VMBuilds\STM32_LORA_GS100_V1.0.3_alpha\stm32_genericSTM32F103C\Debug/core.a(Print.cpp.o)
                0x08005340                Print::printFloat(double, unsigned char)
 .text._ZN5Print7printlnEdi
                0x08005498       0x1c C:\Users\Administrator\AppData\Local\Temp\VMBuilds\STM32_LORA_GS100_V1.0.3_alpha\stm32_genericSTM32F103C\Debug/core.a(Print.cpp.o)
                0x08005498                Print::println(double, int)
 .text._Z10analogReadh
                0x080054b4       0x1c C:\Users\Administrator\AppData\Local\Temp\VMBuilds\STM32_LORA_GS100_V1.0.3_alpha\stm32_genericSTM32F103C\Debug/core.a(wirish_analog.cpp.o)
                0x080054b4                analogRead(unsigned char)
 .text._Z11digitalReadh
                0x080054d0       0x2c C:\Users\Administrator\AppData\Local\Temp\VMBuilds\STM32_LORA_GS100_V1.0.3_alpha\stm32_genericSTM32F103C\Debug/core.a(wirish_digital.cpp.o)
                0x080054d0                digitalRead(unsigned char)
 .text._Z12digitalWritehh
                0x080054fc       0x2c C:\Users\Administrator\AppData\Local\Temp\VMBuilds\STM32_LORA_GS100_V1.0.3_alpha\stm32_genericSTM32F103C\Debug/core.a(wirish_digital.cpp.o)
                0x080054fc                digitalWrite(unsigned char, unsigned char)
 .text._Z6randoml
                0x08005528       0x16 C:\Users\Administrator\AppData\Local\Temp\VMBuilds\STM32_LORA_GS100_V1.0.3_alpha\stm32_genericSTM32F103C\Debug/core.a(wirish_math.cpp.o)
                0x08005528                random(long)
 .text._Z6randomll
                0x0800553e       0x14 C:\Users\Administrator\AppData\Local\Temp\VMBuilds\STM32_LORA_GS100_V1.0.3_alpha\stm32_genericSTM32F103C\Debug/core.a(wirish_math.cpp.o)
                0x0800553e                random(long, long)
 *fill*         0x08005552        0x2 
 .text._Z8shiftOuthhhh
                0x08005554       0x64 C:\Users\Administrator\AppData\Local\Temp\VMBuilds\STM32_LORA_GS100_V1.0.3_alpha\stm32_genericSTM32F103C\Debug/core.a(wirish_shift.cpp.o)
                0x08005554                shiftOut(unsigned char, unsigned char, unsigned char, unsigned char)
 .text._Z5delaym
                0x080055b8       0x1c C:\Users\Administrator\AppData\Local\Temp\VMBuilds\STM32_LORA_GS100_V1.0.3_alpha\stm32_genericSTM32F103C\Debug/core.a(wirish_time.cpp.o)
                0x080055b8                delay(unsigned long)
 .text._Z17delayMicrosecondsm
                0x080055d4        0xe C:\Users\Administrator\AppData\Local\Temp\VMBuilds\STM32_LORA_GS100_V1.0.3_alpha\stm32_genericSTM32F103C\Debug/core.a(wirish_time.cpp.o)
                0x080055d4                delayMicroseconds(unsigned long)
 .text._ZN6StringD2Ev
                0x080055e2        0xe C:\Users\Administrator\AppData\Local\Temp\VMBuilds\STM32_LORA_GS100_V1.0.3_alpha\stm32_genericSTM32F103C\Debug/core.a(WString.cpp.o)
                0x080055e2                String::~String()
                0x080055e2                String::~String()
 .text._ZN6String10invalidateEv
                0x080055f0       0x16 C:\Users\Administrator\AppData\Local\Temp\VMBuilds\STM32_LORA_GS100_V1.0.3_alpha\stm32_genericSTM32F103C\Debug/core.a(WString.cpp.o)
                0x080055f0                String::invalidate()
 .text._ZN6String12changeBufferEj
                0x08005606       0x18 C:\Users\Administrator\AppData\Local\Temp\VMBuilds\STM32_LORA_GS100_V1.0.3_alpha\stm32_genericSTM32F103C\Debug/core.a(WString.cpp.o)
                0x08005606                String::changeBuffer(unsigned int)
 .text._ZN6String7reserveEj
                0x0800561e       0x22 C:\Users\Administrator\AppData\Local\Temp\VMBuilds\STM32_LORA_GS100_V1.0.3_alpha\stm32_genericSTM32F103C\Debug/core.a(WString.cpp.o)
                0x0800561e                String::reserve(unsigned int)
 .text._ZN6String4copyEPKcj
                0x08005640       0x26 C:\Users\Administrator\AppData\Local\Temp\VMBuilds\STM32_LORA_GS100_V1.0.3_alpha\stm32_genericSTM32F103C\Debug/core.a(WString.cpp.o)
                0x08005640                String::copy(char const*, unsigned int)
 .text._ZN6StringC2EPKc
                0x08005666       0x24 C:\Users\Administrator\AppData\Local\Temp\VMBuilds\STM32_LORA_GS100_V1.0.3_alpha\stm32_genericSTM32F103C\Debug/core.a(WString.cpp.o)
                0x08005666                String::String(char const*)
                0x08005666                String::String(char const*)
 .text._ZN6StringaSERKS_
                0x0800568a       0x1e C:\Users\Administrator\AppData\Local\Temp\VMBuilds\STM32_LORA_GS100_V1.0.3_alpha\stm32_genericSTM32F103C\Debug/core.a(WString.cpp.o)
                0x0800568a                String::operator=(String const&)
 .text._ZN6StringC2ERKS_
                0x080056a8       0x14 C:\Users\Administrator\AppData\Local\Temp\VMBuilds\STM32_LORA_GS100_V1.0.3_alpha\stm32_genericSTM32F103C\Debug/core.a(WString.cpp.o)
                0x080056a8                String::String(String const&)
                0x080056a8                String::String(String const&)
 .text._ZN6StringaSEPKc
                0x080056bc       0x22 C:\Users\Administrator\AppData\Local\Temp\VMBuilds\STM32_LORA_GS100_V1.0.3_alpha\stm32_genericSTM32F103C\Debug/core.a(WString.cpp.o)
                0x080056bc                String::operator=(char const*)
 .text._ZN6StringC2Ejh
                0x080056de       0x24 C:\Users\Administrator\AppData\Local\Temp\VMBuilds\STM32_LORA_GS100_V1.0.3_alpha\stm32_genericSTM32F103C\Debug/core.a(WString.cpp.o)
                0x080056de                String::String(unsigned int, unsigned char)
                0x080056de                String::String(unsigned int, unsigned char)
 .text._ZN6String6concatEPKcj
                0x08005702       0x2e C:\Users\Administrator\AppData\Local\Temp\VMBuilds\STM32_LORA_GS100_V1.0.3_alpha\stm32_genericSTM32F103C\Debug/core.a(WString.cpp.o)
                0x08005702                String::concat(char const*, unsigned int)
 .text._ZN6String6concatEi
                0x08005730       0x22 C:\Users\Administrator\AppData\Local\Temp\VMBuilds\STM32_LORA_GS100_V1.0.3_alpha\stm32_genericSTM32F103C\Debug/core.a(WString.cpp.o)
                0x08005730                String::concat(int)
 .text._ZplRK15StringSumHelperRK6String
                0x08005752       0x1a C:\Users\Administrator\AppData\Local\Temp\VMBuilds\STM32_LORA_GS100_V1.0.3_alpha\stm32_genericSTM32F103C\Debug/core.a(WString.cpp.o)
                0x08005752                operator+(StringSumHelper const&, String const&)
 .text._ZplRK15StringSumHelperPKc
                0x0800576c       0x24 C:\Users\Administrator\AppData\Local\Temp\VMBuilds\STM32_LORA_GS100_V1.0.3_alpha\stm32_genericSTM32F103C\Debug/core.a(WString.cpp.o)
                0x0800576c                operator+(StringSumHelper const&, char const*)
 .text._ZplRK15StringSumHelperi
                0x08005790       0x14 C:\Users\Administrator\AppData\Local\Temp\VMBuilds\STM32_LORA_GS100_V1.0.3_alpha\stm32_genericSTM32F103C\Debug/core.a(WString.cpp.o)
                0x08005790                operator+(StringSumHelper const&, int)
 .text._Z7pinModeh13WiringPinMode
                0x080057a4       0x84 C:\Users\Administrator\AppData\Local\Temp\VMBuilds\STM32_LORA_GS100_V1.0.3_alpha\stm32_genericSTM32F103C\Debug/core.a(wirish_digital_f1.cpp.o)
                0x080057a4                pinMode(unsigned char, WiringPinMode)
 .text.__empty  0x08005828        0x2 C:\Users\Administrator\AppData\Local\Temp\VMBuilds\STM32_LORA_GS100_V1.0.3_alpha\stm32_genericSTM32F103C\Debug/core.a(hooks.c.o)
                0x08005828                yield
 .text.ltoa     0x0800582a       0x6e C:\Users\Administrator\AppData\Local\Temp\VMBuilds\STM32_LORA_GS100_V1.0.3_alpha\stm32_genericSTM32F103C\Debug/core.a(itoa.c.o)
                0x0800582a                ltoa
 .text.itoa     0x08005898        0x4 C:\Users\Administrator\AppData\Local\Temp\VMBuilds\STM32_LORA_GS100_V1.0.3_alpha\stm32_genericSTM32F103C\Debug/core.a(itoa.c.o)
                0x08005898                itoa
 .text.ultoa    0x0800589c       0x52 C:\Users\Administrator\AppData\Local\Temp\VMBuilds\STM32_LORA_GS100_V1.0.3_alpha\stm32_genericSTM32F103C\Debug/core.a(itoa.c.o)
                0x0800589c                ultoa
 .text.utoa     0x080058ee        0x4 C:\Users\Administrator\AppData\Local\Temp\VMBuilds\STM32_LORA_GS100_V1.0.3_alpha\stm32_genericSTM32F103C\Debug/core.a(itoa.c.o)
                0x080058ee                utoa
 .text.gpio_init
                0x080058f2       0x14 C:\Users\Administrator\AppData\Local\Temp\VMBuilds\STM32_LORA_GS100_V1.0.3_alpha\stm32_genericSTM32F103C\Debug/core.a(gpio.c.o)
                0x080058f2                gpio_init
 *fill*         0x08005906        0x2 
 .text.usart_init
                0x08005908       0x54 C:\Users\Administrator\AppData\Local\Temp\VMBuilds\STM32_LORA_GS100_V1.0.3_alpha\stm32_genericSTM32F103C\Debug/core.a(usart.c.o)
                0x08005908                usart_init
 .text.usart_enable
                0x0800595c       0x14 C:\Users\Administrator\AppData\Local\Temp\VMBuilds\STM32_LORA_GS100_V1.0.3_alpha\stm32_genericSTM32F103C\Debug/core.a(usart.c.o)
                0x0800595c                usart_enable
 .text.usart_disable
                0x08005970       0x38 C:\Users\Administrator\AppData\Local\Temp\VMBuilds\STM32_LORA_GS100_V1.0.3_alpha\stm32_genericSTM32F103C\Debug/core.a(usart.c.o)
                0x08005970                usart_disable
 .text.usart_tx
                0x080059a8       0x9c C:\Users\Administrator\AppData\Local\Temp\VMBuilds\STM32_LORA_GS100_V1.0.3_alpha\stm32_genericSTM32F103C\Debug/core.a(usart.c.o)
                0x080059a8                usart_tx
 .text.usart_putudec
                0x08005a44       0x44 C:\Users\Administrator\AppData\Local\Temp\VMBuilds\STM32_LORA_GS100_V1.0.3_alpha\stm32_genericSTM32F103C\Debug/core.a(usart.c.o)
                0x08005a44                usart_putudec
 .text.pow      0x08005a88      0x2f8 c:/users/administrator/appdata/local/arduino15/packages/arduino/tools/arm-none-eabi-gcc/4.8.3-2014q1/bin/../lib/gcc/arm-none-eabi/4.8.3/../../../../arm-none-eabi/lib/armv7-m\libm.a(lib_a-w_pow.o)
                0x08005a88                pow
 .text.__ieee754_pow
                0x08005d80      0xab8 c:/users/administrator/appdata/local/arduino15/packages/arduino/tools/arm-none-eabi-gcc/4.8.3-2014q1/bin/../lib/gcc/arm-none-eabi/4.8.3/../../../../arm-none-eabi/lib/armv7-m\libm.a(lib_a-e_pow.o)
                0x08005d80                __ieee754_pow
 .text.__ieee754_sqrt
                0x08006838      0x180 c:/users/administrator/appdata/local/arduino15/packages/arduino/tools/arm-none-eabi-gcc/4.8.3-2014q1/bin/../lib/gcc/arm-none-eabi/4.8.3/../../../../arm-none-eabi/lib/armv7-m\libm.a(lib_a-e_sqrt.o)
                0x08006838                __ieee754_sqrt
 .text.fabs     0x080069b8        0x8 c:/users/administrator/appdata/local/arduino15/packages/arduino/tools/arm-none-eabi-gcc/4.8.3-2014q1/bin/../lib/gcc/arm-none-eabi/4.8.3/../../../../arm-none-eabi/lib/armv7-m\libm.a(lib_a-s_fabs.o)
                0x080069b8                fabs
 .text.finite   0x080069c0        0xc c:/users/administrator/appdata/local/arduino15/packages/arduino/tools/arm-none-eabi-gcc/4.8.3-2014q1/bin/../lib/gcc/arm-none-eabi/4.8.3/../../../../arm-none-eabi/lib/armv7-m\libm.a(lib_a-s_finite.o)
                0x080069c0                finite
 .text.__fpclassifyd
                0x080069cc       0x50 c:/users/administrator/appdata/local/arduino15/packages/arduino/tools/arm-none-eabi-gcc/4.8.3-2014q1/bin/../lib/gcc/arm-none-eabi/4.8.3/../../../../arm-none-eabi/lib/armv7-m\libm.a(lib_a-s_fpclassify.o)
                0x080069cc                __fpclassifyd
 .text.matherr  0x08006a1c        0x4 c:/users/administrator/appdata/local/arduino15/packages/arduino/tools/arm-none-eabi-gcc/4.8.3-2014q1/bin/../lib/gcc/arm-none-eabi/4.8.3/../../../../arm-none-eabi/lib/armv7-m\libm.a(lib_a-s_matherr.o)
                0x08006a1c                matherr
 .text.nan      0x08006a20        0xc c:/users/administrator/appdata/local/arduino15/packages/arduino/tools/arm-none-eabi-gcc/4.8.3-2014q1/bin/../lib/gcc/arm-none-eabi/4.8.3/../../../../arm-none-eabi/lib/armv7-m\libm.a(lib_a-s_nan.o)
                0x08006a20                nan
 .text.rint     0x08006a2c      0x118 c:/users/administrator/appdata/local/arduino15/packages/arduino/tools/arm-none-eabi-gcc/4.8.3-2014q1/bin/../lib/gcc/arm-none-eabi/4.8.3/../../../../arm-none-eabi/lib/armv7-m\libm.a(lib_a-s_rint.o)
                0x08006a2c                rint
 *fill*         0x08006b44        0x4 
 .text.scalbn   0x08006b48      0x100 c:/users/administrator/appdata/local/arduino15/packages/arduino/tools/arm-none-eabi-gcc/4.8.3-2014q1/bin/../lib/gcc/arm-none-eabi/4.8.3/../../../../arm-none-eabi/lib/armv7-m\libm.a(lib_a-s_scalbn.o)
                0x08006b48                scalbn
 .text.copysign
                0x08006c48       0x14 c:/users/administrator/appdata/local/arduino15/packages/arduino/tools/arm-none-eabi-gcc/4.8.3-2014q1/bin/../lib/gcc/arm-none-eabi/4.8.3/../../../../arm-none-eabi/lib/armv7-m\libm.a(lib_a-s_copysign.o)
                0x08006c48                copysign
 .text          0x08006c5c      0x370 c:/users/administrator/appdata/local/arduino15/packages/arduino/tools/arm-none-eabi-gcc/4.8.3-2014q1/bin/../lib/gcc/arm-none-eabi/4.8.3/armv7-m\libgcc.a(_arm_addsubdf3.o)
                0x08006c5c                __aeabi_drsub
                0x08006c64                __aeabi_dsub
                0x08006c64                __subdf3
                0x08006c68                __aeabi_dadd
                0x08006c68                __adddf3
                0x08006ee0                __floatunsidf
                0x08006ee0                __aeabi_ui2d
                0x08006f00                __floatsidf
                0x08006f00                __aeabi_i2d
                0x08006f24                __aeabi_f2d
                0x08006f24                __extendsfdf2
                0x08006f60                __floatundidf
                0x08006f60                __aeabi_ul2d
                0x08006f70                __floatdidf
                0x08006f70                __aeabi_l2d
 .text          0x08006fcc      0x424 c:/users/administrator/appdata/local/arduino15/packages/arduino/tools/arm-none-eabi-gcc/4.8.3-2014q1/bin/../lib/gcc/arm-none-eabi/4.8.3/armv7-m\libgcc.a(_arm_muldivdf3.o)
                0x08006fcc                __aeabi_dmul
                0x08006fcc                __muldf3
                0x08007220                __divdf3
                0x08007220                __aeabi_ddiv
 .text          0x080073f0      0x110 c:/users/administrator/appdata/local/arduino15/packages/arduino/tools/arm-none-eabi-gcc/4.8.3-2014q1/bin/../lib/gcc/arm-none-eabi/4.8.3/armv7-m\libgcc.a(_arm_cmpdf2.o)
                0x080073f0                __gtdf2
                0x080073f0                __gedf2
                0x080073f8                __ltdf2
                0x080073f8                __ledf2
                0x08007400                __nedf2
                0x08007400                __eqdf2
                0x08007400                __cmpdf2
                0x0800747c                __aeabi_cdrcmple
                0x0800748c                __aeabi_cdcmpeq
                0x0800748c                __aeabi_cdcmple
                0x0800749c                __aeabi_dcmpeq
                0x080074b0                __aeabi_dcmplt
                0x080074c4                __aeabi_dcmple
                0x080074d8                __aeabi_dcmpge
                0x080074ec                __aeabi_dcmpgt
 .text          0x08007500       0x50 c:/users/administrator/appdata/local/arduino15/packages/arduino/tools/arm-none-eabi-gcc/4.8.3-2014q1/bin/../lib/gcc/arm-none-eabi/4.8.3/armv7-m\libgcc.a(_arm_fixdfsi.o)
                0x08007500                __aeabi_d2iz
                0x08007500                __fixdfsi
 .text          0x08007550       0x40 c:/users/administrator/appdata/local/arduino15/packages/arduino/tools/arm-none-eabi-gcc/4.8.3-2014q1/bin/../lib/gcc/arm-none-eabi/4.8.3/armv7-m\libgcc.a(_arm_fixunsdfsi.o)
                0x08007550                __aeabi_d2uiz
                0x08007550                __fixunsdfsi
 .text          0x08007590       0xa0 c:/users/administrator/appdata/local/arduino15/packages/arduino/tools/arm-none-eabi-gcc/4.8.3-2014q1/bin/../lib/gcc/arm-none-eabi/4.8.3/armv7-m\libgcc.a(_arm_truncdfsf2.o)
                0x08007590                __truncdfsf2
                0x08007590                __aeabi_d2f
 .text          0x08007630      0x21c c:/users/administrator/appdata/local/arduino15/packages/arduino/tools/arm-none-eabi-gcc/4.8.3-2014q1/bin/../lib/gcc/arm-none-eabi/4.8.3/armv7-m\libgcc.a(_arm_addsubsf3.o)
                0x08007630                __aeabi_frsub
                0x08007638                __subsf3
                0x08007638                __aeabi_fsub
                0x0800763c                __aeabi_fadd
                0x0800763c                __addsf3
                0x0800779c                __aeabi_ui2f
                0x0800779c                __floatunsisf
                0x080077a4                __aeabi_i2f
                0x080077a4                __floatsisf
                0x080077c0                __aeabi_ul2f
                0x080077c0                __floatundisf
                0x080077d0                __aeabi_l2f
                0x080077d0                __floatdisf
 .text          0x0800784c      0x2a0 c:/users/administrator/appdata/local/arduino15/packages/arduino/tools/arm-none-eabi-gcc/4.8.3-2014q1/bin/../lib/gcc/arm-none-eabi/4.8.3/armv7-m\libgcc.a(_arm_muldivsf3.o)
                0x0800784c                __mulsf3
                0x0800784c                __aeabi_fmul
                0x080079b4                __aeabi_fdiv
                0x080079b4                __divsf3
 .text          0x08007aec       0xec c:/users/administrator/appdata/local/arduino15/packages/arduino/tools/arm-none-eabi-gcc/4.8.3-2014q1/bin/../lib/gcc/arm-none-eabi/4.8.3/armv7-m\libgcc.a(_arm_cmpsf2.o)
                0x08007aec                __gesf2
                0x08007aec                __gtsf2
                0x08007af4                __lesf2
                0x08007af4                __ltsf2
                0x08007afc                __nesf2
                0x08007afc                __eqsf2
                0x08007afc                __cmpsf2
                0x08007b5c                __aeabi_cfrcmple
                0x08007b64                __aeabi_cfcmpeq
                0x08007b64                __aeabi_cfcmple
                0x08007b74                __aeabi_fcmpeq
                0x08007b88                __aeabi_fcmplt
                0x08007b9c                __aeabi_fcmple
                0x08007bb0                __aeabi_fcmpge
                0x08007bc4                __aeabi_fcmpgt
 .text          0x08007bd8       0x4c c:/users/administrator/appdata/local/arduino15/packages/arduino/tools/arm-none-eabi-gcc/4.8.3-2014q1/bin/../lib/gcc/arm-none-eabi/4.8.3/armv7-m\libgcc.a(_arm_fixsfsi.o)
                0x08007bd8                __aeabi_f2iz
                0x08007bd8                __fixsfsi
 .text          0x08007c24       0x2c c:/users/administrator/appdata/local/arduino15/packages/arduino/tools/arm-none-eabi-gcc/4.8.3-2014q1/bin/../lib/gcc/arm-none-eabi/4.8.3/armv7-m\libgcc.a(_aeabi_uldivmod.o)
                0x08007c24                __aeabi_uldivmod
 .text          0x08007c50       0x30 c:/users/administrator/appdata/local/arduino15/packages/arduino/tools/arm-none-eabi-gcc/4.8.3-2014q1/bin/../lib/gcc/arm-none-eabi/4.8.3/armv7-m\libgcc.a(_fixdfdi.o)
                0x08007c50                __fixdfdi
                0x08007c50                __aeabi_d2lz
 .text          0x08007c80       0x44 c:/users/administrator/appdata/local/arduino15/packages/arduino/tools/arm-none-eabi-gcc/4.8.3-2014q1/bin/../lib/gcc/arm-none-eabi/4.8.3/armv7-m\libgcc.a(_fixunsdfdi.o)
                0x08007c80                __fixunsdfdi
                0x08007c80                __aeabi_d2ulz
 .text          0x08007cc4       0x60 c:/users/administrator/appdata/local/arduino15/packages/arduino/tools/arm-none-eabi-gcc/4.8.3-2014q1/bin/../lib/gcc/arm-none-eabi/4.8.3/armv7-m\libgcc.a(bpabi.o)
                0x08007cc4                __gnu_ldivmod_helper
                0x08007cf4                __gnu_uldivmod_helper
 .text          0x08007d24        0x4 c:/users/administrator/appdata/local/arduino15/packages/arduino/tools/arm-none-eabi-gcc/4.8.3-2014q1/bin/../lib/gcc/arm-none-eabi/4.8.3/armv7-m\libgcc.a(_dvmd_tls.o)
                0x08007d24                __aeabi_idiv0
                0x08007d24                __aeabi_ldiv0
 .text          0x08007d28      0x2a0 c:/users/administrator/appdata/local/arduino15/packages/arduino/tools/arm-none-eabi-gcc/4.8.3-2014q1/bin/../lib/gcc/arm-none-eabi/4.8.3/armv7-m\libgcc.a(_divdi3.o)
                0x08007d28                __divdi3
 .text          0x08007fc8      0x290 c:/users/administrator/appdata/local/arduino15/packages/arduino/tools/arm-none-eabi-gcc/4.8.3-2014q1/bin/../lib/gcc/arm-none-eabi/4.8.3/armv7-m\libgcc.a(_udivdi3.o)
                0x08007fc8                __udivdi3
 .text.__errno  0x08008258        0xc c:/users/administrator/appdata/local/arduino15/packages/arduino/tools/arm-none-eabi-gcc/4.8.3-2014q1/bin/../lib/gcc/arm-none-eabi/4.8.3/../../../../arm-none-eabi/lib/armv7-m\libc.a(lib_a-errno.o)
                0x08008258                __errno
 .text.exit     0x08008264       0x20 c:/users/administrator/appdata/local/arduino15/packages/arduino/tools/arm-none-eabi-gcc/4.8.3-2014q1/bin/../lib/gcc/arm-none-eabi/4.8.3/../../../../arm-none-eabi/lib/armv7-m\libc.a(lib_a-exit.o)
                0x08008264                exit
 .text.__libc_init_array
                0x08008284       0x50 c:/users/administrator/appdata/local/arduino15/packages/arduino/tools/arm-none-eabi-gcc/4.8.3-2014q1/bin/../lib/gcc/arm-none-eabi/4.8.3/../../../../arm-none-eabi/lib/armv7-m\libc.a(lib_a-init.o)
                0x08008284                __libc_init_array
 .text.malloc   0x080082d4       0x10 c:/users/administrator/appdata/local/arduino15/packages/arduino/tools/arm-none-eabi-gcc/4.8.3-2014q1/bin/../lib/gcc/arm-none-eabi/4.8.3/../../../../arm-none-eabi/lib/armv7-m\libc.a(lib_a-malloc.o)
                0x080082d4                malloc
 .text.free     0x080082e4       0x10 c:/users/administrator/appdata/local/arduino15/packages/arduino/tools/arm-none-eabi-gcc/4.8.3-2014q1/bin/../lib/gcc/arm-none-eabi/4.8.3/../../../../arm-none-eabi/lib/armv7-m\libc.a(lib_a-malloc.o)
                0x080082e4                free
 .text._malloc_r
                0x080082f4      0x538 c:/users/administrator/appdata/local/arduino15/packages/arduino/tools/arm-none-eabi-gcc/4.8.3-2014q1/bin/../lib/gcc/arm-none-eabi/4.8.3/../../../../arm-none-eabi/lib/armv7-m\libc.a(lib_a-mallocr.o)
                0x080082f4                _malloc_r
 .text          0x0800882c       0xec c:/users/administrator/appdata/local/arduino15/packages/arduino/tools/arm-none-eabi-gcc/4.8.3-2014q1/bin/../lib/gcc/arm-none-eabi/4.8.3/../../../../arm-none-eabi/lib/armv7-m\libc.a(lib_a-memcpy.o)
                0x0800882c                memcpy
 .text.memmove  0x08008918       0xcc c:/users/administrator/appdata/local/arduino15/packages/arduino/tools/arm-none-eabi-gcc/4.8.3-2014q1/bin/../lib/gcc/arm-none-eabi/4.8.3/../../../../arm-none-eabi/lib/armv7-m\libc.a(lib_a-memmove.o)
                0x08008918                memmove
 .text.memset   0x080089e4       0x94 c:/users/administrator/appdata/local/arduino15/packages/arduino/tools/arm-none-eabi-gcc/4.8.3-2014q1/bin/../lib/gcc/arm-none-eabi/4.8.3/../../../../arm-none-eabi/lib/armv7-m\libc.a(lib_a-memset.o)
                0x080089e4                memset
 .text.__malloc_lock
                0x08008a78        0x4 c:/users/administrator/appdata/local/arduino15/packages/arduino/tools/arm-none-eabi-gcc/4.8.3-2014q1/bin/../lib/gcc/arm-none-eabi/4.8.3/../../../../arm-none-eabi/lib/armv7-m\libc.a(lib_a-mlock.o)
                0x08008a78                __malloc_lock
 .text.__malloc_unlock
                0x08008a7c        0x4 c:/users/administrator/appdata/local/arduino15/packages/arduino/tools/arm-none-eabi-gcc/4.8.3-2014q1/bin/../lib/gcc/arm-none-eabi/4.8.3/../../../../arm-none-eabi/lib/armv7-m\libc.a(lib_a-mlock.o)
                0x08008a7c                __malloc_unlock
 .text.rand     0x08008a80       0x40 c:/users/administrator/appdata/local/arduino15/packages/arduino/tools/arm-none-eabi-gcc/4.8.3-2014q1/bin/../lib/gcc/arm-none-eabi/4.8.3/../../../../arm-none-eabi/lib/armv7-m\libc.a(lib_a-rand.o)
                0x08008a80                rand
 .text.realloc  0x08008ac0       0x10 c:/users/administrator/appdata/local/arduino15/packages/arduino/tools/arm-none-eabi-gcc/4.8.3-2014q1/bin/../lib/gcc/arm-none-eabi/4.8.3/../../../../arm-none-eabi/lib/armv7-m\libc.a(lib_a-realloc.o)
                0x08008ac0                realloc
 .text._realloc_r
                0x08008ad0      0x3c0 c:/users/administrator/appdata/local/arduino15/packages/arduino/tools/arm-none-eabi-gcc/4.8.3-2014q1/bin/../lib/gcc/arm-none-eabi/4.8.3/../../../../arm-none-eabi/lib/armv7-m\libc.a(lib_a-reallocr.o)
                0x08008ad0                _realloc_r
 .text._sbrk_r  0x08008e90       0x24 c:/users/administrator/appdata/local/arduino15/packages/arduino/tools/arm-none-eabi-gcc/4.8.3-2014q1/bin/../lib/gcc/arm-none-eabi/4.8.3/../../../../arm-none-eabi/lib/armv7-m\libc.a(lib_a-sbrkr.o)
                0x08008e90                _sbrk_r
 .text.sprintf  0x08008eb4       0x4c c:/users/administrator/appdata/local/arduino15/packages/arduino/tools/arm-none-eabi-gcc/4.8.3-2014q1/bin/../lib/gcc/arm-none-eabi/4.8.3/../../../../arm-none-eabi/lib/armv7-m\libc.a(lib_a-sprintf.o)
                0x08008eb4                sprintf
 .text.strcpy   0x08008f00       0xbc c:/users/administrator/appdata/local/arduino15/packages/arduino/tools/arm-none-eabi-gcc/4.8.3-2014q1/bin/../lib/gcc/arm-none-eabi/4.8.3/../../../../arm-none-eabi/lib/armv7-m\libc.a(lib_a-strcpy.o)
                0x08008f00                strcpy
 .text.strlen   0x08008fbc       0x60 c:/users/administrator/appdata/local/arduino15/packages/arduino/tools/arm-none-eabi-gcc/4.8.3-2014q1/bin/../lib/gcc/arm-none-eabi/4.8.3/../../../../arm-none-eabi/lib/armv7-m\libc.a(lib_a-strlen.o)
                0x08008fbc                strlen
 .text._svfprintf_r
                0x0800901c     0x14e0 c:/users/administrator/appdata/local/arduino15/packages/arduino/tools/arm-none-eabi-gcc/4.8.3-2014q1/bin/../lib/gcc/arm-none-eabi/4.8.3/../../../../arm-none-eabi/lib/armv7-m\libc.a(lib_a-svfprintf.o)
                0x0800901c                _svfprintf_r
 .text.startup.register_fini
                0x0800a4fc       0x14 c:/users/administrator/appdata/local/arduino15/packages/arduino/tools/arm-none-eabi-gcc/4.8.3-2014q1/bin/../lib/gcc/arm-none-eabi/4.8.3/../../../../arm-none-eabi/lib/armv7-m\libc.a(lib_a-__call_atexit.o)
 .text.__call_exitprocs
                0x0800a510       0xf0 c:/users/administrator/appdata/local/arduino15/packages/arduino/tools/arm-none-eabi-gcc/4.8.3-2014q1/bin/../lib/gcc/arm-none-eabi/4.8.3/../../../../arm-none-eabi/lib/armv7-m\libc.a(lib_a-__call_atexit.o)
                0x0800a510                __call_exitprocs
 .text.atexit   0x0800a600        0xc c:/users/administrator/appdata/local/arduino15/packages/arduino/tools/arm-none-eabi-gcc/4.8.3-2014q1/bin/../lib/gcc/arm-none-eabi/4.8.3/../../../../arm-none-eabi/lib/armv7-m\libc.a(lib_a-atexit.o)
                0x0800a600                atexit
 .text.quorem   0x0800a60c      0x134 c:/users/administrator/appdata/local/arduino15/packages/arduino/tools/arm-none-eabi-gcc/4.8.3-2014q1/bin/../lib/gcc/arm-none-eabi/4.8.3/../../../../arm-none-eabi/lib/armv7-m\libc.a(lib_a-dtoa.o)
 .text._dtoa_r  0x0800a740      0xe38 c:/users/administrator/appdata/local/arduino15/packages/arduino/tools/arm-none-eabi-gcc/4.8.3-2014q1/bin/../lib/gcc/arm-none-eabi/4.8.3/../../../../arm-none-eabi/lib/armv7-m\libc.a(lib_a-dtoa.o)
                0x0800a740                _dtoa_r
 .text.__libc_fini_array