Archive member included because of file (symbol)

C:\Users\Administrator\AppData\Local\Temp\VMBuilds\STM32_LORA_GS100_V1.0.5_beta\stm32_genericSTM32F103C\Debug/core.a(exc.S.o)
                              (__exc_hardfault)
C:\Users\Administrator\AppData\Local\Temp\VMBuilds\STM32_LORA_GS100_V1.0.5_beta\stm32_genericSTM32F103C\Debug/core.a(isrs.S.o)
                              (__stm32reservedexception7)
C:\Users\Administrator\AppData\Local\Temp\VMBuilds\STM32_LORA_GS100_V1.0.5_beta\stm32_genericSTM32F103C\Debug/core.a(vector_table.S.o)
                              (__stm32_vector_table)
C:\Users\Administrator\AppData\Local\Temp\VMBuilds\STM32_LORA_GS100_V1.0.5_beta\stm32_genericSTM32F103C\Debug/core.a(adc.c.o)
                              C:\Users\Administrator\AppData\Local\Temp\VMBCore\arduino16x\2752fd7be5c089007b9fd13dbb2a4e79\variant\boards.cpp.o (adc_set_sample_rate)
C:\Users\Administrator\AppData\Local\Temp\VMBuilds\STM32_LORA_GS100_V1.0.5_beta\stm32_genericSTM32F103C\Debug/core.a(adc_f1.c.o)
                              C:\Users\Administrator\AppData\Local\Temp\VMBCore\arduino16x\2752fd7be5c089007b9fd13dbb2a4e79\variant\boards.cpp.o (adc_set_prescaler)
C:\Users\Administrator\AppData\Local\Temp\VMBuilds\STM32_LORA_GS100_V1.0.5_beta\stm32_genericSTM32F103C\Debug/core.a(bkp_f1.c.o)
                              STM32_LORA_GS100_V1.0.5_beta.cpp.o (bkp_init)
C:\Users\Administrator\AppData\Local\Temp\VMBuilds\STM32_LORA_GS100_V1.0.5_beta\stm32_genericSTM32F103C\Debug/core.a(flash.c.o)
                              C:\Users\Administrator\AppData\Local\Temp\VMBCore\arduino16x\2752fd7be5c089007b9fd13dbb2a4e79\variant\boards.cpp.o (flash_set_latency)
C:\Users\Administrator\AppData\Local\Temp\VMBuilds\STM32_LORA_GS100_V1.0.5_beta\stm32_genericSTM32F103C\Debug/core.a(gpio_f1.c.o)
                              C:\Users\Administrator\AppData\Local\Temp\VMBCore\arduino16x\2752fd7be5c089007b9fd13dbb2a4e79\variant\boards_setup.cpp.o (gpio_init_all)
C:\Users\Administrator\AppData\Local\Temp\VMBuilds\STM32_LORA_GS100_V1.0.5_beta\stm32_genericSTM32F103C\Debug/core.a(iwdg.c.o)
                              LoRa.cpp.o (iwdg_feed)
C:\Users\Administrator\AppData\Local\Temp\VMBuilds\STM32_LORA_GS100_V1.0.5_beta\stm32_genericSTM32F103C\Debug/core.a(nvic.c.o)
                              C:\Users\Administrator\AppData\Local\Temp\VMBCore\arduino16x\2752fd7be5c089007b9fd13dbb2a4e79\variant\boards.cpp.o (nvic_init)
C:\Users\Administrator\AppData\Local\Temp\VMBuilds\STM32_LORA_GS100_V1.0.5_beta\stm32_genericSTM32F103C\Debug/core.a(pwr.c.o)
                              STM32_LORA_GS100_V1.0.5_beta.cpp.o (PWR_WakeUpPinCmd)
C:\Users\Administrator\AppData\Local\Temp\VMBuilds\STM32_LORA_GS100_V1.0.5_beta\stm32_genericSTM32F103C\Debug/core.a(rcc.c.o)
                              C:\Users\Administrator\AppData\Local\Temp\VMBCore\arduino16x\2752fd7be5c089007b9fd13dbb2a4e79\variant\boards.cpp.o (rcc_switch_sysclk)
C:\Users\Administrator\AppData\Local\Temp\VMBuilds\STM32_LORA_GS100_V1.0.5_beta\stm32_genericSTM32F103C\Debug/core.a(rcc_f1.c.o)
                              C:\Users\Administrator\AppData\Local\Temp\VMBCore\arduino16x\2752fd7be5c089007b9fd13dbb2a4e79\variant\boards.cpp.o (rcc_configure_pll)
C:\Users\Administrator\AppData\Local\Temp\VMBuilds\STM32_LORA_GS100_V1.0.5_beta\stm32_genericSTM32F103C\Debug/core.a(systick.c.o)
                              C:\Users\Administrator\AppData\Local\Temp\VMBCore\arduino16x\2752fd7be5c089007b9fd13dbb2a4e79\variant\boards.cpp.o (systick_init)
C:\Users\Administrator\AppData\Local\Temp\VMBuilds\STM32_LORA_GS100_V1.0.5_beta\stm32_genericSTM32F103C\Debug/core.a(timer.c.o)
                              C:\Users\Administrator\AppData\Local\Temp\VMBCore\arduino16x\2752fd7be5c089007b9fd13dbb2a4e79\variant\boards.cpp.o (timer_foreach)
C:\Users\Administrator\AppData\Local\Temp\VMBuilds\STM32_LORA_GS100_V1.0.5_beta\stm32_genericSTM32F103C\Debug/core.a(usart_f1.c.o)
                              C:\Users\Administrator\AppData\Local\Temp\VMBCore\arduino16x\2752fd7be5c089007b9fd13dbb2a4e79\variant\board.cpp.o (USART3)
C:\Users\Administrator\AppData\Local\Temp\VMBuilds\STM32_LORA_GS100_V1.0.5_beta\stm32_genericSTM32F103C\Debug/core.a(usart_private.c.o)
                              C:\Users\Administrator\AppData\Local\Temp\VMBuilds\STM32_LORA_GS100_V1.0.5_beta\stm32_genericSTM32F103C\Debug/core.a(usart_f1.c.o) (_usart_clock_freq)
C:\Users\Administrator\AppData\Local\Temp\VMBuilds\STM32_LORA_GS100_V1.0.5_beta\stm32_genericSTM32F103C\Debug/core.a(util.c.o)
                              C:\Users\Administrator\AppData\Local\Temp\VMBuilds\STM32_LORA_GS100_V1.0.5_beta\stm32_genericSTM32F103C\Debug/core.a(exc.S.o) (__error)
C:\Users\Administrator\AppData\Local\Temp\VMBuilds\STM32_LORA_GS100_V1.0.5_beta\stm32_genericSTM32F103C\Debug/core.a(HardwareSerial.cpp.o)
                              Command_Analysis.cpp.o (HardwareSerial::read())
[...]
Memory Configuration

Name             Origin             Length             Attributes
ram              0x20000000         0x00005000         xrw
rom              0x08000000         0x00010000         xr
*default*        0x00000000         0xffffffff

Linker script and memory map

LOAD c:/users/administrator/appdata/local/arduino15/packages/arduino/tools/arm-none-eabi-gcc/4.8.3-2014q1/bin/../lib/gcc/arm-none-eabi/4.8.3/armv7-m/crti.o
LOAD c:/users/administrator/appdata/local/arduino15/packages/arduino/tools/arm-none-eabi-gcc/4.8.3-2014q1/bin/../lib/gcc/arm-none-eabi/4.8.3/armv7-m/crtbegin.o
LOAD c:/users/administrator/appdata/local/arduino15/packages/arduino/tools/arm-none-eabi-gcc/4.8.3-2014q1/bin/../lib/gcc/arm-none-eabi/4.8.3/../../../../arm-none-eabi/lib/armv7-m/crt0.o
LOAD c:/users/administrator/appdata/local/arduino15/packages/arduino/tools/arm-none-eabi-gcc/4.8.3-2014q1/bin/../lib/gcc/arm-none-eabi/4.8.3/armv7-m\libgcc.a
START GROUP
LOAD STM32_LORA_GS100_V1.0.5_beta.cpp.o
LOAD User_Clock.c.o
LOAD AT24CXX.cpp.o
LOAD BCD_CON.cpp.o
LOAD Command_Analysis.cpp.o
LOAD fun_periph.cpp.o
LOAD LoRa.cpp.o
LOAD Memory.cpp.o
LOAD private_i2c.cpp.o
LOAD Private_RTC.cpp.o
LOAD private_sensor.cpp.o
LOAD public.cpp.o
LOAD receipt.cpp.o
LOAD SHT1x.cpp.o
LOAD SoftwareI2C.cpp.o
LOAD User_CRC8.cpp.o
LOAD MAX44009\i2c.cpp.o
LOAD RTClock\RTClock.cpp.o
LOAD RTClock\utility\rtc_util.c.o
LOAD C:\Users\Administrator\AppData\Local\Temp\VMBCore\arduino16x\2752fd7be5c089007b9fd13dbb2a4e79\variant\board.cpp.o
LOAD C:\Users\Administrator\AppData\Local\Temp\VMBCore\arduino16x\2752fd7be5c089007b9fd13dbb2a4e79\variant\boards.cpp.o
LOAD C:\Users\Administrator\AppData\Local\Temp\VMBCore\arduino16x\2752fd7be5c089007b9fd13dbb2a4e79\variant\boards_setup.cpp.o
LOAD C:\Users\Administrator\AppData\Local\Temp\VMBCore\arduino16x\2752fd7be5c089007b9fd13dbb2a4e79\variant\start.S.o
LOAD C:\Users\Administrator\AppData\Local\Temp\VMBCore\arduino16x\2752fd7be5c089007b9fd13dbb2a4e79\variant\start_c.c.o
LOAD C:\Users\Administrator\AppData\Local\Temp\VMBCore\arduino16x\2752fd7be5c089007b9fd13dbb2a4e79\variant\syscalls.c.o
LOAD C:\Users\Administrator\AppData\Local\Temp\VMBuilds\STM32_LORA_GS100_V1.0.5_beta\stm32_genericSTM32F103C\Debug/core.a
END GROUP
LOAD c:/users/administrator/appdata/local/arduino15/packages/arduino/tools/arm-none-eabi-gcc/4.8.3-2014q1/bin/../lib/gcc/arm-none-eabi/4.8.3/../../../../arm-none-eabi/lib/armv7-m\libstdc++.a
LOAD c:/users/administrator/appdata/local/arduino15/packages/arduino/tools/arm-none-eabi-gcc/4.8.3-2014q1/bin/../lib/gcc/arm-none-eabi/4.8.3/../../../../arm-none-eabi/lib/armv7-m\libm.a
START GROUP
LOAD c:/users/administrator/appdata/local/arduino15/packages/arduino/tools/arm-none-eabi-gcc/4.8.3-2014q1/bin/../lib/gcc/arm-none-eabi/4.8.3/armv7-m\libgcc.a
LOAD c:/users/administrator/appdata/local/arduino15/packages/arduino/tools/arm-none-eabi-gcc/4.8.3-2014q1/bin/../lib/gcc/arm-none-eabi/4.8.3/../../../../arm-none-eabi/lib/armv7-m\libc.a
END GROUP
LOAD c:/users/administrator/appdata/local/arduino15/packages/arduino/tools/arm-none-eabi-gcc/4.8.3-2014q1/bin/../lib/gcc/arm-none-eabi/4.8.3/armv7-m/crtend.o
LOAD c:/users/administrator/appdata/local/arduino15/packages/arduino/tools/arm-none-eabi-gcc/4.8.3-2014q1/bin/../lib/gcc/arm-none-eabi/4.8.3/armv7-m/crtn.o
START GROUP
LOAD c:/users/administrator/appdata/local/arduino15/packages/arduino/tools/arm-none-eabi-gcc/4.8.3-2014q1/bin/../lib/gcc/arm-none-eabi/4.8.3/armv7-m\libgcc.a
LOAD c:/users/administrator/appdata/local/arduino15/packages/arduino/tools/arm-none-eabi-gcc/4.8.3-2014q1/bin/../lib/gcc/arm-none-eabi/4.8.3/../../../../arm-none-eabi/lib/armv7-m\libc.a
LOAD c:/users/administrator/appdata/local/arduino15/packages/arduino/tools/arm-none-eabi-gcc/4.8.3-2014q1/bin/../lib/gcc/arm-none-eabi/4.8.3/../../../../arm-none-eabi/lib/armv7-m\libm.a
END GROUP
START GROUP
LOAD c:/users/administrator/appdata/local/arduino15/packages/arduino/tools/arm-none-eabi-gcc/4.8.3-2014q1/bin/../lib/gcc/arm-none-eabi/4.8.3/../../../../arm-none-eabi/lib/armv7-m\libnosys.a
END GROUP
                0x20005000                PROVIDE (__msp_init, (ORIGIN (ram) + 0x5000))
                0x0800411c                PROVIDE (__exc_reset, __start__)

.text           0x08000000     0xc0d8
                0x08000000                __text_start__ = .
 *(.stm32.interrupt_vector)
 .stm32.interrupt_vector
                0x08000000       0xec C:\Users\Administrator\AppData\Local\Temp\VMBuilds\STM32_LORA_GS100_V1.0.5_beta\stm32_genericSTM32F103C\Debug/core.a(vector_table.S.o)
                0x08000000                __stm32_vector_table
 *(.text .text.* .gnu.linkonce.t.*)
 .text          0x080000ec       0x54 c:/users/administrator/appdata/local/arduino15/packages/arduino/tools/arm-none-eabi-gcc/4.8.3-2014q1/bin/../lib/gcc/arm-none-eabi/4.8.3/armv7-m/crtbegin.o
 .text._Z22Request_Access_Networkv
                0x08000140       0xf8 STM32_LORA_GS100_V1.0.5_beta.cpp.o
                0x08000140                Request_Access_Network()
 .text._Z31Data_Communication_with_Gatewayv
                0x08000238       0x60 STM32_LORA_GS100_V1.0.5_beta.cpp.o
                0x08000238                Data_Communication_with_Gateway()
 .text._Z24Key_Reset_LoRa_Parameterv
                0x08000298       0x6c STM32_LORA_GS100_V1.0.5_beta.cpp.o
                0x08000298                Key_Reset_LoRa_Parameter()
 .text._Z5Sleepv
                0x08000304       0x58 STM32_LORA_GS100_V1.0.5_beta.cpp.o
                0x08000304                Sleep()
 .text._Z5setupv
                0x0800035c      0x2f8 STM32_LORA_GS100_V1.0.5_beta.cpp.o
                0x0800035c                setup()
 .text._Z4loopv
                0x08000654        0x6 STM32_LORA_GS100_V1.0.5_beta.cpp.o
                0x08000654                loop()
 .text.monthLength
                0x0800065a       0x20 User_Clock.c.o
 *fill*         0x0800067a        0x2 
 .text.osal_ConvertUTCTime
                0x0800067c      0x118 User_Clock.c.o
                0x0800067c                osal_ConvertUTCTime
 .text.osal_ConvertUTCSecs
                0x08000794       0xbc User_Clock.c.o
                0x08000794                osal_ConvertUTCSecs
 .text._ZN7AT24Cxx8I2C_InitEv
                0x08000850        0x4 AT24CXX.cpp.o
                0x08000850                AT24Cxx::I2C_Init()
 .text._ZN7AT24Cxx19AT24CXX_ReadOneByteEj
                0x08000854       0x5c AT24CXX.cpp.o
                0x08000854                AT24Cxx::AT24CXX_ReadOneByte(unsigned int)
 .text._ZN7AT24Cxx20AT24CXX_WriteOneByteEjh
                0x080008b0       0x4e AT24CXX.cpp.o
                0x080008b0                AT24Cxx::AT24CXX_WriteOneByte(unsigned int, unsigned char)
 *fill*         0x080008fe        0x2 
 .text._Z7ASC2BCDPhPcj
                0x08000900       0x70 BCD_CON.cpp.o
                0x08000900                ASC2BCD(unsigned char*, char*, unsigned int)
 .text._Z7PackBCDPcfii
                0x08000970      0x160 BCD_CON.cpp.o
                0x08000970                PackBCD(char*, float, int, int)
 .text._ZN16Command_Analysis16FrameID_AnalysisEv
                0x08000ad0       0x50 Command_Analysis.cpp.o
                0x08000ad0                Command_Analysis::FrameID_Analysis()
 .text._ZN16Command_Analysis11Verify_CRC8Ehh
                0x08000b20       0x28 Command_Analysis.cpp.o
                0x08000b20                Command_Analysis::Verify_CRC8(unsigned char, unsigned char)
 .text._ZN16Command_Analysis21Verify_Device_Type_IDEv
                0x08000b48       0x18 Command_Analysis.cpp.o
                0x08000b48                Command_Analysis::Verify_Device_Type_ID()
 .text._ZN16Command_Analysis20Verify_Mass_CommandsEv
                0x08000b60       0x1c Command_Analysis.cpp.o
                0x08000b60                Command_Analysis::Verify_Mass_Commands()
 .text._ZN16Command_Analysis18Verify_Area_NumberEv
                0x08000b7c       0x2c Command_Analysis.cpp.o
                0x08000b7c                Command_Analysis::Verify_Area_Number()
 .text._ZN16Command_Analysis17Verify_Work_GroupEv
                0x08000ba8       0x40 Command_Analysis.cpp.o
                0x08000ba8                Command_Analysis::Verify_Work_Group()
 .text._ZN16Command_Analysis21Verify_Frame_ValidityEhhbb
                0x08000be8       0x70 Command_Analysis.cpp.o
                0x08000be8                Command_Analysis::Verify_Frame_Validity(unsigned char, unsigned char, bool, bool)
 .text._ZN16Command_Analysis23Query_Current_Work_ParaEv
                0x08000c58       0x84 Command_Analysis.cpp.o
                0x08000c58                Command_Analysis::Query_Current_Work_Para()
 .text._ZN16Command_Analysis16Set_Group_NumberEv
                0x08000cdc       0x88 Command_Analysis.cpp.o
                0x08000cdc                Command_Analysis::Set_Group_Number()
 .text._ZN16Command_Analysis19Set_SN_Area_ChannelEv
                0x08000d64       0xb4 Command_Analysis.cpp.o
                0x08000d64                Command_Analysis::Set_SN_Area_Channel()
 .text._ZN16Command_Analysis20Detailed_Work_StatusEv
                0x08000e18       0x48 Command_Analysis.cpp.o
                0x08000e18                Command_Analysis::Detailed_Work_Status()
 .text._ZN16Command_Analysis21Receive_Data_AnalysisEv
                0x08000e60       0x3e Command_Analysis.cpp.o
                0x08000e60                Command_Analysis::Receive_Data_Analysis()
 *fill*         0x08000e9e        0x2 
 .text._ZN16Command_Analysis16Receive_LoRa_CmdEv
                0x08000ea0      0x124 Command_Analysis.cpp.o
                0x08000ea0                Command_Analysis::Receive_LoRa_Cmd()
 .text._Z13LED_Interruptv
                0x08000fc4       0x60 fun_periph.cpp.o
                0x08000fc4                LED_Interrupt()
 .text._ZN16Some_Peripherals22Peripheral_GPIO_ConfigEv
                0x08001024       0x4c fun_periph.cpp.o
                0x08001024                Some_Peripherals::Peripheral_GPIO_Config()
 .text._ZN16Some_Peripherals11LED_DisplayE3LEDh
                0x08001070       0x54 fun_periph.cpp.o
                0x08001070                Some_Peripherals::LED_Display(LED, unsigned char)
 .text._ZN16Some_Peripherals8Stop_LEDEv
                0x080010c4       0x20 fun_periph.cpp.o
                0x080010c4                Some_Peripherals::Stop_LED()
 .text._ZN16Some_Peripherals9Start_LEDEv
                0x080010e4        0xc fun_periph.cpp.o
                0x080010e4                Some_Peripherals::Start_LED()
 .text._ZN16Some_Peripherals11Get_VoltageEv
                0x080010f0       0x78 fun_periph.cpp.o
                0x080010f0                Some_Peripherals::Get_Voltage()
 .text._ZN4LoRa16LoRa_GPIO_ConfigEv
                0x08001168       0x46 LoRa.cpp.o
                0x08001168                LoRa::LoRa_GPIO_Config()
 *fill*         0x080011ae        0x2 
 .text._ZN4LoRa8BaudRateEj
                0x080011b0        0xc LoRa.cpp.o
                0x080011b0                LoRa::BaudRate(unsigned int)
 .text._ZN4LoRa7IsResetEb
                0x080011bc       0x20 LoRa.cpp.o
                0x080011bc                LoRa::IsReset(bool)
 .text._ZN4LoRa13LoRa_ShutdownEv
                0x080011dc       0x40 LoRa.cpp.o
                0x080011dc                LoRa::LoRa_Shutdown()
 .text._ZN4LoRa20Detect_Error_ReceiptEPh
                0x0800121c       0x38 LoRa.cpp.o
                0x0800121c                LoRa::Detect_Error_Receipt(unsigned char*)
 .text._ZN4LoRa17Detect_OK_ReceiptEPhS0_
                0x08001254       0x1a LoRa.cpp.o
                0x08001254                LoRa::Detect_OK_Receipt(unsigned char*, unsigned char*)
 .text._ZN4LoRa7Get_CSQEPhhS0_
                0x0800126e       0x2a LoRa.cpp.o
                0x0800126e                LoRa::Get_CSQ(unsigned char*, unsigned char, unsigned char*)
 .text._ZN4LoRa13Parse_CommandEPhhS0_PS0_
                0x08001298       0x6c LoRa.cpp.o
                0x08001298                LoRa::Parse_Command(unsigned char*, unsigned char, unsigned char*, unsigned char**)
 .text._ZN4LoRa4ModeE9LoRa_Mode
                0x08001304       0x64 LoRa.cpp.o
                0x08001304                LoRa::Mode(LoRa_Mode)
 .text._ZN4LoRa12LoRa_RestartEv
                0x08001368       0x30 LoRa.cpp.o
                0x08001368                LoRa::LoRa_Restart()
 .text._ZN4LoRa12AT_Query_CmdEPKcPhS2_
                0x08001398       0xdc LoRa.cpp.o
                0x08001398                LoRa::AT_Query_Cmd(char const*, unsigned char*, unsigned char*)
 .text._ZN4LoRa13AT_Config_CmdEPKcS1_Ph
                0x08001474      0x124 LoRa.cpp.o
                0x08001474                LoRa::AT_Config_Cmd(char const*, char const*, unsigned char*)
 .text._ZN4LoRa7LoRa_ATEPhbPKcS2_
                0x08001598       0xb0 LoRa.cpp.o
                0x08001598                LoRa::LoRa_AT(unsigned char*, bool, char const*, char const*)
 .text._ZN4LoRa10Rewrite_IDEv
                0x08001648       0xf8 LoRa.cpp.o
                0x08001648                LoRa::Rewrite_ID()
 .text._ZN4LoRa11Param_CheckEPKcS1_b
                0x08001740      0x144 LoRa.cpp.o
                0x08001740                LoRa::Param_Check(char const*, char const*, bool)
 .text._ZN4LoRa14Parameter_InitEb
                0x08001884      0x1d8 LoRa.cpp.o
                0x08001884                LoRa::Parameter_Init(bool)
 .text._ZN17EEPROM_Operations18EEPROM_GPIO_ConfigEv
                0x08001a5c       0x1e Memory.cpp.o
                0x08001a5c                EEPROM_Operations::EEPROM_GPIO_Config()
 .text._ZN17EEPROM_Operations20EEPROM_Write_DisableEv
                0x08001a7a       0x14 Memory.cpp.o
                0x08001a7a                EEPROM_Operations::EEPROM_Write_Disable()
 .text._ZN17EEPROM_Operations19EEPROM_Write_EnableEv
                0x08001a8e       0x14 Memory.cpp.o
                0x08001a8e                EEPROM_Operations::EEPROM_Write_Enable()
 .text._ZN13SN_Operations12Save_SN_CodeEPh
                0x08001aa2       0x76 Memory.cpp.o
                0x08001aa2                SN_Operations::Save_SN_Code(unsigned char*)
 .text._ZN13SN_Operations16Save_BKP_SN_CodeEPh
                0x08001b18       0x76 Memory.cpp.o
                0x08001b18                SN_Operations::Save_BKP_SN_Code(unsigned char*)
 .text._ZN13SN_Operations12Read_SN_CodeEPh
                0x08001b8e       0x58 Memory.cpp.o
                0x08001b8e                SN_Operations::Read_SN_Code(unsigned char*)
 .text._ZN13SN_Operations16Read_BKP_SN_CodeEPh
                0x08001be6       0x58 Memory.cpp.o
                0x08001be6                SN_Operations::Read_BKP_SN_Code(unsigned char*)
 .text._ZN13SN_Operations16Read_Random_SeedEPh
                0x08001c3e       0x2a Memory.cpp.o
                0x08001c3e                SN_Operations::Read_Random_Seed(unsigned char*)
 .text._ZN13SN_Operations18Clear_SN_Save_FlagEv
                0x08001c68       0x2a Memory.cpp.o
                0x08001c68                SN_Operations::Clear_SN_Save_Flag()
 .text._ZN13SN_Operations22Clear_BKP_SN_Save_FlagEv
                0x08001c92       0x2a Memory.cpp.o
                0x08001c92                SN_Operations::Clear_BKP_SN_Save_Flag()
 .text._ZN13SN_Operations26Set_SN_Access_Network_FlagEv
                0x08001cbc       0x2a Memory.cpp.o
                0x08001cbc                SN_Operations::Set_SN_Access_Network_Flag()
 .text._ZN13SN_Operations28Clear_SN_Access_Network_FlagEv
                0x08001ce6       0x4c Memory.cpp.o
                0x08001ce6                SN_Operations::Clear_SN_Access_Network_Flag()
 .text._ZN13SN_Operations29Verify_SN_Access_Network_FlagEv
                0x08001d32       0x12 Memory.cpp.o
                0x08001d32                SN_Operations::Verify_SN_Access_Network_Flag()
 .text._ZN13SN_Operations10Self_CheckEPh
                0x08001d44       0x8c Memory.cpp.o
                0x08001d44                SN_Operations::Self_Check(unsigned char*)
 .text._ZN11LoRa_Config21Save_LoRa_Config_FlagEv
                0x08001dd0       0x1c Memory.cpp.o
                0x08001dd0                LoRa_Config::Save_LoRa_Config_Flag()
 .text._ZN11LoRa_Config23Verify_LoRa_Config_FlagEv
                0x08001dec       0x12 Memory.cpp.o
                0x08001dec                LoRa_Config::Verify_LoRa_Config_Flag()
 .text._ZN11LoRa_Config22Clear_LoRa_Config_FlagEv
                0x08001dfe       0x1c Memory.cpp.o
                0x08001dfe                LoRa_Config::Clear_LoRa_Config_Flag()
 *fill*         0x08001e1a        0x2 
 .text._ZN11LoRa_Config14Read_LoRa_AddrEPh
                0x08001e1c       0x5c Memory.cpp.o
                0x08001e1c                LoRa_Config::Read_LoRa_Addr(unsigned char*)
 .text._ZN11LoRa_Config19Save_LoRa_Addr_FlagEv
                0x08001e78       0x2a Memory.cpp.o
                0x08001e78                LoRa_Config::Save_LoRa_Addr_Flag()
 .text._ZN11LoRa_Config20Clear_LoRa_Addr_FlagEv
                0x08001ea2       0x28 Memory.cpp.o
                0x08001ea2                LoRa_Config::Clear_LoRa_Addr_Flag()
 *fill*         0x08001eca        0x2 
 .text._ZN11LoRa_Config14Save_LoRa_AddrEPh
                0x08001ecc       0x84 Memory.cpp.o
                0x08001ecc                LoRa_Config::Save_LoRa_Addr(unsigned char*)
 .text._ZN11LoRa_Config21Verify_LoRa_Addr_FlagEv
                0x08001f50       0x12 Memory.cpp.o
                0x08001f50                LoRa_Config::Verify_LoRa_Addr_Flag()
 .text._ZN17Soft_Hard_Vertion21Save_Software_versionEhh
                0x08001f62       0x2a Memory.cpp.o
                0x08001f62                Soft_Hard_Vertion::Save_Software_version(unsigned char, unsigned char)
 .text._ZN17Soft_Hard_Vertion21Read_hardware_versionEh
                0x08001f8c        0x4 Memory.cpp.o
                0x08001f8c                Soft_Hard_Vertion::Read_hardware_version(unsigned char)
 .text._ZN17Soft_Hard_Vertion21Read_Software_versionEh
                0x08001f90        0x4 Memory.cpp.o
                0x08001f90                Soft_Hard_Vertion::Read_Software_version(unsigned char)
 .text._ZN17Soft_Hard_Vertion21Save_hardware_versionEhh
                0x08001f94       0x2a Memory.cpp.o
                0x08001f94                Soft_Hard_Vertion::Save_hardware_version(unsigned char, unsigned char)
 .text._ZN19Control_Information17Save_Group_NumberEPh
                0x08001fbe       0x76 Memory.cpp.o
                0x08001fbe                Control_Information::Save_Group_Number(unsigned char*)
 .text._ZN19Control_Information17Read_Group_NumberEPh
                0x08002034       0x1e Memory.cpp.o
                0x08002034                Control_Information::Read_Group_Number(unsigned char*)
 .text._ZN19Control_Information18Clear_Group_NumberEv
                0x08002052       0x42 Memory.cpp.o
                0x08002052                Control_Information::Clear_Group_Number()
 .text._ZN19Control_Information16Save_Area_NumberEh
                0x08002094       0x5a Memory.cpp.o
                0x08002094                Control_Information::Save_Area_Number(unsigned char)
 .text._ZN19Control_Information16Read_Area_NumberEv
                0x080020ee        0x6 Memory.cpp.o
                0x080020ee                Control_Information::Read_Area_Number()
 .text._ZN19Control_Information17Clear_Area_NumberEv
                0x080020f4       0x1a Memory.cpp.o
                0x080020f4                Control_Information::Clear_Area_Number()
 *fill*         0x0800210e        0x2 
 .text._ZN26Work_Parameter_Information17Save_Collect_TimeEj
                0x08002110       0x70 Memory.cpp.o
                0x08002110                Work_Parameter_Information::Save_Collect_Time(unsigned int)
 .text._ZN26Work_Parameter_Information17Read_Collect_TimeEv
                0x08002180       0x1a Memory.cpp.o
                0x08002180                Work_Parameter_Information::Read_Collect_Time()
 .text._ZN26Work_Parameter_Information24Verify_Collect_Time_FlagEv
                0x0800219a       0x12 Memory.cpp.o
                0x0800219a                Work_Parameter_Information::Verify_Collect_Time_Flag()
 .text._ZN3I2C4InitEv
                0x080021ac       0x26 private_i2c.cpp.o
                0x080021ac                I2C::Init()
 .text._ZN3I2C7SDA_OutEv
                0x080021d2        0x8 private_i2c.cpp.o
                0x080021d2                I2C::SDA_Out()
 .text._ZN3I2C6SDA_InEv
                0x080021da        0x8 private_i2c.cpp.o
                0x080021da                I2C::SDA_In()
 .text._ZN3I2C5StartEv
                0x080021e2       0x36 private_i2c.cpp.o
                0x080021e2                I2C::Start()
 .text._ZN3I2C4StopEv
                0x08002218       0x36 private_i2c.cpp.o
                0x08002218                I2C::Stop()
 .text._ZN3I2C3AckEv
                0x0800224e       0x3a private_i2c.cpp.o
                0x0800224e                I2C::Ack()
 .text._ZN3I2C4NAckEv
                0x08002288       0x3a private_i2c.cpp.o
                0x08002288                I2C::NAck()
 .text._ZN3I2C8Wait_AckEv
                0x080022c2       0x4e private_i2c.cpp.o
                0x080022c2                I2C::Wait_Ack()
 .text._ZN3I2C9Send_ByteEh
                0x08002310       0x4e private_i2c.cpp.o
                0x08002310                I2C::Send_Byte(unsigned char)
 .text._ZN3I2C9Read_ByteEh
                0x0800235e       0x54 private_i2c.cpp.o
                0x0800235e                I2C::Read_Byte(unsigned char)
 .text._Z13RTC_Interruptv
                0x080023b2        0x6 Private_RTC.cpp.o
                0x080023b2                RTC_Interrupt()
 .text._ZN4date10Update_RTCEPh
                0x080023b8      0x1ac Private_RTC.cpp.o
                0x080023b8                date::Update_RTC(unsigned char*)
 .text._ZN4date7Get_RTCEPh
                0x08002564       0x80 Private_RTC.cpp.o
                0x08002564                date::Get_RTC(unsigned char*)
 .text._ZN4date9Set_AlarmEv
                0x080025e4      0x174 Private_RTC.cpp.o
                0x080025e4                date::Set_Alarm()
 .text._ZN4date17Set_onehour_AlarmEv
                0x08002758       0x6c Private_RTC.cpp.o
                0x08002758                date::Set_onehour_Alarm()
 .text.startup._GLOBAL__sub_I_Date
                0x080027c4        0xc Private_RTC.cpp.o
 .text._ZN8MAX440095resetEv
                0x080027d0        0x2 private_sensor.cpp.o
                0x080027d0                MAX44009::reset()
 .text._ZN8MAX4400916checkMeasurementEv
                0x080027d2        0x4 private_sensor.cpp.o
                0x080027d2                MAX44009::checkMeasurement()
 .text._ZN8MAX4400916awaitMeasurementEv
                0x080027d6        0x4 private_sensor.cpp.o
                0x080027d6                MAX44009::awaitMeasurement()
 *fill*         0x080027da        0x2 
 .text._Z7N_CRC16Phj
                0x080027dc       0x2c private_sensor.cpp.o
                0x080027dc                N_CRC16(unsigned char*, unsigned int)
 .text._ZN8WirePlusC2Ev
                0x08002808       0x34 private_sensor.cpp.o
                0x08002808                WirePlus::WirePlus()
                0x08002808                WirePlus::WirePlus()
 .text._ZN8WirePlus5probeEh
                0x0800283c       0x20 private_sensor.cpp.o
                0x0800283c                WirePlus::probe(unsigned char)
 .text._ZN8MAX4400910initializeEv
                0x0800285c       0x20 private_sensor.cpp.o
                0x0800285c                MAX44009::initialize()
 .text._ZN8WirePlus9writeByteEhhh
                0x0800287c       0x2c private_sensor.cpp.o
                0x0800287c                WirePlus::writeByte(unsigned char, unsigned char, unsigned char)
 .text._ZN8WirePlus4readEhhPhh
                0x080028a8       0x54 private_sensor.cpp.o
                0x080028a8                WirePlus::read(unsigned char, unsigned char, unsigned char*, unsigned char)
 .text._ZN8WirePlus11setRegisterEhhhh
                0x080028fc       0x3a private_sensor.cpp.o
                0x080028fc                WirePlus::setRegister(unsigned char, unsigned char, unsigned char, unsigned char)
 *fill*         0x08002936        0x2 
 .text._ZN8MAX4400910setEnabledEh
                0x08002938       0x3c private_sensor.cpp.o
                0x08002938                MAX44009::setEnabled(unsigned char)
 .text._ZN6Sensor14CJMCU6750_InitEv
                0x08002974       0x58 private_sensor.cpp.o
                0x08002974                Sensor::CJMCU6750_Init()
 *fill*         0x080029cc        0x4 
 .text._ZN6Sensor15Read_Lux_and_UVEPmPj
                0x080029d0       0xe8 private_sensor.cpp.o
                0x080029d0                Sensor::Read_Lux_and_UV(unsigned long*, unsigned int*)
 .text.startup._GLOBAL__sub_I_auchCRCHi
                0x08002ab8       0x1c private_sensor.cpp.o
 .text._ZN6Sensor24Read_Solid_Humi_and_TempEPfPjPhh
                0x08002ad4      0x10c private_sensor.cpp.o
                0x08002ad4                Sensor::Read_Solid_Humi_and_Temp(float*, unsigned int*, unsigned char*, unsigned char)
 .text._ZN6Sensor18Read_Salt_and_CondEPjS0_h
                0x08002be0       0xb8 private_sensor.cpp.o
                0x08002be0                Sensor::Read_Salt_and_Cond(unsigned int*, unsigned int*, unsigned char)
 .text._ZN6Sensor19Get_All_Sensor_DataEv
                0x08002c98      0x13c private_sensor.cpp.o
                0x08002c98                Sensor::Get_All_Sensor_Data()
 .text._ZN8TypeConv10Hex_To_DecEh
                0x08002dd4       0x12 public.cpp.o
                0x08002dd4                TypeConv::Hex_To_Dec(unsigned char)
 .text._ZN8TypeConv10Dec_To_HexEh
                0x08002de6       0x12 public.cpp.o
                0x08002de6                TypeConv::Dec_To_Hex(unsigned char)
 .text._ZN7Receipt25Receipt_Random_Wait_ValueEPm
                0x08002df8       0x44 receipt.cpp.o
                0x08002df8                Receipt::Receipt_Random_Wait_Value(unsigned long*)
 .text._ZN7Receipt11Print_DebugEPhh
                0x08002e3c       0x34 receipt.cpp.o
                0x08002e3c                Receipt::Print_Debug(unsigned char*, unsigned char)
 .text._ZN7Receipt24Report_General_ParameterEv
                0x08002e70      0x178 receipt.cpp.o
                0x08002e70                Receipt::Report_General_Parameter()
 .text._ZN7Receipt29Request_Device_SN_and_ChannelEv
                0x08002fe8       0xd8 receipt.cpp.o
                0x08002fe8                Receipt::Request_Device_SN_and_Channel()
 .text._ZN7Receipt25Working_Parameter_ReceiptEv
                0x080030c0      0x124 receipt.cpp.o
                0x080030c0                Receipt::Working_Parameter_Receipt()
 .text._ZN7Receipt15General_ReceiptEhh
                0x080031e4      0x10c receipt.cpp.o
                0x080031e4                Receipt::General_Receipt(unsigned char, unsigned char)
 .text._ZN7Receipt16Send_Sensor_DataEv
                0x080032f0      0x36c receipt.cpp.o
                0x080032f0                Receipt::Send_Sensor_Data()
 .text._ZN5SHT1x7shiftInEiii
                0x0800365c       0x40 SHT1x.cpp.o
                0x0800365c                SHT1x::shiftIn(int, int, int)
 .text._ZN5SHT1x14sendCommandSHTEiii
                0x0800369c       0x86 SHT1x.cpp.o
                0x0800369c                SHT1x::sendCommandSHT(int, int, int)
 .text._ZN5SHT1x16waitForResultSHTEi
                0x08003722       0x22 SHT1x.cpp.o
                0x08003722                SHT1x::waitForResultSHT(int)
 .text._ZN5SHT1x12getData16SHTEii
                0x08003744       0x72 SHT1x.cpp.o
                0x08003744                SHT1x::getData16SHT(int, int)
 .text._ZN5SHT1x10skipCrcSHTEii
                0x080037b6       0x34 SHT1x.cpp.o
                0x080037b6                SHT1x::skipCrcSHT(int, int)
 .text._ZN5SHT1x18readTemperatureRawEv
                0x080037ea       0x34 SHT1x.cpp.o
                0x080037ea                SHT1x::readTemperatureRaw()
 *fill*         0x0800381e        0x2 
 .text._ZN5SHT1x16readTemperatureCEv
                0x08003820       0x24 SHT1x.cpp.o
                0x08003820                SHT1x::readTemperatureC()
 .text._ZN5SHT1x12readHumidityEv
                0x08003844       0xc0 SHT1x.cpp.o
                0x08003844                SHT1x::readHumidity()
 .text.startup._GLOBAL__sub_I_sht10
                0x08003904       0x10 SHT1x.cpp.o
 .text._ZL6microsv
                0x08003914       0x34 SoftwareI2C.cpp.o
 .text._ZN11SoftwareI2C5beginEii
                0x08003948       0x30 SoftwareI2C.cpp.o
                0x08003948                SoftwareI2C::begin(int, int)
 .text._ZN11SoftwareI2C6sdaSetEh
                0x08003978       0x20 SoftwareI2C.cpp.o
                0x08003978                SoftwareI2C::sdaSet(unsigned char)
 .text._ZN11SoftwareI2C9sendStartEv
                0x08003998       0x22 SoftwareI2C.cpp.o
                0x08003998                SoftwareI2C::sendStart()
 .text._ZN11SoftwareI2C8sendStopEv
                0x080039ba       0x40 SoftwareI2C.cpp.o
                0x080039ba                SoftwareI2C::sendStop()
 .text._ZN11SoftwareI2C11sendByteAckEh
                0x080039fa       0x74 SoftwareI2C.cpp.o
                0x080039fa                SoftwareI2C::sendByteAck(unsigned char)
 .text._ZN11SoftwareI2C17beginTransmissionEh
                0x08003a6e       0x18 SoftwareI2C.cpp.o
                0x08003a6e                SoftwareI2C::beginTransmission(unsigned char)
 .text._ZN11SoftwareI2C15endTransmissionEv
                0x08003a86        0xa SoftwareI2C.cpp.o
                0x08003a86                SoftwareI2C::endTransmission()
 .text._ZN11SoftwareI2C5writeEh
                0x08003a90        0x8 SoftwareI2C.cpp.o
                0x08003a90                SoftwareI2C::write(unsigned char)
 .text._ZN11SoftwareI2C11requestFromEhh
                0x08003a98       0x1c SoftwareI2C.cpp.o
                0x08003a98                SoftwareI2C::requestFrom(unsigned char, unsigned char)
 .text._ZN11SoftwareI2C4readEv
                0x08003ab4       0xba SoftwareI2C.cpp.o
                0x08003ab4                SoftwareI2C::read()
 .text._Z7GetCrc8Phi
                0x08003b6e       0x2e User_CRC8.cpp.o
                0x08003b6e                GetCrc8(unsigned char*, int)
 .text._ZN7RTClockC2E11rtc_clk_srct
                0x08003b9c       0x46 RTClock\RTClock.cpp.o
                0x08003b9c                RTClock::RTClock(rtc_clk_src, unsigned short)
                0x08003b9c                RTClock::RTClock(rtc_clk_src, unsigned short)
 .text._ZN7RTClockC2E11rtc_clk_src
                0x08003be2       0x12 RTClock\RTClock.cpp.o
                0x08003be2                RTClock::RTClock(rtc_clk_src)
                0x08003be2                RTClock::RTClock(rtc_clk_src)
 .text._ZN7RTClock7setTimeEl
                0x08003bf4        0x6 RTClock\RTClock.cpp.o
                0x08003bf4                RTClock::setTime(long)
 .text._ZN7RTClock7getTimeEv
                0x08003bfa        0x4 RTClock\RTClock.cpp.o
                0x08003bfa                RTClock::getTime()
 .text._ZN7RTClock11createAlarmEPFvvEl
                0x08003bfe       0x16 RTClock\RTClock.cpp.o
                0x08003bfe                RTClock::createAlarm(void (*)(), long)
 .text.rtc_wait_finished
                0x08003c14       0x1c RTClock\utility\rtc_util.c.o
 .text.rtc_wait_sync
                0x08003c30       0x1c RTClock\utility\rtc_util.c.o
 .text.rtc_clear_sync
                0x08003c4c       0x20 RTClock\utility\rtc_util.c.o
 .text.rtc_enter_config_mode
                0x08003c6c       0x20 RTClock\utility\rtc_util.c.o
 .text.rtc_exit_config_mode
                0x08003c8c       0x20 RTClock\utility\rtc_util.c.o
 .text.rtc_init
                0x08003cac       0xac RTClock\utility\rtc_util.c.o
                0x08003cac                rtc_init
 .text.rtc_attach_interrupt
                0x08003d58       0x60 RTClock\utility\rtc_util.c.o
                0x08003d58                rtc_attach_interrupt
 .text.rtc_detach_interrupt
                0x08003db8       0x40 RTClock\utility\rtc_util.c.o
                0x08003db8                rtc_detach_interrupt
 .text.__irq_rtc
                0x08003df8       0x48 RTClock\utility\rtc_util.c.o
                0x08003df8                __irq_rtc
 .text.__irq_rtcalarm
                0x08003e40       0x1c RTClock\utility\rtc_util.c.o
                0x08003e40                __irq_rtcalarm
 .text.rtc_get_count
                0x08003e5c       0x24 RTClock\utility\rtc_util.c.o
                0x08003e5c                rtc_get_count
 .text.rtc_set_count
                0x08003e80       0x34 RTClock\utility\rtc_util.c.o
                0x08003e80                rtc_set_count
 .text.rtc_set_prescaler_load
                0x08003eb4       0x34 RTClock\utility\rtc_util.c.o
                0x08003eb4                rtc_set_prescaler_load
 .text.rtc_set_alarm
                0x08003ee8       0x34 RTClock\utility\rtc_util.c.o
                0x08003ee8                rtc_set_alarm
 .text._Z9boardInitv
                0x08003f1c        0x2 C:\Users\Administrator\AppData\Local\Temp\VMBCore\arduino16x\2752fd7be5c089007b9fd13dbb2a4e79\variant\board.cpp.o
                0x08003f1c                boardInit()
 *fill*         0x08003f1e        0x2 
 .text.startup._GLOBAL__sub_I__Z9boardInitv
                0x08003f20       0x48 C:\Users\Administrator\AppData\Local\Temp\VMBCore\arduino16x\2752fd7be5c089007b9fd13dbb2a4e79\variant\board.cpp.o
 .text._ZL18adc_default_configP7adc_dev
                0x08003f68       0x1c C:\Users\Administrator\AppData\Local\Temp\VMBCore\arduino16x\2752fd7be5c089007b9fd13dbb2a4e79\variant\boards.cpp.o
 .text._ZL20timer_default_configP9timer_dev
                0x08003f84       0x9e C:\Users\Administrator\AppData\Local\Temp\VMBCore\arduino16x\2752fd7be5c089007b9fd13dbb2a4e79\variant\boards.cpp.o
 *fill*         0x08004022        0x2 
 .text._Z4initv
                0x08004024       0xbc C:\Users\Administrator\AppData\Local\Temp\VMBCore\arduino16x\2752fd7be5c089007b9fd13dbb2a4e79\variant\boards.cpp.o
                0x08004024                init()
 .text._ZN6wirish4priv15board_reset_pllEv
                0x080040e0        0x2 C:\Users\Administrator\AppData\Local\Temp\VMBCore\arduino16x\2752fd7be5c089007b9fd13dbb2a4e79\variant\boards_setup.cpp.o
                0x080040e0                wirish::priv::board_reset_pll()
 .text._ZN6wirish4priv28board_setup_clock_prescalersEv
                0x080040e2       0x2e C:\Users\Administrator\AppData\Local\Temp\VMBCore\arduino16x\2752fd7be5c089007b9fd13dbb2a4e79\variant\boards_setup.cpp.o
                0x080040e2                wirish::priv::board_setup_clock_prescalers()
 .text._ZN6wirish4priv16board_setup_gpioEv
                0x08004110        0x4 C:\Users\Administrator\AppData\Local\Temp\VMBCore\arduino16x\2752fd7be5c089007b9fd13dbb2a4e79\variant\boards_setup.cpp.o
                0x08004110                wirish::priv::board_setup_gpio()
 .text._ZN6wirish4priv15board_setup_usbEv
                0x08004114        0x2 C:\Users\Administrator\AppData\Local\Temp\VMBCore\arduino16x\2752fd7be5c089007b9fd13dbb2a4e79\variant\boards_setup.cpp.o
                0x08004114                wirish::priv::board_setup_usb()
 .text._ZN6wirish4priv11series_initEv
                0x08004116        0x4 C:\Users\Administrator\AppData\Local\Temp\VMBCore\arduino16x\2752fd7be5c089007b9fd13dbb2a4e79\variant\boards_setup.cpp.o
                0x08004116                wirish::priv::series_init()
 *fill*         0x0800411a        0x2 
 .text          0x0800411c       0x10 C:\Users\Administrator\AppData\Local\Temp\VMBCore\arduino16x\2752fd7be5c089007b9fd13dbb2a4e79\variant\start.S.o
                0x0800411c                __start__
 .text.start_c  0x0800412c       0x64 C:\Users\Administrator\AppData\Local\Temp\VMBCore\arduino16x\2752fd7be5c089007b9fd13dbb2a4e79\variant\start_c.c.o
                0x0800412c                start_c
 .text._sbrk    0x08004190       0x44 C:\Users\Administrator\AppData\Local\Temp\VMBCore\arduino16x\2752fd7be5c089007b9fd13dbb2a4e79\variant\syscalls.c.o
                0x08004190                _sbrk
 .text._exit    0x080041d4        0x2 C:\Users\Administrator\AppData\Local\Temp\VMBCore\arduino16x\2752fd7be5c089007b9fd13dbb2a4e79\variant\syscalls.c.o
                0x080041d4                _exit
 *fill*         0x080041d6        0xa 
 .text          0x080041e0       0x60 C:\Users\Administrator\AppData\Local\Temp\VMBuilds\STM32_LORA_GS100_V1.0.5_beta\stm32_genericSTM32F103C\Debug/core.a(exc.S.o)
                0x080041e0                __exc_nmi
                0x080041e4                __exc_hardfault
                0x080041e8                __exc_memmanage
                0x080041ec                __exc_busfault
                0x080041f0                __exc_usagefault
 .text          0x08004240        0x2 C:\Users\Administrator\AppData\Local\Temp\VMBuilds\STM32_LORA_GS100_V1.0.5_beta\stm32_genericSTM32F103C\Debug/core.a(isrs.S.o)
                0x08004240                __stm32reservedexception9
                0x08004240                __irq_dma1_channel3
                0x08004240                __irq_i2c2_er
                0x08004240                __irq_i2c1_er
                0x08004240                __irq_usb_lp_can_rx0
                0x08004240                __irq_dma1_channel6
                0x08004240                __exc_debug_monitor
                0x08004240                __irq_dma1_channel1
                0x08004240                __exc_svc
                0x08004240                __irq_dma1_channel4
                0x08004240                __irq_dma1_channel7
                0x08004240                __irq_exti0
                0x08004240                __irq_can_rx1
                0x08004240                __irq_spi2
                0x08004240                __irq_can_sce
                0x08004240                __irq_exti2
                0x08004240                __irq_exti3
                0x08004240                __irq_exti9_5
                0x08004240                __irq_pvd
                0x08004240                __irq_tamper
                0x08004240                __default_handler
                0x08004240                __irq_wwdg
                0x08004240                __stm32reservedexception10
                0x08004240                __irq_flash
                0x08004240                __irq_i2c2_ev
                0x08004240                __irq_dma1_channel2
                0x08004240                __irq_dma1_channel5
                0x08004240                __stm32reservedexception13
                0x08004240                __irq_spi1
                0x08004240                __stm32reservedexception7
                0x08004240                __irq_usb_hp_can_tx
                0x08004240                __irq_exti15_10
                0x08004240                __irq_exti4
                0x08004240                __stm32reservedexception8
                0x08004240                __exc_pendsv
                0x08004240                __irq_i2c1_ev
                0x08004240                __irq_usbwakeup
                0x08004240                __irq_exti1
                0x08004240                __irq_rcc
 .text.adc_init
                0x08004242       0x14 C:\Users\Administrator\AppData\Local\Temp\VMBuilds\STM32_LORA_GS100_V1.0.5_beta\stm32_genericSTM32F103C\Debug/core.a(adc.c.o)
                0x08004242                adc_init
 .text.adc_set_extsel
                0x08004256       0x12 C:\Users\Administrator\AppData\Local\Temp\VMBuilds\STM32_LORA_GS100_V1.0.5_beta\stm32_genericSTM32F103C\Debug/core.a(adc.c.o)
                0x08004256                adc_set_extsel
 .text.adc_set_sample_rate
                0x08004268       0x30 C:\Users\Administrator\AppData\Local\Temp\VMBuilds\STM32_LORA_GS100_V1.0.5_beta\stm32_genericSTM32F103C\Debug/core.a(adc.c.o)
                0x08004268                adc_set_sample_rate
 .text.adc_read
                0x08004298       0x20 C:\Users\Administrator\AppData\Local\Temp\VMBuilds\STM32_LORA_GS100_V1.0.5_beta\stm32_genericSTM32F103C\Debug/core.a(adc.c.o)
                0x08004298                adc_read
 .text.__irq_adc
                0x080042b8       0x50 C:\Users\Administrator\AppData\Local\Temp\VMBuilds\STM32_LORA_GS100_V1.0.5_beta\stm32_genericSTM32F103C\Debug/core.a(adc_f1.c.o)
                0x080042b8                __irq_adc
 .text.adc_calibrate
                0x08004308       0x24 C:\Users\Administrator\AppData\Local\Temp\VMBuilds\STM32_LORA_GS100_V1.0.5_beta\stm32_genericSTM32F103C\Debug/core.a(adc_f1.c.o)
                0x08004308                adc_calibrate
 .text.adc_set_prescaler
                0x0800432c        0x8 C:\Users\Administrator\AppData\Local\Temp\VMBuilds\STM32_LORA_GS100_V1.0.5_beta\stm32_genericSTM32F103C\Debug/core.a(adc_f1.c.o)
                0x0800432c                adc_set_prescaler
 .text.adc_foreach
                0x08004334       0x1c C:\Users\Administrator\AppData\Local\Temp\VMBuilds\STM32_LORA_GS100_V1.0.5_beta\stm32_genericSTM32F103C\Debug/core.a(adc_f1.c.o)
                0x08004334                adc_foreach
 .text.adc_enable_single_swstart
                0x08004350       0x36 C:\Users\Administrator\AppData\Local\Temp\VMBuilds\STM32_LORA_GS100_V1.0.5_beta\stm32_genericSTM32F103C\Debug/core.a(adc_f1.c.o)
                0x08004350                adc_enable_single_swstart
 .text.bkp_init
                0x08004386       0x18 C:\Users\Administrator\AppData\Local\Temp\VMBuilds\STM32_LORA_GS100_V1.0.5_beta\stm32_genericSTM32F103C\Debug/core.a(bkp_f1.c.o)
                0x08004386                bkp_init
 *fill*         0x0800439e        0x2 
 .text.bkp_enable_writes
                0x080043a0        0xc C:\Users\Administrator\AppData\Local\Temp\VMBuilds\STM32_LORA_GS100_V1.0.5_beta\stm32_genericSTM32F103C\Debug/core.a(bkp_f1.c.o)
                0x080043a0                bkp_enable_writes
 .text.bkp_disable_writes
                0x080043ac        0xc C:\Users\Administrator\AppData\Local\Temp\VMBuilds\STM32_LORA_GS100_V1.0.5_beta\stm32_genericSTM32F103C\Debug/core.a(bkp_f1.c.o)
                0x080043ac                bkp_disable_writes
 .text.flash_set_latency
                0x080043b8       0x14 C:\Users\Administrator\AppData\Local\Temp\VMBuilds\STM32_LORA_GS100_V1.0.5_beta\stm32_genericSTM32F103C\Debug/core.a(flash.c.o)
                0x080043b8                flash_set_latency
 .text.gpio_init_all
                0x080043cc       0x30 C:\Users\Administrator\AppData\Local\Temp\VMBuilds\STM32_LORA_GS100_V1.0.5_beta\stm32_genericSTM32F103C\Debug/core.a(gpio_f1.c.o)
                0x080043cc                gpio_init_all
 .text.gpio_set_mode
                0x080043fc       0x50 C:\Users\Administrator\AppData\Local\Temp\VMBuilds\STM32_LORA_GS100_V1.0.5_beta\stm32_genericSTM32F103C\Debug/core.a(gpio_f1.c.o)
                0x080043fc                gpio_set_mode
 .text.afio_init
                0x0800444c       0x12 C:\Users\Administrator\AppData\Local\Temp\VMBuilds\STM32_LORA_GS100_V1.0.5_beta\stm32_genericSTM32F103C\Debug/core.a(gpio_f1.c.o)
                0x0800444c                afio_init
 *fill*         0x0800445e        0x2 
 .text.iwdg_feed
                0x08004460       0x10 C:\Users\Administrator\AppData\Local\Temp\VMBuilds\STM32_LORA_GS100_V1.0.5_beta\stm32_genericSTM32F103C\Debug/core.a(iwdg.c.o)
                0x08004460                iwdg_feed
 .text.nvic_irq_set_priority
                0x08004470       0x28 C:\Users\Administrator\AppData\Local\Temp\VMBuilds\STM32_LORA_GS100_V1.0.5_beta\stm32_genericSTM32F103C\Debug/core.a(nvic.c.o)
                0x08004470                nvic_irq_set_priority
 .text.nvic_init
                0x08004498       0x30 C:\Users\Administrator\AppData\Local\Temp\VMBuilds\STM32_LORA_GS100_V1.0.5_beta\stm32_genericSTM32F103C\Debug/core.a(nvic.c.o)
                0x08004498                nvic_init
 .text.nvic_sys_reset
                0x080044c8       0x1c C:\Users\Administrator\AppData\Local\Temp\VMBuilds\STM32_LORA_GS100_V1.0.5_beta\stm32_genericSTM32F103C\Debug/core.a(nvic.c.o)
                0x080044c8                nvic_sys_reset
 .text.PWR_WakeUpPinCmd
                0x080044e4        0xc C:\Users\Administrator\AppData\Local\Temp\VMBuilds\STM32_LORA_GS100_V1.0.5_beta\stm32_genericSTM32F103C\Debug/core.a(pwr.c.o)
                0x080044e4                PWR_WakeUpPinCmd
 .text.PWR_EnterSTANDBYMode
                0x080044f0       0x28 C:\Users\Administrator\AppData\Local\Temp\VMBuilds\STM32_LORA_GS100_V1.0.5_beta\stm32_genericSTM32F103C\Debug/core.a(pwr.c.o)
                0x080044f0                PWR_EnterSTANDBYMode
 .text.PWR_ClearFlag
                0x08004518       0x10 C:\Users\Administrator\AppData\Local\Temp\VMBuilds\STM32_LORA_GS100_V1.0.5_beta\stm32_genericSTM32F103C\Debug/core.a(pwr.c.o)
                0x08004518                PWR_ClearFlag
 .text.rcc_dev_clk
                0x08004528        0xc C:\Users\Administrator\AppData\Local\Temp\VMBuilds\STM32_LORA_GS100_V1.0.5_beta\stm32_genericSTM32F103C\Debug/core.a(rcc.c.o)
                0x08004528                rcc_dev_clk
 .text.rcc_switch_sysclk
                0x08004534       0x20 C:\Users\Administrator\AppData\Local\Temp\VMBuilds\STM32_LORA_GS100_V1.0.5_beta\stm32_genericSTM32F103C\Debug/core.a(rcc.c.o)
                0x08004534                rcc_switch_sysclk
 .text.rcc_turn_on_clk
                0x08004554       0x1a C:\Users\Administrator\AppData\Local\Temp\VMBuilds\STM32_LORA_GS100_V1.0.5_beta\stm32_genericSTM32F103C\Debug/core.a(rcc.c.o)
                0x08004554                rcc_turn_on_clk
 .text.rcc_turn_off_clk
                0x0800456e       0x1c C:\Users\Administrator\AppData\Local\Temp\VMBuilds\STM32_LORA_GS100_V1.0.5_beta\stm32_genericSTM32F103C\Debug/core.a(rcc.c.o)
                0x0800456e                rcc_turn_off_clk
 .text.rcc_is_clk_on
                0x0800458a       0x1e C:\Users\Administrator\AppData\Local\Temp\VMBuilds\STM32_LORA_GS100_V1.0.5_beta\stm32_genericSTM32F103C\Debug/core.a(rcc.c.o)
                0x0800458a                rcc_is_clk_on
 .text.rcc_is_clk_ready
                0x080045a8       0x18 C:\Users\Administrator\AppData\Local\Temp\VMBuilds\STM32_LORA_GS100_V1.0.5_beta\stm32_genericSTM32F103C\Debug/core.a(rcc.c.o)
                0x080045a8                rcc_is_clk_ready
 .text.rcc_configure_pll
                0x080045c0       0x38 C:\Users\Administrator\AppData\Local\Temp\VMBuilds\STM32_LORA_GS100_V1.0.5_beta\stm32_genericSTM32F103C\Debug/core.a(rcc_f1.c.o)
                0x080045c0                rcc_configure_pll
 .text.rcc_clk_enable
                0x080045f8       0x30 C:\Users\Administrator\AppData\Local\Temp\VMBuilds\STM32_LORA_GS100_V1.0.5_beta\stm32_genericSTM32F103C\Debug/core.a(rcc_f1.c.o)
                0x080045f8                rcc_clk_enable
 .text.rcc_reset_dev
                0x08004628       0x34 C:\Users\Administrator\AppData\Local\Temp\VMBuilds\STM32_LORA_GS100_V1.0.5_beta\stm32_genericSTM32F103C\Debug/core.a(rcc_f1.c.o)
                0x08004628                rcc_reset_dev
 .text.rcc_set_prescaler
                0x0800465c       0x20 C:\Users\Administrator\AppData\Local\Temp\VMBuilds\STM32_LORA_GS100_V1.0.5_beta\stm32_genericSTM32F103C\Debug/core.a(rcc_f1.c.o)
                0x0800465c                rcc_set_prescaler
 .text.rcc_clk_disable
                0x0800467c       0x30 C:\Users\Administrator\AppData\Local\Temp\VMBuilds\STM32_LORA_GS100_V1.0.5_beta\stm32_genericSTM32F103C\Debug/core.a(rcc_f1.c.o)
                0x0800467c                rcc_clk_disable
 .text.systick_init
                0x080046ac       0x10 C:\Users\Administrator\AppData\Local\Temp\VMBuilds\STM32_LORA_GS100_V1.0.5_beta\stm32_genericSTM32F103C\Debug/core.a(systick.c.o)
                0x080046ac                systick_init
 .text.__exc_systick
                0x080046bc       0x1c C:\Users\Administrator\AppData\Local\Temp\VMBuilds\STM32_LORA_GS100_V1.0.5_beta\stm32_genericSTM32F103C\Debug/core.a(systick.c.o)
                0x080046bc                __exc_systick
 .text.timer_oc_set_mode
                0x080046d8       0x3a C:\Users\Administrator\AppData\Local\Temp\VMBuilds\STM32_LORA_GS100_V1.0.5_beta\stm32_genericSTM32F103C\Debug/core.a(timer.c.o)
 *fill*         0x08004712        0x2 
 .text.timer_foreach
                0x08004714       0x28 C:\Users\Administrator\AppData\Local\Temp\VMBuilds\STM32_LORA_GS100_V1.0.5_beta\stm32_genericSTM32F103C\Debug/core.a(timer.c.o)
                0x08004714                timer_foreach
 .text.timer_init
                0x0800473c       0x14 C:\Users\Administrator\AppData\Local\Temp\VMBuilds\STM32_LORA_GS100_V1.0.5_beta\stm32_genericSTM32F103C\Debug/core.a(timer.c.o)
                0x0800473c                timer_init
 .text.timer_has_cc_channel
                0x08004750       0x30 C:\Users\Administrator\AppData\Local\Temp\VMBuilds\STM32_LORA_GS100_V1.0.5_beta\stm32_genericSTM32F103C\Debug/core.a(timer.c.o)
                0x08004750                timer_has_cc_channel
 .text.timer_attach_interrupt
                0x08004780       0xd4 C:\Users\Administrator\AppData\Local\Temp\VMBuilds\STM32_LORA_GS100_V1.0.5_beta\stm32_genericSTM32F103C\Debug/core.a(timer.c.o)
                0x08004780                timer_attach_interrupt
 .text.timer_detach_interrupt
                0x08004854       0x1e C:\Users\Administrator\AppData\Local\Temp\VMBuilds\STM32_LORA_GS100_V1.0.5_beta\stm32_genericSTM32F103C\Debug/core.a(timer.c.o)
                0x08004854                timer_detach_interrupt
 *fill*         0x08004872        0x2 
 .text.timer_set_mode
                0x08004874       0xb4 C:\Users\Administrator\AppData\Local\Temp\VMBuilds\STM32_LORA_GS100_V1.0.5_beta\stm32_genericSTM32F103C\Debug/core.a(timer.c.o)
                0x08004874                timer_set_mode
 .text.__irq_tim1_brk
                0x08004928       0x24 C:\Users\Administrator\AppData\Local\Temp\VMBuilds\STM32_LORA_GS100_V1.0.5_beta\stm32_genericSTM32F103C\Debug/core.a(timer.c.o)
                0x08004928                __irq_tim1_brk
 .text.__irq_tim1_up
                0x0800494c       0x24 C:\Users\Administrator\AppData\Local\Temp\VMBuilds\STM32_LORA_GS100_V1.0.5_beta\stm32_genericSTM32F103C\Debug/core.a(timer.c.o)
                0x0800494c                __irq_tim1_up
 .text.__irq_tim1_trg_com
                0x08004970       0x38 C:\Users\Administrator\AppData\Local\Temp\VMBuilds\STM32_LORA_GS100_V1.0.5_beta\stm32_genericSTM32F103C\Debug/core.a(timer.c.o)
                0x08004970                __irq_tim1_trg_com
 .text.__irq_tim1_cc
                0x080049a8       0x54 C:\Users\Administrator\AppData\Local\Temp\VMBuilds\STM32_LORA_GS100_V1.0.5_beta\stm32_genericSTM32F103C\Debug/core.a(timer.c.o)
                0x080049a8                __irq_tim1_cc
 .text.__irq_tim2
                0x080049fc       0x70 C:\Users\Administrator\AppData\Local\Temp\VMBuilds\STM32_LORA_GS100_V1.0.5_beta\stm32_genericSTM32F103C\Debug/core.a(timer.c.o)
                0x080049fc                __irq_tim2
 .text.__irq_tim3
                0x08004a6c       0x70 C:\Users\Administrator\AppData\Local\Temp\VMBuilds\STM32_LORA_GS100_V1.0.5_beta\stm32_genericSTM32F103C\Debug/core.a(timer.c.o)
                0x08004a6c                __irq_tim3
 .text.__irq_tim4
                0x08004adc       0x70 C:\Users\Administrator\AppData\Local\Temp\VMBuilds\STM32_LORA_GS100_V1.0.5_beta\stm32_genericSTM32F103C\Debug/core.a(timer.c.o)
                0x08004adc                __irq_tim4
 .text.rb_remove
                0x08004b4c       0x24 C:\Users\Administrator\AppData\Local\Temp\VMBuilds\STM32_LORA_GS100_V1.0.5_beta\stm32_genericSTM32F103C\Debug/core.a(usart_f1.c.o)
 .text.rb_push_insert
                0x08004b70       0x52 C:\Users\Administrator\AppData\Local\Temp\VMBuilds\STM32_LORA_GS100_V1.0.5_beta\stm32_genericSTM32F103C\Debug/core.a(usart_f1.c.o)
 .text.usart_config_gpios_async
                0x08004bc2       0x4a C:\Users\Administrator\AppData\Local\Temp\VMBuilds\STM32_LORA_GS100_V1.0.5_beta\stm32_genericSTM32F103C\Debug/core.a(usart_f1.c.o)
                0x08004bc2                usart_config_gpios_async
 .text.usart_set_baud_rate
                0x08004c0c       0x3c C:\Users\Administrator\AppData\Local\Temp\VMBuilds\STM32_LORA_GS100_V1.0.5_beta\stm32_genericSTM32F103C\Debug/core.a(usart_f1.c.o)
                0x08004c0c                usart_set_baud_rate
 .text.__irq_usart1
                0x08004c48       0x54 C:\Users\Administrator\AppData\Local\Temp\VMBuilds\STM32_LORA_GS100_V1.0.5_beta\stm32_genericSTM32F103C\Debug/core.a(usart_f1.c.o)
                0x08004c48                __irq_usart1
 .text.__irq_usart2
                0x08004c9c       0x54 C:\Users\Administrator\AppData\Local\Temp\VMBuilds\STM32_LORA_GS100_V1.0.5_beta\stm32_genericSTM32F103C\Debug/core.a(usart_f1.c.o)
                0x08004c9c                __irq_usart2
 .text.__irq_usart3
                0x08004cf0       0x54 C:\Users\Administrator\AppData\Local\Temp\VMBuilds\STM32_LORA_GS100_V1.0.5_beta\stm32_genericSTM32F103C\Debug/core.a(usart_f1.c.o)
                0x08004cf0                __irq_usart3
 .text._usart_clock_freq
                0x08004d44       0x24 C:\Users\Administrator\AppData\Local\Temp\VMBuilds\STM32_LORA_GS100_V1.0.5_beta\stm32_genericSTM32F103C\Debug/core.a(usart_private.c.o)
                0x08004d44                _usart_clock_freq
 .text.usart_putc
                0x08004d68       0x1c C:\Users\Administrator\AppData\Local\Temp\VMBuilds\STM32_LORA_GS100_V1.0.5_beta\stm32_genericSTM32F103C\Debug/core.a(util.c.o)
 .text.usart_putstr
                0x08004d84       0x16 C:\Users\Administrator\AppData\Local\Temp\VMBuilds\STM32_LORA_GS100_V1.0.5_beta\stm32_genericSTM32F103C\Debug/core.a(util.c.o)
 *fill*         0x08004d9a        0x2 
 .text.throb    0x08004d9c       0x4c C:\Users\Administrator\AppData\Local\Temp\VMBuilds\STM32_LORA_GS100_V1.0.5_beta\stm32_genericSTM32F103C\Debug/core.a(util.c.o)
                0x08004d9c                throb
 .text.__error  0x08004de8       0x14 C:\Users\Administrator\AppData\Local\Temp\VMBuilds\STM32_LORA_GS100_V1.0.5_beta\stm32_genericSTM32F103C\Debug/core.a(util.c.o)
                0x08004de8                __error
 .text._fail    0x08004dfc       0x64 C:\Users\Administrator\AppData\Local\Temp\VMBuilds\STM32_LORA_GS100_V1.0.5_beta\stm32_genericSTM32F103C\Debug/core.a(util.c.o)
                0x08004dfc                _fail
 .text._ZN14HardwareSerial4readEv
                0x08004e60       0x4e C:\Users\Administrator\AppData\Local\Temp\VMBuilds\STM32_LORA_GS100_V1.0.5_beta\stm32_genericSTM32F103C\Debug/core.a(HardwareSerial.cpp.o)
                0x08004e60                HardwareSerial::read()
 .text._ZN14HardwareSerial4peekEv
                0x08004eae       0x22 C:\Users\Administrator\AppData\Local\Temp\VMBuilds\STM32_LORA_GS100_V1.0.5_beta\stm32_genericSTM32F103C\Debug/core.a(HardwareSerial.cpp.o)
                0x08004eae                HardwareSerial::peek()
 .text._ZN14HardwareSerial5flushEv
                0x08004ed0       0x1a C:\Users\Administrator\AppData\Local\Temp\VMBuilds\STM32_LORA_GS100_V1.0.5_beta\stm32_genericSTM32F103C\Debug/core.a(HardwareSerial.cpp.o)
                0x08004ed0                HardwareSerial::flush()
 .text._ZN14HardwareSerial5writeEh
                0x08004eea       0x1e C:\Users\Administrator\AppData\Local\Temp\VMBuilds\STM32_LORA_GS100_V1.0.5_beta\stm32_genericSTM32F103C\Debug/core.a(HardwareSerial.cpp.o)
                0x08004eea                HardwareSerial::write(unsigned char)
 .text._ZN14HardwareSerial9availableEv
                0x08004f08       0x26 C:\Users\Administrator\AppData\Local\Temp\VMBuilds\STM32_LORA_GS100_V1.0.5_beta\stm32_genericSTM32F103C\Debug/core.a(HardwareSerial.cpp.o)
                0x08004f08                HardwareSerial::available()
 *fill*         0x08004f2e        0x2 
 .text._ZN14HardwareSerialC2EP9usart_devhh
                0x08004f30       0x1c C:\Users\Administrator\AppData\Local\Temp\VMBuilds\STM32_LORA_GS100_V1.0.5_beta\stm32_genericSTM32F103C\Debug/core.a(HardwareSerial.cpp.o)
                0x08004f30                HardwareSerial::HardwareSerial(usart_dev*, unsigned char, unsigned char)
                0x08004f30                HardwareSerial::HardwareSerial(usart_dev*, unsigned char, unsigned char)
 .text._ZN14HardwareSerial5beginEmh
                0x08004f4c       0x78 C:\Users\Administrator\AppData\Local\Temp\VMBuilds\STM32_LORA_GS100_V1.0.5_beta\stm32_genericSTM32F103C\Debug/core.a(HardwareSerial.cpp.o)
                0x08004f4c                HardwareSerial::begin(unsigned long, unsigned char)
 .text._ZN14HardwareSerial5beginEm
                0x08004fc4        0x6 C:\Users\Administrator\AppData\Local\Temp\VMBuilds\STM32_LORA_GS100_V1.0.5_beta\stm32_genericSTM32F103C\Debug/core.a(HardwareSerial.cpp.o)
                0x08004fc4                HardwareSerial::begin(unsigned long)
 .text._ZN14HardwareSerial3endEv
                0x08004fca        0x6 C:\Users\Administrator\AppData\Local\Temp\VMBuilds\STM32_LORA_GS100_V1.0.5_beta\stm32_genericSTM32F103C\Debug/core.a(HardwareSerial.cpp.o)
                0x08004fca                HardwareSerial::end()
 .text.set_this_dev
                0x08004fd0       0x1c C:\Users\Administrator\AppData\Local\Temp\VMBuilds\STM32_LORA_GS100_V1.0.5_beta\stm32_genericSTM32F103C\Debug/core.a(HardwareTimer.cpp.o)
 .text._ZN13HardwareTimerC2Eh
                0x08004fec       0x2c C:\Users\Administrator\AppData\Local\Temp\VMBuilds\STM32_LORA_GS100_V1.0.5_beta\stm32_genericSTM32F103C\Debug/core.a(HardwareTimer.cpp.o)
                0x08004fec                HardwareTimer::HardwareTimer(unsigned char)
                0x08004fec                HardwareTimer::HardwareTimer(unsigned char)
 .text._ZN13HardwareTimer5pauseEv
                0x08005018       0x10 C:\Users\Administrator\AppData\Local\Temp\VMBuilds\STM32_LORA_GS100_V1.0.5_beta\stm32_genericSTM32F103C\Debug/core.a(HardwareTimer.cpp.o)
                0x08005018                HardwareTimer::pause()
 .text._ZN13HardwareTimer6resumeEv
                0x08005028       0x10 C:\Users\Administrator\AppData\Local\Temp\VMBuilds\STM32_LORA_GS100_V1.0.5_beta\stm32_genericSTM32F103C\Debug/core.a(HardwareTimer.cpp.o)
                0x08005028                HardwareTimer::resume()
 .text._ZN13HardwareTimer17setPrescaleFactorEm
                0x08005038        0xc C:\Users\Administrator\AppData\Local\Temp\VMBuilds\STM32_LORA_GS100_V1.0.5_beta\stm32_genericSTM32F103C\Debug/core.a(HardwareTimer.cpp.o)
                0x08005038                HardwareTimer::setPrescaleFactor(unsigned long)
 .text._ZN13HardwareTimer8setCountEt
                0x08005044       0x12 C:\Users\Administrator\AppData\Local\Temp\VMBuilds\STM32_LORA_GS100_V1.0.5_beta\stm32_genericSTM32F103C\Debug/core.a(HardwareTimer.cpp.o)
                0x08005044                HardwareTimer::setCount(unsigned short)
 .text._ZN13HardwareTimer9setPeriodEm
                0x08005056       0x3e C:\Users\Administrator\AppData\Local\Temp\VMBuilds\STM32_LORA_GS100_V1.0.5_beta\stm32_genericSTM32F103C\Debug/core.a(HardwareTimer.cpp.o)
                0x08005056                HardwareTimer::setPeriod(unsigned long)
 .text._ZN13HardwareTimer7setModeEi10timer_mode
                0x08005094        0x8 C:\Users\Administrator\AppData\Local\Temp\VMBuilds\STM32_LORA_GS100_V1.0.5_beta\stm32_genericSTM32F103C\Debug/core.a(HardwareTimer.cpp.o)
                0x08005094                HardwareTimer::setMode(int, timer_mode)
 .text._ZN13HardwareTimer10setCompareEit
                0x0800509c       0x1e C:\Users\Administrator\AppData\Local\Temp\VMBuilds\STM32_LORA_GS100_V1.0.5_beta\stm32_genericSTM32F103C\Debug/core.a(HardwareTimer.cpp.o)
                0x0800509c                HardwareTimer::setCompare(int, unsigned short)
 .text._ZN13HardwareTimer15attachInterruptEiPFvvE
                0x080050ba        0x8 C:\Users\Administrator\AppData\Local\Temp\VMBuilds\STM32_LORA_GS100_V1.0.5_beta\stm32_genericSTM32F103C\Debug/core.a(HardwareTimer.cpp.o)
                0x080050ba                HardwareTimer::attachInterrupt(int, void (*)())
 *fill*         0x080050c2        0x2 
 .text.startup._GLOBAL__sub_I__ZN13HardwareTimerC2Eh
                0x080050c4       0x38 C:\Users\Administrator\AppData\Local\Temp\VMBuilds\STM32_LORA_GS100_V1.0.5_beta\stm32_genericSTM32F103C\Debug/core.a(HardwareTimer.cpp.o)
 .text.startup._Z7premainv
                0x080050fc        0x4 C:\Users\Administrator\AppData\Local\Temp\VMBuilds\STM32_LORA_GS100_V1.0.5_beta\stm32_genericSTM32F103C\Debug/core.a(main.cpp.o)
                0x080050fc                premain()
 .text.startup.main
                0x08005100        0xc C:\Users\Administrator\AppData\Local\Temp\VMBuilds\STM32_LORA_GS100_V1.0.5_beta\stm32_genericSTM32F103C\Debug/core.a(main.cpp.o)
                0x08005100                main
 .text._ZN5Print5writeEPKc
                0x0800510c       0x1c C:\Users\Administrator\AppData\Local\Temp\VMBuilds\STM32_LORA_GS100_V1.0.5_beta\stm32_genericSTM32F103C\Debug/core.a(Print.cpp.o)
                0x0800510c                Print::write(char const*)
 .text._ZN5Print5writeEPKvm
                0x08005128       0x20 C:\Users\Administrator\AppData\Local\Temp\VMBuilds\STM32_LORA_GS100_V1.0.5_beta\stm32_genericSTM32F103C\Debug/core.a(Print.cpp.o)
                0x08005128                Print::write(void const*, unsigned long)
 .text._ZN5Print5printERK6String
                0x08005148       0x10 C:\Users\Administrator\AppData\Local\Temp\VMBuilds\STM32_LORA_GS100_V1.0.5_beta\stm32_genericSTM32F103C\Debug/core.a(Print.cpp.o)
                0x08005148                Print::print(String const&)
 .text._ZN5Print5printEc
                0x08005158        0xa C:\Users\Administrator\AppData\Local\Temp\VMBuilds\STM32_LORA_GS100_V1.0.5_beta\stm32_genericSTM32F103C\Debug/core.a(Print.cpp.o)
                0x08005158                Print::print(char)
 .text._ZN5Print5printEPKc
                0x08005162        0xa C:\Users\Administrator\AppData\Local\Temp\VMBuilds\STM32_LORA_GS100_V1.0.5_beta\stm32_genericSTM32F103C\Debug/core.a(Print.cpp.o)
                0x08005162                Print::print(char const*)
 .text._ZN5Print7printlnEv
                0x0800516c       0x18 C:\Users\Administrator\AppData\Local\Temp\VMBuilds\STM32_LORA_GS100_V1.0.5_beta\stm32_genericSTM32F103C\Debug/core.a(Print.cpp.o)
                0x0800516c                Print::println()
 .text._ZN5Print7printlnERK6String
                0x08005184       0x14 C:\Users\Administrator\AppData\Local\Temp\VMBuilds\STM32_LORA_GS100_V1.0.5_beta\stm32_genericSTM32F103C\Debug/core.a(Print.cpp.o)
                0x08005184                Print::println(String const&)
 .text._ZN5Print7printlnEPKc
                0x08005198       0x14 C:\Users\Administrator\AppData\Local\Temp\VMBuilds\STM32_LORA_GS100_V1.0.5_beta\stm32_genericSTM32F103C\Debug/core.a(Print.cpp.o)
                0x08005198                Print::println(char const*)
 .text._ZN5Print11printNumberEyh
                0x080051ac       0x84 C:\Users\Administrator\AppData\Local\Temp\VMBuilds\STM32_LORA_GS100_V1.0.5_beta\stm32_genericSTM32F103C\Debug/core.a(Print.cpp.o)
                0x080051ac                Print::printNumber(unsigned long long, unsigned char)
 .text._ZN5Print5printExi
                0x08005230       0x40 C:\Users\Administrator\AppData\Local\Temp\VMBuilds\STM32_LORA_GS100_V1.0.5_beta\stm32_genericSTM32F103C\Debug/core.a(Print.cpp.o)
                0x08005230                Print::print(long long, int)
 .text._ZN5Print5printEii
                0x08005270       0x12 C:\Users\Administrator\AppData\Local\Temp\VMBuilds\STM32_LORA_GS100_V1.0.5_beta\stm32_genericSTM32F103C\Debug/core.a(Print.cpp.o)
                0x08005270                Print::print(int, int)
 .text._ZN5Print7printlnEii
                0x08005282       0x14 C:\Users\Administrator\AppData\Local\Temp\VMBuilds\STM32_LORA_GS100_V1.0.5_beta\stm32_genericSTM32F103C\Debug/core.a(Print.cpp.o)
                0x08005282                Print::println(int, int)
 .text._ZN5Print5printEyi
                0x08005296       0x1c C:\Users\Administrator\AppData\Local\Temp\VMBuilds\STM32_LORA_GS100_V1.0.5_beta\stm32_genericSTM32F103C\Debug/core.a(Print.cpp.o)
                0x08005296                Print::print(unsigned long long, int)
 .text._ZN5Print5printEhi
                0x080052b2       0x12 C:\Users\Administrator\AppData\Local\Temp\VMBuilds\STM32_LORA_GS100_V1.0.5_beta\stm32_genericSTM32F103C\Debug/core.a(Print.cpp.o)
                0x080052b2                Print::print(unsigned char, int)
 .text._ZN5Print7printlnEhi
                0x080052c4       0x14 C:\Users\Administrator\AppData\Local\Temp\VMBuilds\STM32_LORA_GS100_V1.0.5_beta\stm32_genericSTM32F103C\Debug/core.a(Print.cpp.o)
                0x080052c4                Print::println(unsigned char, int)
 .text._ZN5Print5printEji
                0x080052d8       0x12 C:\Users\Administrator\AppData\Local\Temp\VMBuilds\STM32_LORA_GS100_V1.0.5_beta\stm32_genericSTM32F103C\Debug/core.a(Print.cpp.o)
                0x080052d8                Print::print(unsigned int, int)
 .text._ZN5Print7printlnEji
                0x080052ea       0x14 C:\Users\Administrator\AppData\Local\Temp\VMBuilds\STM32_LORA_GS100_V1.0.5_beta\stm32_genericSTM32F103C\Debug/core.a(Print.cpp.o)
                0x080052ea                Print::println(unsigned int, int)
 .text._ZN5Print5printEmi
                0x080052fe       0x12 C:\Users\Administrator\AppData\Local\Temp\VMBuilds\STM32_LORA_GS100_V1.0.5_beta\stm32_genericSTM32F103C\Debug/core.a(Print.cpp.o)
                0x080052fe                Print::print(unsigned long, int)
 .text._ZN5Print10printFloatEdh
                0x08005310      0x158 C:\Users\Administrator\AppData\Local\Temp\VMBuilds\STM32_LORA_GS100_V1.0.5_beta\stm32_genericSTM32F103C\Debug/core.a(Print.cpp.o)
                0x08005310                Print::printFloat(double, unsigned char)
 .text._ZN5Print7printlnEdi
                0x08005468       0x1c C:\Users\Administrator\AppData\Local\Temp\VMBuilds\STM32_LORA_GS100_V1.0.5_beta\stm32_genericSTM32F103C\Debug/core.a(Print.cpp.o)
                0x08005468                Print::println(double, int)
 .text._Z10analogReadh
                0x08005484       0x1c C:\Users\Administrator\AppData\Local\Temp\VMBuilds\STM32_LORA_GS100_V1.0.5_beta\stm32_genericSTM32F103C\Debug/core.a(wirish_analog.cpp.o)
                0x08005484                analogRead(unsigned char)
 .text._Z11digitalReadh
                0x080054a0       0x2c C:\Users\Administrator\AppData\Local\Temp\VMBuilds\STM32_LORA_GS100_V1.0.5_beta\stm32_genericSTM32F103C\Debug/core.a(wirish_digital.cpp.o)
                0x080054a0                digitalRead(unsigned char)
 .text._Z12digitalWritehh
                0x080054cc       0x2c C:\Users\Administrator\AppData\Local\Temp\VMBuilds\STM32_LORA_GS100_V1.0.5_beta\stm32_genericSTM32F103C\Debug/core.a(wirish_digital.cpp.o)
                0x080054cc                digitalWrite(unsigned char, unsigned char)
 .text._Z6randoml
                0x080054f8       0x16 C:\Users\Administrator\AppData\Local\Temp\VMBuilds\STM32_LORA_GS100_V1.0.5_beta\stm32_genericSTM32F103C\Debug/core.a(wirish_math.cpp.o)
                0x080054f8                random(long)
 .text._Z6randomll
                0x0800550e       0x14 C:\Users\Administrator\AppData\Local\Temp\VMBuilds\STM32_LORA_GS100_V1.0.5_beta\stm32_genericSTM32F103C\Debug/core.a(wirish_math.cpp.o)
                0x0800550e                random(long, long)
 *fill*         0x08005522        0x2 
 .text._Z8shiftOuthhhh
                0x08005524       0x64 C:\Users\Administrator\AppData\Local\Temp\VMBuilds\STM32_LORA_GS100_V1.0.5_beta\stm32_genericSTM32F103C\Debug/core.a(wirish_shift.cpp.o)
                0x08005524                shiftOut(unsigned char, unsigned char, unsigned char, unsigned char)
 .text._Z5delaym
                0x08005588       0x1c C:\Users\Administrator\AppData\Local\Temp\VMBuilds\STM32_LORA_GS100_V1.0.5_beta\stm32_genericSTM32F103C\Debug/core.a(wirish_time.cpp.o)
                0x08005588                delay(unsigned long)
 .text._Z17delayMicrosecondsm
                0x080055a4        0xe C:\Users\Administrator\AppData\Local\Temp\VMBuilds\STM32_LORA_GS100_V1.0.5_beta\stm32_genericSTM32F103C\Debug/core.a(wirish_time.cpp.o)
                0x080055a4                delayMicroseconds(unsigned long)
 .text._ZN6StringD2Ev
                0x080055b2        0xe C:\Users\Administrator\AppData\Local\Temp\VMBuilds\STM32_LORA_GS100_V1.0.5_beta\stm32_genericSTM32F103C\Debug/core.a(WString.cpp.o)
                0x080055b2                String::~String()
                0x080055b2                String::~String()
 .text._ZN6String10invalidateEv
                0x080055c0       0x16 C:\Users\Administrator\AppData\Local\Temp\VMBuilds\STM32_LORA_GS100_V1.0.5_beta\stm32_genericSTM32F103C\Debug/core.a(WString.cpp.o)
                0x080055c0                String::invalidate()
 .text._ZN6String12changeBufferEj
                0x080055d6       0x18 C:\Users\Administrator\AppData\Local\Temp\VMBuilds\STM32_LORA_GS100_V1.0.5_beta\stm32_genericSTM32F103C\Debug/core.a(WString.cpp.o)
                0x080055d6                String::changeBuffer(unsigned int)
 .text._ZN6String7reserveEj
                0x080055ee       0x22 C:\Users\Administrator\AppData\Local\Temp\VMBuilds\STM32_LORA_GS100_V1.0.5_beta\stm32_genericSTM32F103C\Debug/core.a(WString.cpp.o)
                0x080055ee                String::reserve(unsigned int)
 .text._ZN6String4copyEPKcj
                0x08005610       0x26 C:\Users\Administrator\AppData\Local\Temp\VMBuilds\STM32_LORA_GS100_V1.0.5_beta\stm32_genericSTM32F103C\Debug/core.a(WString.cpp.o)
                0x08005610                String::copy(char const*, unsigned int)
 .text._ZN6StringC2EPKc
                0x08005636       0x24 C:\Users\Administrator\AppData\Local\Temp\VMBuilds\STM32_LORA_GS100_V1.0.5_beta\stm32_genericSTM32F103C\Debug/core.a(WString.cpp.o)
                0x08005636                String::String(char const*)
                0x08005636                String::String(char const*)
 .text._ZN6StringaSERKS_
                0x0800565a       0x1e C:\Users\Administrator\AppData\Local\Temp\VMBuilds\STM32_LORA_GS100_V1.0.5_beta\stm32_genericSTM32F103C\Debug/core.a(WString.cpp.o)
                0x0800565a                String::operator=(String const&)
 .text._ZN6StringC2ERKS_
                0x08005678       0x14 C:\Users\Administrator\AppData\Local\Temp\VMBuilds\STM32_LORA_GS100_V1.0.5_beta\stm32_genericSTM32F103C\Debug/core.a(WString.cpp.o)
                0x08005678                String::String(String const&)
                0x08005678                String::String(String const&)
 .text._ZN6StringaSEPKc
                0x0800568c       0x22 C:\Users\Administrator\AppData\Local\Temp\VMBuilds\STM32_LORA_GS100_V1.0.5_beta\stm32_genericSTM32F103C\Debug/core.a(WString.cpp.o)
                0x0800568c                String::operator=(char const*)
 .text._ZN6StringC2Eih
                0x080056ae       0x24 C:\Users\Administrator\AppData\Local\Temp\VMBuilds\STM32_LORA_GS100_V1.0.5_beta\stm32_genericSTM32F103C\Debug/core.a(WString.cpp.o)
                0x080056ae                String::String(int, unsigned char)
                0x080056ae                String::String(int, unsigned char)
 .text._ZN6String6concatEPKcj
                0x080056d2       0x2e C:\Users\Administrator\AppData\Local\Temp\VMBuilds\STM32_LORA_GS100_V1.0.5_beta\stm32_genericSTM32F103C\Debug/core.a(WString.cpp.o)
                0x080056d2                String::concat(char const*, unsigned int)
 .text._ZN6String6concatEi
                0x08005700       0x22 C:\Users\Administrator\AppData\Local\Temp\VMBuilds\STM32_LORA_GS100_V1.0.5_beta\stm32_genericSTM32F103C\Debug/core.a(WString.cpp.o)
                0x08005700                String::concat(int)
 .text._ZN6String6concatEj
                0x08005722       0x22 C:\Users\Administrator\AppData\Local\Temp\VMBuilds\STM32_LORA_GS100_V1.0.5_beta\stm32_genericSTM32F103C\Debug/core.a(WString.cpp.o)
                0x08005722                String::concat(unsigned int)
 .text._ZplRK15StringSumHelperRK6String
                0x08005744       0x1a C:\Users\Administrator\AppData\Local\Temp\VMBuilds\STM32_LORA_GS100_V1.0.5_beta\stm32_genericSTM32F103C\Debug/core.a(WString.cpp.o)
                0x08005744                operator+(StringSumHelper const&, String const&)
 .text._ZplRK15StringSumHelperPKc
                0x0800575e       0x24 C:\Users\Administrator\AppData\Local\Temp\VMBuilds\STM32_LORA_GS100_V1.0.5_beta\stm32_genericSTM32F103C\Debug/core.a(WString.cpp.o)
                0x0800575e                operator+(StringSumHelper const&, char const*)
 .text._ZplRK15StringSumHelperi
                0x08005782       0x14 C:\Users\Administrator\AppData\Local\Temp\VMBuilds\STM32_LORA_GS100_V1.0.5_beta\stm32_genericSTM32F103C\Debug/core.a(WString.cpp.o)
                0x08005782                operator+(StringSumHelper const&, int)
 .text._ZplRK15StringSumHelperj
                0x08005796       0x14 C:\Users\Administrator\AppData\Local\Temp\VMBuilds\STM32_LORA_GS100_V1.0.5_beta\stm32_genericSTM32F103C\Debug/core.a(WString.cpp.o)
                0x08005796                operator+(StringSumHelper const&, unsigned int)
 *fill*         0x080057aa        0x2 
 .text._Z7pinModeh13WiringPinMode
                0x080057ac       0x84 C:\Users\Administrator\AppData\Local\Temp\VMBuilds\STM32_LORA_GS100_V1.0.5_beta\stm32_genericSTM32F103C\Debug/core.a(wirish_digital_f1.cpp.o)
                0x080057ac                pinMode(unsigned char, WiringPinMode)
 .text.__empty  0x08005830        0x2 C:\Users\Administrator\AppData\Local\Temp\VMBuilds\STM32_LORA_GS100_V1.0.5_beta\stm32_genericSTM32F103C\Debug/core.a(hooks.c.o)
                0x08005830                yield
 .text.ltoa     0x08005832       0x6e C:\Users\Administrator\AppData\Local\Temp\VMBuilds\STM32_LORA_GS100_V1.0.5_beta\stm32_genericSTM32F103C\Debug/core.a(itoa.c.o)
                0x08005832                ltoa
 .text.itoa     0x080058a0        0x4 C:\Users\Administrator\AppData\Local\Temp\VMBuilds\STM32_LORA_GS100_V1.0.5_beta\stm32_genericSTM32F103C\Debug/core.a(itoa.c.o)
                0x080058a0                itoa
 .text.ultoa    0x080058a4       0x52 C:\Users\Administrator\AppData\Local\Temp\VMBuilds\STM32_LORA_GS100_V1.0.5_beta\stm32_genericSTM32F103C\Debug/core.a(itoa.c.o)
                0x080058a4                ultoa
 .text.utoa     0x080058f6        0x4 C:\Users\Administrator\AppData\Local\Temp\VMBuilds\STM32_LORA_GS100_V1.0.5_beta\stm32_genericSTM32F103C\Debug/core.a(itoa.c.o)
                0x080058f6                utoa
 .text.gpio_init
                0x080058fa       0x14 C:\Users\Administrator\AppData\Local\Temp\VMBuilds\STM32_LORA_GS100_V1.0.5_beta\stm32_genericSTM32F103C\Debug/core.a(gpio.c.o)
                0x080058fa                gpio_init
 *fill*         0x0800590e        0x2 
 .text.usart_init
                0x08005910       0x54 C:\Users\Administrator\AppData\Local\Temp\VMBuilds\STM32_LORA_GS100_V1.0.5_beta\stm32_genericSTM32F103C\Debug/core.a(usart.c.o)
                0x08005910                usart_init
 .text.usart_enable
                0x08005964       0x14 C:\Users\Administrator\AppData\Local\Temp\VMBuilds\STM32_LORA_GS100_V1.0.5_beta\stm32_genericSTM32F103C\Debug/core.a(usart.c.o)
                0x08005964                usart_enable
 .text.usart_disable
                0x08005978       0x38 C:\Users\Administrator\AppData\Local\Temp\VMBuilds\STM32_LORA_GS100_V1.0.5_beta\stm32_genericSTM32F103C\Debug/core.a(usart.c.o)
                0x08005978                usart_disable
 .text.usart_tx
                0x080059b0       0x9c C:\Users\Administrator\AppData\Local\Temp\VMBuilds\STM32_LORA_GS100_V1.0.5_beta\stm32_genericSTM32F103C\Debug/core.a(usart.c.o)
                0x080059b0                usart_tx
 .text.usart_putudec
                0x08005a4c       0x44 C:\Users\Administrator\AppData\Local\Temp\VMBuilds\STM32_LORA_GS100_V1.0.5_beta\stm32_genericSTM32F103C\Debug/core.a(usart.c.o)
                0x08005a4c                usart_putudec
 .text.pow      0x08005a90      0x2f8 c:/users/administrator/appdata/local/arduino15/packages/arduino/tools/arm-none-eabi-gcc/4.8.3-2014q1/bin/../lib/gcc/arm-none-eabi/4.8.3/../../../../arm-none-eabi/lib/armv7-m\libm.a(lib_a-w_pow.o)
                0x08005a90                pow
 .text.__ieee754_pow
                0x08005d88      0xab8 c:/users/administrator/appdata/local/arduino15/packages/arduino/tools/arm-none-eabi-gcc/4.8.3-2014q1/bin/../lib/gcc/arm-none-eabi/4.8.3/../../../../arm-none-eabi/lib/armv7-m\libm.a(lib_a-e_pow.o)
                0x08005d88                __ieee754_pow
 .text.__ieee754_sqrt
                0x08006840      0x180 c:/users/administrator/appdata/local/arduino15/packages/arduino/tools/arm-none-eabi-gcc/4.8.3-2014q1/bin/../lib/gcc/arm-none-eabi/4.8.3/../../../../arm-none-eabi/lib/armv7-m\libm.a(lib_a-e_sqrt.o)
                0x08006840                __ieee754_sqrt
 .text.fabs     0x080069c0        0x8 c:/users/administrator/appdata/local/arduino15/packages/arduino/tools/arm-none-eabi-gcc/4.8.3-2014q1/bin/../lib/gcc/arm-none-eabi/4.8.3/../../../../arm-none-eabi/lib/armv7-m\libm.a(lib_a-s_fabs.o)
                0x080069c0                fabs
 .text.finite   0x080069c8        0xc c:/users/administrator/appdata/local/arduino15/packages/arduino/tools/arm-none-eabi-gcc/4.8.3-2014q1/bin/../lib/gcc/arm-none-eabi/4.8.3/../../../../arm-none-eabi/lib/armv7-m\libm.a(lib_a-s_finite.o)
                0x080069c8                finite
 .text.__fpclassifyd
                0x080069d4       0x50 c:/users/administrator/appdata/local/arduino15/packages/arduino/tools/arm-none-eabi-gcc/4.8.3-2014q1/bin/../lib/gcc/arm-none-eabi/4.8.3/../../../../arm-none-eabi/lib/armv7-m\libm.a(lib_a-s_fpclassify.o)
                0x080069d4                __fpclassifyd
 .text.matherr  0x08006a24        0x4 c:/users/administrator/appdata/local/arduino15/packages/arduino/tools/arm-none-eabi-gcc/4.8.3-2014q1/bin/../lib/gcc/arm-none-eabi/4.8.3/../../../../arm-none-eabi/lib/armv7-m\libm.a(lib_a-s_matherr.o)
                0x08006a24                matherr
 .text.nan      0x08006a28        0xc c:/users/administrator/appdata/local/arduino15/packages/arduino/tools/arm-none-eabi-gcc/4.8.3-2014q1/bin/../lib/gcc/arm-none-eabi/4.8.3/../../../../arm-none-eabi/lib/armv7-m\libm.a(lib_a-s_nan.o)
                0x08006a28                nan
 .text.rint     0x08006a34      0x118 c:/users/administrator/appdata/local/arduino15/packages/arduino/tools/arm-none-eabi-gcc/4.8.3-2014q1/bin/../lib/gcc/arm-none-eabi/4.8.3/../../../../arm-none-eabi/lib/armv7-m\libm.a(lib_a-s_rint.o)
                0x08006a34                rint
 *fill*         0x08006b4c        0x4 
 .text.scalbn   0x08006b50      0x100 c:/users/administrator/appdata/local/arduino15/packages/arduino/tools/arm-none-eabi-gcc/4.8.3-2014q1/bin/../lib/gcc/arm-none-eabi/4.8.3/../../../../arm-none-eabi/lib/armv7-m\libm.a(lib_a-s_scalbn.o)
                0x08006b50                scalbn
 .text.copysign
                0x08006c50       0x14 c:/users/administrator/appdata/local/arduino15/packages/arduino/tools/arm-none-eabi-gcc/4.8.3-2014q1/bin/../lib/gcc/arm-none-eabi/4.8.3/../../../../arm-none-eabi/lib/armv7-m\libm.a(lib_a-s_copysign.o)
                0x08006c50                copysign
 .text          0x08006c64      0x370 c:/users/administrator/appdata/local/arduino15/packages/arduino/tools/arm-none-eabi-gcc/4.8.3-2014q1/bin/../lib/gcc/arm-none-eabi/4.8.3/armv7-m\libgcc.a(_arm_addsubdf3.o)
                0x08006c64                __aeabi_drsub
                0x08006c6c                __aeabi_dsub
                0x08006c6c                __subdf3
                0x08006c70                __aeabi_dadd
                0x08006c70                __adddf3
                0x08006ee8                __floatunsidf
                0x08006ee8                __aeabi_ui2d
                0x08006f08                __floatsidf
                0x08006f08                __aeabi_i2d
                0x08006f2c                __aeabi_f2d
                0x08006f2c                __extendsfdf2
                0x08006f68                __floatundidf
                0x08006f68                __aeabi_ul2d
                0x08006f78                __floatdidf
                0x08006f78                __aeabi_l2d
 .text          0x08006fd4      0x424 c:/users/administrator/appdata/local/arduino15/packages/arduino/tools/arm-none-eabi-gcc/4.8.3-2014q1/bin/../lib/gcc/arm-none-eabi/4.8.3/armv7-m\libgcc.a(_arm_muldivdf3.o)
                0x08006fd4                __aeabi_dmul
                0x08006fd4                __muldf3
                0x08007228                __divdf3
                0x08007228                __aeabi_ddiv
 .text          0x080073f8      0x110 c:/users/administrator/appdata/local/arduino15/packages/arduino/tools/arm-none-eabi-gcc/4.8.3-2014q1/bin/../lib/gcc/arm-none-eabi/4.8.3/armv7-m\libgcc.a(_arm_cmpdf2.o)
                0x080073f8                __gtdf2
                0x080073f8                __gedf2
                0x08007400                __ltdf2
                0x08007400                __ledf2
                0x08007408                __nedf2
                0x08007408                __eqdf2
                0x08007408                __cmpdf2
                0x08007484                __aeabi_cdrcmple
                0x08007494                __aeabi_cdcmpeq
                0x08007494                __aeabi_cdcmple
                0x080074a4                __aeabi_dcmpeq
                0x080074b8                __aeabi_dcmplt
                0x080074cc                __aeabi_dcmple
                0x080074e0                __aeabi_dcmpge
                0x080074f4                __aeabi_dcmpgt
 .text          0x08007508       0x50 c:/users/administrator/appdata/local/arduino15/packages/arduino/tools/arm-none-eabi-gcc/4.8.3-2014q1/bin/../lib/gcc/arm-none-eabi/4.8.3/armv7-m\libgcc.a(_arm_fixdfsi.o)
                0x08007508                __aeabi_d2iz
                0x08007508                __fixdfsi
 .text          0x08007558       0x40 c:/users/administrator/appdata/local/arduino15/packages/arduino/tools/arm-none-eabi-gcc/4.8.3-2014q1/bin/../lib/gcc/arm-none-eabi/4.8.3/armv7-m\libgcc.a(_arm_fixunsdfsi.o)
                0x08007558                __aeabi_d2uiz
                0x08007558                __fixunsdfsi
 .text          0x08007598       0xa0 c:/users/administrator/appdata/local/arduino15/packages/arduino/tools/arm-none-eabi-gcc/4.8.3-2014q1/bin/../lib/gcc/arm-none-eabi/4.8.3/armv7-m\libgcc.a(_arm_truncdfsf2.o)
                0x08007598                __truncdfsf2
                0x08007598                __aeabi_d2f
 .text          0x08007638      0x21c c:/users/administrator/appdata/local/arduino15/packages/arduino/tools/arm-none-eabi-gcc/4.8.3-2014q1/bin/../lib/gcc/arm-none-eabi/4.8.3/armv7-m\libgcc.a(_arm_addsubsf3.o)
                0x08007638                __aeabi_frsub
                0x08007640                __subsf3
                0x08007640                __aeabi_fsub
                0x08007644                __aeabi_fadd
                0x08007644                __addsf3
                0x080077a4                __aeabi_ui2f
                0x080077a4                __floatunsisf
                0x080077ac                __aeabi_i2f
                0x080077ac                __floatsisf
                0x080077c8                __aeabi_ul2f
                0x080077c8                __floatundisf
                0x080077d8                __aeabi_l2f
                0x080077d8                __floatdisf
 .text          0x08007854      0x2a0 c:/users/administrator/appdata/local/arduino15/packages/arduino/tools/arm-none-eabi-gcc/4.8.3-2014q1/bin/../lib/gcc/arm-none-eabi/4.8.3/armv7-m\libgcc.a(_arm_muldivsf3.o)
                0x08007854                __mulsf3
                0x08007854                __aeabi_fmul
                0x080079bc                __aeabi_fdiv
                0x080079bc                __divsf3
 .text          0x08007af4       0xec c:/users/administrator/appdata/local/arduino15/packages/arduino/tools/arm-none-eabi-gcc/4.8.3-2014q1/bin/../lib/gcc/arm-none-eabi/4.8.3/armv7-m\libgcc.a(_arm_cmpsf2.o)
                0x08007af4                __gesf2
                0x08007af4                __gtsf2
                0x08007afc                __lesf2
                0x08007afc                __ltsf2
                0x08007b04                __nesf2
                0x08007b04                __eqsf2
                0x08007b04                __cmpsf2
                0x08007b64                __aeabi_cfrcmple
                0x08007b6c                __aeabi_cfcmpeq
                0x08007b6c                __aeabi_cfcmple
                0x08007b7c                __aeabi_fcmpeq
                0x08007b90                __aeabi_fcmplt
                0x08007ba4                __aeabi_fcmple
                0x08007bb8                __aeabi_fcmpge
                0x08007bcc                __aeabi_fcmpgt
 .text          0x08007be0       0x4c c:/users/administrator/appdata/local/arduino15/packages/arduino/tools/arm-none-eabi-gcc/4.8.3-2014q1/bin/../lib/gcc/arm-none-eabi/4.8.3/armv7-m\libgcc.a(_arm_fixsfsi.o)
                0x08007be0                __aeabi_f2iz
                0x08007be0                __fixsfsi
 .text          0x08007c2c       0x2c c:/users/administrator/appdata/local/arduino15/packages/arduino/tools/arm-none-eabi-gcc/4.8.3-2014q1/bin/../lib/gcc/arm-none-eabi/4.8.3/armv7-m\libgcc.a(_aeabi_uldivmod.o)
                0x08007c2c                __aeabi_uldivmod
 .text          0x08007c58       0x30 c:/users/administrator/appdata/local/arduino15/packages/arduino/tools/arm-none-eabi-gcc/4.8.3-2014q1/bin/../lib/gcc/arm-none-eabi/4.8.3/armv7-m\libgcc.a(_fixdfdi.o)
                0x08007c58                __fixdfdi
                0x08007c58                __aeabi_d2lz
 .text          0x08007c88       0x44 c:/users/administrator/appdata/local/arduino15/packages/arduino/tools/arm-none-eabi-gcc/4.8.3-2014q1/bin/../lib/gcc/arm-none-eabi/4.8.3/armv7-m\libgcc.a(_fixunsdfdi.o)
                0x08007c88                __fixunsdfdi
                0x08007c88                __aeabi_d2ulz
 .text          0x08007ccc       0x60 c:/users/administrator/appdata/local/arduino15/packages/arduino/tools/arm-none-eabi-gcc/4.8.3-2014q1/bin/../lib/gcc/arm-none-eabi/4.8.3/armv7-m\libgcc.a(bpabi.o)
                0x08007ccc                __gnu_ldivmod_helper
                0x08007cfc                __gnu_uldivmod_helper
 .text          0x08007d2c        0x4 c:/users/administrator/appdata/local/arduino15/packages/arduino/tools/arm-none-eabi-gcc/4.8.3-2014q1/bin/../lib/gcc/arm-none-eabi/4.8.3/armv7-m\libgcc.a(_dvmd_tls.o)
                0x08007d2c                __aeabi_idiv0
                0x08007d2c                __aeabi_ldiv0
 .text          0x08007d30      0x2a0 c:/users/administrator/appdata/local/arduino15/packages/arduino/tools/arm-none-eabi-gcc/4.8.3-2014q1/bin/../lib/gcc/arm-none-eabi/4.8.3/armv7-m\libgcc.a(_divdi3.o)
                0x08007d30                __divdi3
 .text          0x08007fd0      0x290 c:/users/administrator/appdata/local/arduino15/packages/arduino/tools/arm-none-eabi-gcc/4.8.3-2014q1/bin/../lib/gcc/arm-none-eabi/4.8.3/armv7-m\libgcc.a(_udivdi3.o)
                0x08007fd0                __udivdi3
 .text.__errno  0x08008260        0xc c:/users/administrator/appdata/local/arduino15/packages/arduino/tools/arm-none-eabi-gcc/4.8.3-2014q1/bin/../lib/gcc/arm-none-eabi/4.8.3/../../../../arm-none-eabi/lib/armv7-m\libc.a(lib_a-errno.o)
                0x08008260                __errno
 .text.exit     0x0800826c       0x20 c:/users/administrator/appdata/local/arduino15/packages/arduino/tools/arm-none-eabi-gcc/4.8.3-2014q1/bin/../lib/gcc/arm-none-eabi/4.8.3/../../../../arm-none-eabi/lib/armv7-m\libc.a(lib_a-exit.o)
                0x0800826c                exit
 .text.__libc_init_array
                0x0800828c       0x50 c:/users/administrator/appdata/local/arduino15/packages/arduino/tools/arm-none-eabi-gcc/4.8.3-2014q1/bin/../lib/gcc/arm-none-eabi/4.8.3/../../../../arm-none-eabi/lib/armv7-m\libc.a(lib_a-init.o)
                0x0800828c                __libc_init_array
 .text.malloc   0x080082dc       0x10 c:/users/administrator/appdata/local/arduino15/packages/arduino/tools/arm-none-eabi-gcc/4.8.3-2014q1/bin/../lib/gcc/arm-none-eabi/4.8.3/../../../../arm-none-eabi/lib/armv7-m\libc.a(lib_a-malloc.o)
                0x080082dc                malloc
 .text.free     0x080082ec       0x10 c:/users/administrator/appdata/local/arduino15/packages/arduino/tools/arm-none-eabi-gcc/4.8.3-2014q1/bin/../lib/gcc/arm-none-eabi/4.8.3/../../../../arm-none-eabi/lib/armv7-m\libc.a(lib_a-malloc.o)
                0x080082ec                free
 .text._malloc_r
                0x080082fc      0x538 c:/users/administrator/appdata/local/arduino15/packages/arduino/tools/arm-none-eabi-gcc/4.8.3-2014q1/bin/../lib/gcc/arm-none-eabi/4.8.3/../../../../arm-none-eabi/lib/armv7-m\libc.a(lib_a-mallocr.o)
                0x080082fc                _malloc_r
 .text          0x08008834       0xec c:/users/administrator/appdata/local/arduino15/packages/arduino/tools/arm-none-eabi-gcc/4.8.3-2014q1/bin/../lib/gcc/arm-none-eabi/4.8.3/../../../../arm-none-eabi/lib/armv7-m\libc.a(lib_a-memcpy.o)
                0x08008834                memcpy
 .text.memmove  0x08008920       0xcc c:/users/administrator/appdata/local/arduino15/packages/arduino/tools/arm-none-eabi-gcc/4.8.3-2014q1/bin/../lib/gcc/arm-none-eabi/4.8.3/../../../../arm-none-eabi/lib/armv7-m\libc.a(lib_a-memmove.o)
                0x08008920                memmove
 .text.memset   0x080089ec       0x94 c:/users/administrator/appdata/local/arduino15/packages/arduino/tools/arm-none-eabi-gcc/4.8.3-2014q1/bin/../lib/gcc/arm-none-eabi/4.8.3/../../../../arm-none-eabi/lib/armv7-m\libc.a(lib_a-memset.o)
                0x080089ec                memset
 .text.__malloc_lock
                0x08008a80        0x4 c:/users/administrator/appdata/local/arduino15/packages/arduino/tools/arm-none-eabi-gcc/4.8.3-2014q1/bin/../lib/gcc/arm-none-eabi/4.8.3/../../../../arm-none-eabi/lib/armv7-m\libc.a(lib_a-mlock.o)
                0x08008a80                __malloc_lock
 .text.__malloc_unlock
                0x08008a84        0x4 c:/users/administrator/appdata/local/arduino15/packages/arduino/tools/arm-none-eabi-gcc/4.8.3-2014q1/bin/../lib/gcc/arm-none-eabi/4.8.3/../../../../arm-none-eabi/lib/armv7-m\libc.a(lib_a-mlock.o)
                0x08008a84                __malloc_unlock
 .text.rand     0x08008a88       0x40 c:/users/administrator/appdata/local/arduino15/packages/arduino/tools/arm-none-eabi-gcc/4.8.3-2014q1/bin/../lib/gcc/arm-none-eabi/4.8.3/../../../../arm-none-eabi/lib/armv7-m\libc.a(lib_a-rand.o)
                0x08008a88                rand
 .text.realloc  0x08008ac8       0x10 c:/users/administrator/appdata/local/arduino15/packages/arduino/tools/arm-none-eabi-gcc/4.8.3-2014q1/bin/../lib/gcc/arm-none-eabi/4.8.3/../../../../arm-none-eabi/lib/armv7-m\libc.a(lib_a-realloc.o)
                0x08008ac8                realloc
 .text._realloc_r
                0x08008ad8      0x3c0 c:/users/administrator/appdata/local/arduino15/packages/arduino/tools/arm-none-eabi-gcc/4.8.3-2014q1/bin/../lib/gcc/arm-none-eabi/4.8.3/../../../../arm-none-eabi/lib/armv7-m\libc.a(lib_a-reallocr.o)
                0x08008ad8                _realloc_r
 .text._sbrk_r  0x08008e98       0x24 c:/users/administrator/appdata/local/arduino15/packages/arduino/tools/arm-none-eabi-gcc/4.8.3-2014q1/bin/../lib/gcc/arm-none-eabi/4.8.3/../../../../arm-none-eabi/lib/armv7-m\libc.a(lib_a-sbrkr.o)
                0x08008e98                _sbrk_r
 .text.sprintf  0x08008ebc       0x4c c:/users/administrator/appdata/local/arduino15/packages/arduino/tools/arm-none-eabi-gcc/4.8.3-2014q1/bin/../lib/gcc/arm-none-eabi/4.8.3/../../../../arm-none-eabi/lib/armv7-m\libc.a(lib_a-sprintf.o)
                0x08008ebc                sprintf
 .text.strcpy   0x08008f08       0xbc c:/users/administrator/appdata/local/arduino15/packages/arduino/tools/arm-none-eabi-gcc/4.8.3-2014q1/bin/../lib/gcc/arm-none-eabi/4.8.3/../../../../arm-none-eabi/lib/armv7-m\libc.a(lib_a-strcpy.o)
                0x08008f08                strcpy
 .text.strlen   0x08008fc4       0x60 c:/users/administrator/appdata/local/arduino15/packages/arduino/tools/arm-none-eabi-gcc/4.8.3-2014q1/bin/../lib/gcc/arm-none-eabi/4.8.3/../../../../arm-none-eabi/lib/armv7-m\libc.a(lib_a-strlen.o)
                0x08008fc4                strlen
 .text._svfprintf_r
                0x08009024     0x14e0 c:/users/administrator/appdata/local/arduino15/packages/arduino/tools/arm-none-eabi-gcc/4.8.3-2014q1/bin/../lib/gcc/arm-none-eabi/4.8.3/../../../../arm-none-eabi/lib/armv7-m\libc.a(lib_a-svfprintf.o)
                0x08009024                _svfprintf_r
 .text.startup.register_fini
                0x0800a504       0x14 c:/users/administrator/appdata/local/arduino15/packages/arduino/tools/arm-none-eabi-gcc/4.8.3-2014q1/bin/../lib/gcc/arm-none-eabi/4.8.3/../../../../arm-none-eabi/lib/armv7-m\libc.a(lib_a-__call_atexit.o)
 .text.__call_exitprocs
                0x0800a518       0xf0 c:/users/administrator/appdata/local/arduino15/packages/arduino/tools/arm-none-eabi-gcc/4.8.3-2014q1/bin/../lib/gcc/arm-none-eabi/4.8.3/../../../../arm-none-eabi/lib/armv7-m\libc.a(lib_a-__call_atexit.o)
                0x0800a518                __call_exitprocs
 .text.atexit   0x0800a608        0xc c:/users/administrator/appdata/local/arduino15/packages/arduino/tools/arm-none-eabi-gcc/4.8.3-2014q1/bin/../lib/gcc/arm-none-eabi/4.8.3/../../../../arm-none-eabi/lib/armv7-m\libc.a(lib_a-atexit.o)
                0x0800a608                atexit
 .text.quorem   0x0800a614      0x134 c:/users/administrator/appdata/local/arduino15/packages/arduino/tools/arm-none-eabi-gcc/4.8.3-2014q1/bin/../lib/gcc/arm-none-eabi/4.8.3/../../../../arm-none-eabi/lib/armv7-m\libc.a(lib_a-dtoa.o)